Archive member included to satisfy reference by file (symbol)

c:/armtools/9_2020-q2-update/bin/../lib/gcc/arm-none-eabi/9.3.1/../../../../arm-none-eabi/lib/thumb/v6-m/nofp\libstdc++_nano.a(atexit_arm.o)
                              ./mtr_libs/BaseDataManager/BaseDataManager.o (__aeabi_atexit)
c:/armtools/9_2020-q2-update/bin/../lib/gcc/arm-none-eabi/9.3.1/../../../../arm-none-eabi/lib/thumb/v6-m/nofp\libstdc++_nano.a(class_type_info.o)
                              ./mtr_libs/BaseDataManager/BaseDataManager.o (vtable for __cxxabiv1::__class_type_info)
c:/armtools/9_2020-q2-update/bin/../lib/gcc/arm-none-eabi/9.3.1/../../../../arm-none-eabi/lib/thumb/v6-m/nofp\libstdc++_nano.a(del_op.o)
                              ./mtr_libs/BaseDataManager/BaseDataManager.o (operator delete(void*))
c:/armtools/9_2020-q2-update/bin/../lib/gcc/arm-none-eabi/9.3.1/../../../../arm-none-eabi/lib/thumb/v6-m/nofp\libstdc++_nano.a(del_ops.o)
                              ./src/inits.o (operator delete(void*, unsigned int))
c:/armtools/9_2020-q2-update/bin/../lib/gcc/arm-none-eabi/9.3.1/../../../../arm-none-eabi/lib/thumb/v6-m/nofp\libstdc++_nano.a(eh_arm.o)
                              ./src/inits.o (__cxa_end_cleanup)
c:/armtools/9_2020-q2-update/bin/../lib/gcc/arm-none-eabi/9.3.1/../../../../arm-none-eabi/lib/thumb/v6-m/nofp\libstdc++_nano.a(eh_exception.o)
                              c:/armtools/9_2020-q2-update/bin/../lib/gcc/arm-none-eabi/9.3.1/../../../../arm-none-eabi/lib/thumb/v6-m/nofp\libstdc++_nano.a(eh_arm.o) (typeinfo for __cxxabiv1::__forced_unwind)
c:/armtools/9_2020-q2-update/bin/../lib/gcc/arm-none-eabi/9.3.1/../../../../arm-none-eabi/lib/thumb/v6-m/nofp\libstdc++_nano.a(eh_globals.o)
                              c:/armtools/9_2020-q2-update/bin/../lib/gcc/arm-none-eabi/9.3.1/../../../../arm-none-eabi/lib/thumb/v6-m/nofp\libstdc++_nano.a(eh_arm.o) (__cxa_get_globals)
c:/armtools/9_2020-q2-update/bin/../lib/gcc/arm-none-eabi/9.3.1/../../../../arm-none-eabi/lib/thumb/v6-m/nofp\libstdc++_nano.a(eh_personality.o)
                              ./src/inits.o (__gxx_personality_v0)
c:/armtools/9_2020-q2-update/bin/../lib/gcc/arm-none-eabi/9.3.1/../../../../arm-none-eabi/lib/thumb/v6-m/nofp\libstdc++_nano.a(eh_terminate.o)
                              c:/armtools/9_2020-q2-update/bin/../lib/gcc/arm-none-eabi/9.3.1/../../../../arm-none-eabi/lib/thumb/v6-m/nofp\libstdc++_nano.a(eh_arm.o) (std::terminate())
c:/armtools/9_2020-q2-update/bin/../lib/gcc/arm-none-eabi/9.3.1/../../../../arm-none-eabi/lib/thumb/v6-m/nofp\libstdc++_nano.a(eh_unex_handler.o)
                              c:/armtools/9_2020-q2-update/bin/../lib/gcc/arm-none-eabi/9.3.1/../../../../arm-none-eabi/lib/thumb/v6-m/nofp\libstdc++_nano.a(eh_terminate.o) (__cxxabiv1::__unexpected_handler)
c:/armtools/9_2020-q2-update/bin/../lib/gcc/arm-none-eabi/9.3.1/../../../../arm-none-eabi/lib/thumb/v6-m/nofp\libstdc++_nano.a(new_op.o)
                              ./src/inits.o (operator new(unsigned int))
c:/armtools/9_2020-q2-update/bin/../lib/gcc/arm-none-eabi/9.3.1/../../../../arm-none-eabi/lib/thumb/v6-m/nofp\libstdc++_nano.a(pure.o)
                              c:/armtools/9_2020-q2-update/bin/../lib/gcc/arm-none-eabi/9.3.1/../../../../arm-none-eabi/lib/thumb/v6-m/nofp\libstdc++_nano.a(eh_exception.o) (__cxa_pure_virtual)
c:/armtools/9_2020-q2-update/bin/../lib/gcc/arm-none-eabi/9.3.1/../../../../arm-none-eabi/lib/thumb/v6-m/nofp\libstdc++_nano.a(si_class_type_info.o)
                              ./classes/DataManager.o (vtable for __cxxabiv1::__si_class_type_info)
c:/armtools/9_2020-q2-update/bin/../lib/gcc/arm-none-eabi/9.3.1/../../../../arm-none-eabi/lib/thumb/v6-m/nofp\libstdc++_nano.a(tinfo.o)
                              c:/armtools/9_2020-q2-update/bin/../lib/gcc/arm-none-eabi/9.3.1/../../../../arm-none-eabi/lib/thumb/v6-m/nofp\libstdc++_nano.a(class_type_info.o) (std::type_info::~type_info())
c:/armtools/9_2020-q2-update/bin/../lib/gcc/arm-none-eabi/9.3.1/../../../../arm-none-eabi/lib/thumb/v6-m/nofp\libstdc++_nano.a(functexcept.o)
                              ./mtr_libs/BaseCanDataNetwork/BaseCanNetwork.o (std::__throw_bad_alloc())
c:/armtools/9_2020-q2-update/bin/../lib/gcc/arm-none-eabi/9.3.1/../../../../arm-none-eabi/lib/thumb/v6-m/nofp\libstdc++_nano.a(snprintf_lite.o)
                              c:/armtools/9_2020-q2-update/bin/../lib/gcc/arm-none-eabi/9.3.1/../../../../arm-none-eabi/lib/thumb/v6-m/nofp\libstdc++_nano.a(functexcept.o) (__gnu_cxx::__snprintf_lite(char*, unsigned int, char const*, std::__va_list))
c:/armtools/9_2020-q2-update/bin/../lib/gcc/arm-none-eabi/9.3.1/../../../../arm-none-eabi/lib/thumb/v6-m/nofp\libstdc++_nano.a(eh_call.o)
                              c:/armtools/9_2020-q2-update/bin/../lib/gcc/arm-none-eabi/9.3.1/../../../../arm-none-eabi/lib/thumb/v6-m/nofp\libstdc++_nano.a(eh_personality.o) (__cxa_call_terminate)
[...]
Memory Configuration

Name             Origin             Length             Attributes
FLASH            0x00000000         0x0001f000         xr
RAM              0x20000000         0x00008000         rw
IRAM             0x20100000         0x00004000         xrw
*default*        0x00000000         0xffffffff

Linker script and memory map

LOAD c:/armtools/9_2020-q2-update/bin/../lib/gcc/arm-none-eabi/9.3.1/thumb/v6-m/nofp/crti.o
LOAD c:/armtools/9_2020-q2-update/bin/../lib/gcc/arm-none-eabi/9.3.1/thumb/v6-m/nofp/crtbegin.o
LOAD c:/armtools/9_2020-q2-update/bin/../lib/gcc/arm-none-eabi/9.3.1/../../../../arm-none-eabi/lib/thumb/v6-m/nofp/crt0.o
LOAD ./src/inits.o
LOAD ./src/tasks.o
LOAD ./mtr_libs/mtr_usb_cdc/mtr_usb_cdc.o
LOAD ./mtr_libs/mtr_uart_base/mtr_uart_base.o
LOAD ./mtr_libs/mtr_timer/mtr_timer.o
LOAD ./mtr_libs/mtr_tcpip/mtr_tcpip.o
LOAD ./mtr_libs/mtr_service/mtr_service.o
LOAD ./mtr_libs/mtr_port/mtr_port.o
LOAD ./mtr_libs/mtr_planner/mtr_planner.o
LOAD ./mtr_libs/mtr_modbus_slave/mtr_modbus_slave.o
LOAD ./mtr_libs/mtr_modbus_base/mtr_modbus_base.o
LOAD ./mtr_libs/mtr_modbus/mtr_modbus.o
LOAD ./mtr_libs/mtr_led/mtr_led.o
LOAD ./mtr_libs/mtr_ethernet/mtr_ethernet.o
LOAD ./mtr_libs/mtr_eeprom/mtr_eeprom.o
LOAD ./mtr_libs/mtr_crc/mtr_crc.o
LOAD ./mtr_libs/mtr_can/mtr_can.o
LOAD ./mtr_libs/mtr_button/mtr_button.o
LOAD ./mtr_libs/SlaveModbusDevice/SlaveModbusDevice.o
LOAD ./mtr_libs/BaseNetworkDevices/ModbusDevice.o
LOAD ./mtr_libs/BaseNetworkDevices/NetworkDevice.o
LOAD ./mtr_libs/BaseDataManager/BaseDataManager.o
LOAD ./mtr_libs/BaseCanDataNetwork/BaseCanNetwork.o
LOAD ./mtr_libs/Addressing/addressing.o
LOAD ./cmsis_lib/src/MDR32F9Qx_adc.o
LOAD ./cmsis_lib/src/MDR32F9Qx_arinc429r.o
LOAD ./cmsis_lib/src/MDR32F9Qx_arinc429t.o
LOAD ./cmsis_lib/src/MDR32F9Qx_audio.o
LOAD ./cmsis_lib/src/MDR32F9Qx_bkp.o
LOAD ./cmsis_lib/src/MDR32F9Qx_can.o
LOAD ./cmsis_lib/src/MDR32F9Qx_comp.o
LOAD ./cmsis_lib/src/MDR32F9Qx_dac.o
LOAD ./cmsis_lib/src/MDR32F9Qx_dma.o
LOAD ./cmsis_lib/src/MDR32F9Qx_dsp.o
LOAD ./cmsis_lib/src/MDR32F9Qx_ebc.o
LOAD ./cmsis_lib/src/MDR32F9Qx_eeprom.o
LOAD ./cmsis_lib/src/MDR32F9Qx_eth.o
LOAD ./cmsis_lib/src/MDR32F9Qx_i2c.o
LOAD ./cmsis_lib/src/MDR32F9Qx_iwdg.o
LOAD ./cmsis_lib/src/MDR32F9Qx_keypad.o
LOAD ./cmsis_lib/src/MDR32F9Qx_led.o
LOAD ./cmsis_lib/src/MDR32F9Qx_mil_std_1553.o
LOAD ./cmsis_lib/src/MDR32F9Qx_port.o
LOAD ./cmsis_lib/src/MDR32F9Qx_power.o
LOAD ./cmsis_lib/src/MDR32F9Qx_rst_clk.o
LOAD ./cmsis_lib/src/MDR32F9Qx_sdio.o
LOAD ./cmsis_lib/src/MDR32F9Qx_ssp.o
LOAD ./cmsis_lib/src/MDR32F9Qx_timer.o
LOAD ./cmsis_lib/src/MDR32F9Qx_uart.o
LOAD ./cmsis_lib/src/MDR32F9Qx_usb.o
LOAD ./cmsis_lib/src/MDR32F9Qx_usb_CDC.o
LOAD ./cmsis_lib/src/MDR32F9Qx_usb_device.o
LOAD ./cmsis_lib/src/MDR32F9Qx_wwdg.o
LOAD ./cmsis_boot/startup/startup_MDR1986VE1T.o
LOAD ./cmsis_boot/system_MDR1986VE1T.o
LOAD ./classes/NetworkDevicesRS/VideoModule.o
LOAD ./classes/NetworkCAN/CanNetworking.o
LOAD ./classes/DataModel/Servo.o
LOAD ./classes/DataManager.o
LOAD ./main.o
LOAD c:/armtools/9_2020-q2-update/bin/../lib/gcc/arm-none-eabi/9.3.1/../../../../arm-none-eabi/lib/thumb/v6-m/nofp\libstdc++_nano.a
LOAD c:/armtools/9_2020-q2-update/bin/../lib/gcc/arm-none-eabi/9.3.1/../../../../arm-none-eabi/lib/thumb/v6-m/nofp\libm.a
START GROUP
LOAD c:/armtools/9_2020-q2-update/bin/../lib/gcc/arm-none-eabi/9.3.1/thumb/v6-m/nofp\libgcc.a
LOAD c:/armtools/9_2020-q2-update/bin/../lib/gcc/arm-none-eabi/9.3.1/../../../../arm-none-eabi/lib/thumb/v6-m/nofp\libg_nano.a
LOAD c:/armtools/9_2020-q2-update/bin/../lib/gcc/arm-none-eabi/9.3.1/../../../../arm-none-eabi/lib/thumb/v6-m/nofp\libc_nano.a
END GROUP
START GROUP
LOAD c:/armtools/9_2020-q2-update/bin/../lib/gcc/arm-none-eabi/9.3.1/thumb/v6-m/nofp\libgcc.a
LOAD c:/armtools/9_2020-q2-update/bin/../lib/gcc/arm-none-eabi/9.3.1/../../../../arm-none-eabi/lib/thumb/v6-m/nofp\libc_nano.a
LOAD c:/armtools/9_2020-q2-update/bin/../lib/gcc/arm-none-eabi/9.3.1/../../../../arm-none-eabi/lib/thumb/v6-m/nofp\libnosys.a
END GROUP
START GROUP
LOAD c:/armtools/9_2020-q2-update/bin/../lib/gcc/arm-none-eabi/9.3.1/thumb/v6-m/nofp\libgcc.a
LOAD c:/armtools/9_2020-q2-update/bin/../lib/gcc/arm-none-eabi/9.3.1/../../../../arm-none-eabi/lib/thumb/v6-m/nofp\libc_nano.a
LOAD c:/armtools/9_2020-q2-update/bin/../lib/gcc/arm-none-eabi/9.3.1/../../../../arm-none-eabi/lib/thumb/v6-m/nofp\libnosys.a
END GROUP
LOAD c:/armtools/9_2020-q2-update/bin/../lib/gcc/arm-none-eabi/9.3.1/thumb/v6-m/nofp/crtend.o
LOAD c:/armtools/9_2020-q2-update/bin/../lib/gcc/arm-none-eabi/9.3.1/thumb/v6-m/nofp/crtn.o

.text           0x00000000     0xbfc0
 *(.isr_vector)
 .isr_vector    0x00000000       0xc0 ./cmsis_boot/startup/startup_MDR1986VE1T.o
                0x00000000                __isr_vector
 *(.text*)
 .text          0x000000c0       0x48 c:/armtools/9_2020-q2-update/bin/../lib/gcc/arm-none-eabi/9.3.1/thumb/v6-m/nofp/crtbegin.o
 .text          0x00000108       0x80 c:/armtools/9_2020-q2-update/bin/../lib/gcc/arm-none-eabi/9.3.1/../../../../arm-none-eabi/lib/thumb/v6-m/nofp/crt0.o
                0x00000108                _stack_init
                0x00000114                _start
                0x00000114                _mainCRTStartup
 .text._ZZ11initPlannervENUlvE1_4_FUNEv
                0x00000188       0x10 ./src/inits.o
 .text._ZZ11initPlannervENUlvE0_4_FUNEv
                0x00000198       0x10 ./src/inits.o
 .text._ZZ11initPlannervENUlvE_4_FUNEv
                0x000001a8       0x10 ./src/inits.o
 .text._Z14initBeforeDatav
                0x000001b8       0x6c ./src/inits.o
                0x000001b8                initBeforeData()
 .text._Z8initGPIOv
                0x00000224       0x72 ./src/inits.o
                0x00000224                initGPIO()
 *fill*         0x00000296        0x2 
 .text._Z11initNetworkv
                0x00000298      0x1f0 ./src/inits.o
                0x00000298                initNetwork()
 .text._Z13initAfterDatav
                0x00000488      0x2b4 ./src/inits.o
                0x00000488                initAfterData()
 .text._Z11initPlannerv
                0x0000073c       0xe0 ./src/inits.o
                0x0000073c                initPlanner()
 .text._Z15modbusPollUart1v
                0x0000081c       0xcc ./src/tasks.o
                0x0000081c                modbusPollUart1()
 .text._Z26noCommandTimeoutInternalRSv
                0x000008e8       0x2c ./src/tasks.o
                0x000008e8                noCommandTimeoutInternalRS()
 .text._Z17resetBlinkWorkLedv
                0x00000914       0x18 ./src/tasks.o
                0x00000914                resetBlinkWorkLed()
 .text._Z16switchWarningLedv
                0x0000092c        0xa ./src/tasks.o
                0x0000092c                switchWarningLed()
 *fill*         0x00000936        0x2 
 .text._Z15modbusPollUart2v
                0x00000938       0x38 ./src/tasks.o
                0x00000938                modbusPollUart2()
 .text._Z15setBlinkWorkLedv
                0x00000970       0x24 ./src/tasks.o
                0x00000970                setBlinkWorkLed()
 .text.MTR_Button_buttonPressed
                0x00000994       0x70 ./src/tasks.o
                0x00000994                MTR_Button_buttonPressed
 .text.MTR_Button_buttonReleased
                0x00000a04       0x80 ./src/tasks.o
                0x00000a04                MTR_Button_buttonReleased
 .text.MTR_Modbus_master_callbackAfterProccess
                0x00000a84       0x20 ./src/tasks.o
                0x00000a84                MTR_Modbus_master_callbackAfterProccess
 .text.MTR_Uart_initGPIO
                0x00000aa4       0x50 ./mtr_libs/mtr_uart_base/mtr_uart_base.o
                0x00000aa4                MTR_Uart_initGPIO
 .text.MTR_Uart_start
                0x00000af4       0x1c ./mtr_libs/mtr_uart_base/mtr_uart_base.o
                0x00000af4                MTR_Uart_start
 .text.MTR_Uart_getSettingsStruct
                0x00000b10       0x18 ./mtr_libs/mtr_uart_base/mtr_uart_base.o
                0x00000b10                MTR_Uart_getSettingsStruct
 .text.MTR_Uart_setType
                0x00000b28       0x14 ./mtr_libs/mtr_uart_base/mtr_uart_base.o
                0x00000b28                MTR_Uart_setType
 .text.MTR_Uart_setSpeed
                0x00000b3c       0xc0 ./mtr_libs/mtr_uart_base/mtr_uart_base.o
                0x00000b3c                MTR_Uart_setSpeed
 .text.MTR_Uart_addByte
                0x00000bfc       0x48 ./mtr_libs/mtr_uart_base/mtr_uart_base.o
                0x00000bfc                MTR_Uart_addByte
 .text.MTR_Uart_addHalfWord
                0x00000c44       0x16 ./mtr_libs/mtr_uart_base/mtr_uart_base.o
                0x00000c44                MTR_Uart_addHalfWord
 *fill*         0x00000c5a        0x2 
 .text.MTR_Uart_addArray
                0x00000c5c       0x4c ./mtr_libs/mtr_uart_base/mtr_uart_base.o
                0x00000c5c                MTR_Uart_addArray
 .text.MTR_Uart_addByteToRxBuffer
                0x00000ca8       0x74 ./mtr_libs/mtr_uart_base/mtr_uart_base.o
                0x00000ca8                MTR_Uart_addByteToRxBuffer
 .text.MTR_Uart_resetBuffer
                0x00000d1c       0x14 ./mtr_libs/mtr_uart_base/mtr_uart_base.o
                0x00000d1c                MTR_Uart_resetBuffer
 .text.MTR_Uart_resetRxPointer
                0x00000d30       0x24 ./mtr_libs/mtr_uart_base/mtr_uart_base.o
                0x00000d30                MTR_Uart_resetRxPointer
 .text.MTR_Uart_resetTxPointer
                0x00000d54       0x30 ./mtr_libs/mtr_uart_base/mtr_uart_base.o
                0x00000d54                MTR_Uart_resetTxPointer
 .text.MTR_Uart_setDirection
                0x00000d84       0xe4 ./mtr_libs/mtr_uart_base/mtr_uart_base.o
                0x00000d84                MTR_Uart_setDirection
 .text.MTR_Uart_getDirection
                0x00000e68       0x30 ./mtr_libs/mtr_uart_base/mtr_uart_base.o
                0x00000e68                MTR_Uart_getDirection
 .text.MTR_Uart_sendNextByte
                0x00000e98       0x6c ./mtr_libs/mtr_uart_base/mtr_uart_base.o
                0x00000e98                MTR_Uart_sendNextByte
 .text.MTR_Uart_clearITbit
                0x00000f04       0x18 ./mtr_libs/mtr_uart_base/mtr_uart_base.o
                0x00000f04                MTR_Uart_clearITbit
 .text.MTR_Uart_enableInterrupts
                0x00000f1c       0x54 ./mtr_libs/mtr_uart_base/mtr_uart_base.o
                0x00000f1c                MTR_Uart_enableInterrupts
 .text.MTR_Uart_initNvic
                0x00000f70       0x8c ./mtr_libs/mtr_uart_base/mtr_uart_base.o
                0x00000f70                MTR_Uart_initNvic
 .text.MTR_Uart_setTxPin
                0x00000ffc       0x30 ./mtr_libs/mtr_uart_base/mtr_uart_base.o
                0x00000ffc                MTR_Uart_setTxPin
 .text.MTR_Uart_setRxPin
                0x0000102c       0x34 ./mtr_libs/mtr_uart_base/mtr_uart_base.o
                0x0000102c                MTR_Uart_setRxPin
 .text.MTR_Uart_setEnPin
                0x00001060       0x28 ./mtr_libs/mtr_uart_base/mtr_uart_base.o
                0x00001060                MTR_Uart_setEnPin
 .text.MTR_Uart_getCommunicationStruct
                0x00001088       0x14 ./mtr_libs/mtr_uart_base/mtr_uart_base.o
                0x00001088                MTR_Uart_getCommunicationStruct
 .text.MTR_Uart_getTimerBaudSpeed
                0x0000109c        0xc ./mtr_libs/mtr_uart_base/mtr_uart_base.o
                0x0000109c                MTR_Uart_getTimerBaudSpeed
 .text.MTR_Uart_setNumOfRepeats
                0x000010a8       0x3c ./mtr_libs/mtr_uart_base/mtr_uart_base.o
                0x000010a8                MTR_Uart_setNumOfRepeats
 .text.MTR_Uart_timerReset
                0x000010e4       0x4c ./mtr_libs/mtr_uart_base/mtr_uart_base.o
                0x000010e4                MTR_Uart_timerReset
 .text.MTR_Uart_timerInit
                0x00001130       0x54 ./mtr_libs/mtr_uart_base/mtr_uart_base.o
 .text.MTR_Uart_init
                0x00001184      0x19c ./mtr_libs/mtr_uart_base/mtr_uart_base.o
                0x00001184                MTR_Uart_init
 .text.MTR_Uart_timerRefresh
                0x00001320       0x38 ./mtr_libs/mtr_uart_base/mtr_uart_base.o
                0x00001320                MTR_Uart_timerRefresh
 .text.MTR_Uart_initTransmite
                0x00001358       0x40 ./mtr_libs/mtr_uart_base/mtr_uart_base.o
                0x00001358                MTR_Uart_initTransmite
 .text.MTR_Uart_callCallbacks
                0x00001398      0x158 ./mtr_libs/mtr_uart_base/mtr_uart_base.o
                0x00001398                MTR_Uart_callCallbacks
 .text.MTR_Uart_updateTimerNumsFromIRQ
                0x000014f0       0xe0 ./mtr_libs/mtr_uart_base/mtr_uart_base.o
                0x000014f0                MTR_Uart_updateTimerNumsFromIRQ
 .text.MTR_Uart_rxInterruptHandler
                0x000015d0       0x30 ./mtr_libs/mtr_uart_base/mtr_uart_base.o
                0x000015d0                MTR_Uart_rxInterruptHandler
 .text.UART1_IRQHandler
                0x00001600       0x70 ./mtr_libs/mtr_uart_base/mtr_uart_base.o
                0x00001600                UART1_IRQHandler
 .text.UART2_IRQHandler
                0x00001670       0x70 ./mtr_libs/mtr_uart_base/mtr_uart_base.o
                0x00001670                UART2_IRQHandler
 .text.Timer3_IRQHandler
                0x000016e0       0x94 ./mtr_libs/mtr_uart_base/mtr_uart_base.o
                0x000016e0                Timer3_IRQHandler
 .text.MTR_Timer_init
                0x00001774       0x70 ./mtr_libs/mtr_timer/mtr_timer.o
                0x00001774                MTR_Timer_init
 .text.MTR_Timer_deInit
                0x000017e4       0x14 ./mtr_libs/mtr_timer/mtr_timer.o
                0x000017e4                MTR_Timer_deInit
 .text.MTR_Timer_initNvic
                0x000017f8       0x7c ./mtr_libs/mtr_timer/mtr_timer.o
                0x000017f8                MTR_Timer_initNvic
 .text.MTR_Timer_initIT
                0x00001874       0x14 ./mtr_libs/mtr_timer/mtr_timer.o
                0x00001874                MTR_Timer_initIT
 .text.MTR_Timer_stop
                0x00001888       0x18 ./mtr_libs/mtr_timer/mtr_timer.o
                0x00001888                MTR_Timer_stop
 .text.MTR_Timer_start
                0x000018a0       0x18 ./mtr_libs/mtr_timer/mtr_timer.o
                0x000018a0                MTR_Timer_start
 .text.MTR_Timer_setCounter
                0x000018b8       0x14 ./mtr_libs/mtr_timer/mtr_timer.o
                0x000018b8                MTR_Timer_setCounter
 .text.MTR_Timer_setCountDirection
                0x000018cc       0x14 ./mtr_libs/mtr_timer/mtr_timer.o
                0x000018cc                MTR_Timer_setCountDirection
 .text.MTR_Timer_getOriginStruct
                0x000018e0       0x10 ./mtr_libs/mtr_timer/mtr_timer.o
                0x000018e0                MTR_Timer_getOriginStruct
 .text.MTR_Timer_setPriority
                0x000018f0       0x70 ./mtr_libs/mtr_timer/mtr_timer.o
                0x000018f0                MTR_Timer_setPriority
 .text.MTR_Timer_getIrq
                0x00001960       0x10 ./mtr_libs/mtr_timer/mtr_timer.o
                0x00001960                MTR_Timer_getIrq
 .text._Z13CopyFromFramePvPtm
                0x00001970       0x20 ./mtr_libs/mtr_tcpip/mtr_tcpip.o
                0x00001970                CopyFromFrame(void*, unsigned short*, unsigned long)
 .text._Z15TCPLowLevelInitt
                0x00001990       0x94 ./mtr_libs/mtr_tcpip/mtr_tcpip.o
                0x00001990                TCPLowLevelInit(unsigned short)
 .text.MTR_Tcp_init
                0x00001a24       0x20 ./mtr_libs/mtr_tcpip/mtr_tcpip.o
                0x00001a24                MTR_Tcp_init
 .text._Z14TCPPassiveOpenv
                0x00001a44       0x28 ./mtr_libs/mtr_tcpip/mtr_tcpip.o
                0x00001a44                TCPPassiveOpen()
 .text._Z18TCPReleaseRxBufferv
                0x00001a6c       0x10 ./mtr_libs/mtr_tcpip/mtr_tcpip.o
                0x00001a6c                TCPReleaseRxBuffer()
 .text._Z18PrepareARP_REQUESTv
                0x00001a7c       0xe4 ./mtr_libs/mtr_tcpip/mtr_tcpip.o
                0x00001a7c                PrepareARP_REQUEST()
 .text._Z17PrepareARP_ANSWERv
                0x00001b60       0xac ./mtr_libs/mtr_tcpip/mtr_tcpip.o
                0x00001b60                PrepareARP_ANSWER()
 .text.ProcessEthBroadcastFrame
                0x00001c0c       0x9c ./mtr_libs/mtr_tcpip/mtr_tcpip.o
                0x00001c0c                ProcessEthBroadcastFrame
 .text.MTR_Tcp_setAddress
                0x00001ca8       0x14 ./mtr_libs/mtr_tcpip/mtr_tcpip.o
                0x00001ca8                MTR_Tcp_setAddress
 .text.MTR_Tcp_setGateway
                0x00001cbc       0x14 ./mtr_libs/mtr_tcpip/mtr_tcpip.o
                0x00001cbc                MTR_Tcp_setGateway
 .text.MTR_Tcp_setMask
                0x00001cd0       0x14 ./mtr_libs/mtr_tcpip/mtr_tcpip.o
                0x00001cd0                MTR_Tcp_setMask
 .text.MTR_Tcp_getReceivedData
                0x00001ce4        0x8 ./mtr_libs/mtr_tcpip/mtr_tcpip.o
                0x00001ce4                MTR_Tcp_getReceivedData
 .text.MTR_Tcp_getPortStruct
                0x00001cec        0x8 ./mtr_libs/mtr_tcpip/mtr_tcpip.o
                0x00001cec                MTR_Tcp_getPortStruct
 .text._Z12CalcChecksumPvtt
                0x00001cf4       0x64 ./mtr_libs/mtr_tcpip/mtr_tcpip.o
                0x00001cf4                CalcChecksum(void*, unsigned short, unsigned short)
 .text._Z16CalcChecksum_TCPPvS_tmh
                0x00001d58       0x8c ./mtr_libs/mtr_tcpip/mtr_tcpip.o
                0x00001d58                CalcChecksum_TCP(void*, void*, unsigned short, unsigned long, unsigned char)
 .text._Z19standard_chksum_optPvmh
                0x00001de4       0xdc ./mtr_libs/mtr_tcpip/mtr_tcpip.o
                0x00001de4                standard_chksum_opt(void*, unsigned long, unsigned char)
 .text._Z18TCPStartRetryTimerv
                0x00001ec0       0x2c ./mtr_libs/mtr_tcpip/mtr_tcpip.o
                0x00001ec0                TCPStartRetryTimer()
 .text._Z19TCPTransmitTxBuffermPh
                0x00001eec       0x6c ./mtr_libs/mtr_tcpip/mtr_tcpip.o
                0x00001eec                TCPTransmitTxBuffer(unsigned long, unsigned char*)
 .text.MTR_Tcp_sendData
                0x00001f58        0x8 ./mtr_libs/mtr_tcpip/mtr_tcpip.o
                0x00001f58                MTR_Tcp_sendData
 .text._Z21TCPStartTimeWaitTimerv
                0x00001f60       0x20 ./mtr_libs/mtr_tcpip/mtr_tcpip.o
                0x00001f60                TCPStartTimeWaitTimer()
 .text._Z15TCPRestartTimerv
                0x00001f80        0xc ./mtr_libs/mtr_tcpip/mtr_tcpip.o
                0x00001f80                TCPRestartTimer()
 .text._Z12TCPStopTimerv
                0x00001f8c       0x10 ./mtr_libs/mtr_tcpip/mtr_tcpip.o
                0x00001f8c                TCPStopTimer()
 .text._Z16TCPHandleTimeoutv
                0x00001f9c       0x34 ./mtr_libs/mtr_tcpip/mtr_tcpip.o
                0x00001f9c                TCPHandleTimeout()
 .text._Z15TCPClockHandlerv
                0x00001fd0       0x4c ./mtr_libs/mtr_tcpip/mtr_tcpip.o
                0x00001fd0                TCPClockHandler()
 .text._Z8WriteWBEPht
                0x0000201c        0x8 ./mtr_libs/mtr_tcpip/mtr_tcpip.o
                0x0000201c                WriteWBE(unsigned char*, unsigned short)
 .text._Z22PrepareICMP_ECHO_REPLYv
                0x00002024      0x114 ./mtr_libs/mtr_tcpip/mtr_tcpip.o
                0x00002024                PrepareICMP_ECHO_REPLY()
 .text.ProcessICMPFrame
                0x00002138       0x24 ./mtr_libs/mtr_tcpip/mtr_tcpip.o
                0x00002138                ProcessICMPFrame
 .text._Z9WriteDWBEPhm
                0x0000215c       0x10 ./mtr_libs/mtr_tcpip/mtr_tcpip.o
                0x0000215c                WriteDWBE(unsigned char*, unsigned long)
 .text._Z16PrepareTCP_FRAMEt
                0x0000216c      0x180 ./mtr_libs/mtr_tcpip/mtr_tcpip.o
                0x0000216c                PrepareTCP_FRAME(unsigned short)
 .text.ProcessTCPFrame
                0x000022ec      0x3d8 ./mtr_libs/mtr_tcpip/mtr_tcpip.o
                0x000022ec                ProcessTCPFrame
 .text.ProcessEthIAFrame
                0x000026c4      0x198 ./mtr_libs/mtr_tcpip/mtr_tcpip.o
                0x000026c4                ProcessEthIAFrame
 .text._Z23TCPHandleRetransmissionv
                0x0000285c       0x48 ./mtr_libs/mtr_tcpip/mtr_tcpip.o
                0x0000285c                TCPHandleRetransmission()
 .text._Z21PrepareTCP_DATA_FRAMEv
                0x000028a4      0x18c ./mtr_libs/mtr_tcpip/mtr_tcpip.o
                0x000028a4                PrepareTCP_DATA_FRAME()
 .text.MTR_Tcp_doNetworkStuff
                0x00002a30      0x208 ./mtr_libs/mtr_tcpip/mtr_tcpip.o
                0x00002a30                MTR_Tcp_doNetworkStuff
 .text.NVIC_SystemReset
                0x00002c38       0x18 ./mtr_libs/mtr_service/mtr_service.o
 .text.SysTick_Handler
                0x00002c50       0x24 ./mtr_libs/mtr_service/mtr_service.o
                0x00002c50                SysTick_Handler
 .text.disableInterrupts
                0x00002c74       0x18 ./mtr_libs/mtr_service/mtr_service.o
                0x00002c74                disableInterrupts
 .text.bitesToBytes
                0x00002c8c       0x24 ./mtr_libs/mtr_service/mtr_service.o
                0x00002c8c                bitesToBytes
 .text.initClock
                0x00002cb0       0x52 ./mtr_libs/mtr_service/mtr_service.o
                0x00002cb0                initClock
 .text.get16From8Bits
                0x00002d02        0xa ./mtr_libs/mtr_service/mtr_service.o
                0x00002d02                get16From8Bits
 .text.swapBytes32
                0x00002d0c       0x1c ./mtr_libs/mtr_service/mtr_service.o
                0x00002d0c                swapBytes32
 .text.swapBytes16
                0x00002d28        0xa ./mtr_libs/mtr_service/mtr_service.o
                0x00002d28                swapBytes16
 .text.toZeroByteFunction
                0x00002d32        0xc ./mtr_libs/mtr_service/mtr_service.o
                0x00002d32                toZeroByteFunction
 *fill*         0x00002d3e        0x2 
 .text.initDevice
                0x00002d40       0x80 ./mtr_libs/mtr_service/mtr_service.o
                0x00002d40                initDevice
 .text.HardFault_Handler
                0x00002dc0        0x6 ./mtr_libs/mtr_service/mtr_service.o
                0x00002dc0                HardFault_Handler
 .text.NMI_Handler
                0x00002dc6        0x6 ./mtr_libs/mtr_service/mtr_service.o
                0x00002dc6                NMI_Handler
 .text.WWDG_IRQHandler
                0x00002dcc        0x6 ./mtr_libs/mtr_service/mtr_service.o
                0x00002dcc                WWDG_IRQHandler
 *fill*         0x00002dd2        0x2 
 .text.MTR_Port_init
                0x00002dd4       0x90 ./mtr_libs/mtr_port/mtr_port.o
                0x00002dd4                MTR_Port_init
 .text.MTR_Port_initDigital
                0x00002e64       0x60 ./mtr_libs/mtr_port/mtr_port.o
                0x00002e64                MTR_Port_initDigital
 .text.MTR_Port_initWithStruct
                0x00002ec4       0x64 ./mtr_libs/mtr_port/mtr_port.o
                0x00002ec4                MTR_Port_initWithStruct
 .text.MTR_Port_setPin
                0x00002f28       0x1c ./mtr_libs/mtr_port/mtr_port.o
                0x00002f28                MTR_Port_setPin
 .text.MTR_Port_resetPin
                0x00002f44       0x1c ./mtr_libs/mtr_port/mtr_port.o
                0x00002f44                MTR_Port_resetPin
 .text.MTR_Port_getBit
                0x00002f60       0x1c ./mtr_libs/mtr_port/mtr_port.o
                0x00002f60                MTR_Port_getBit
 .text.MTR_Planner_updateForceRunTaskCounter
                0x00002f7c        0xc ./mtr_libs/mtr_planner/mtr_planner.o
 .text.fixPeriod
                0x00002f88       0x18 ./mtr_libs/mtr_planner/mtr_planner.o
                0x00002f88                fixPeriod
 .text.MTR_Planner_addMicroTask
                0x00002fa0       0x7c ./mtr_libs/mtr_planner/mtr_planner.o
                0x00002fa0                MTR_Planner_addMicroTask
 .text.MTR_Planner_addTask
                0x0000301c       0x2e ./mtr_libs/mtr_planner/mtr_planner.o
                0x0000301c                MTR_Planner_addTask
 *fill*         0x0000304a        0x2 
 .text.MTR_Planner_init
                0x0000304c       0x60 ./mtr_libs/mtr_planner/mtr_planner.o
                0x0000304c                MTR_Planner_init
 .text.MTR_Planner_getTask
                0x000030ac       0x18 ./mtr_libs/mtr_planner/mtr_planner.o
                0x000030ac                MTR_Planner_getTask
 .text.findMinimalLeftTime
                0x000030c4       0x3c ./mtr_libs/mtr_planner/mtr_planner.o
                0x000030c4                findMinimalLeftTime
 .text.MTR_Planner_runTasks
                0x00003100       0xc4 ./mtr_libs/mtr_planner/mtr_planner.o
                0x00003100                MTR_Planner_runTasks
 .text.Timer2_IRQHandler
                0x000031c4       0x4c ./mtr_libs/mtr_planner/mtr_planner.o
                0x000031c4                Timer2_IRQHandler
 .text.MTR_Planner_reset
                0x00003210        0xa ./mtr_libs/mtr_planner/mtr_planner.o
                0x00003210                MTR_Planner_reset
 .text.MTR_Planner_pause
                0x0000321a        0x6 ./mtr_libs/mtr_planner/mtr_planner.o
                0x0000321a                MTR_Planner_pause
 .text.MTR_Planner_resume
                0x00003220        0x6 ./mtr_libs/mtr_planner/mtr_planner.o
                0x00003220                MTR_Planner_resume
 *fill*         0x00003226        0x2 
 .text.MTR_Modbus_slave_processGetHoldingRegistersFunction
                0x00003228      0x1b8 ./mtr_libs/mtr_modbus_slave/mtr_modbus_slave.o
 .text.MTR_Modbus_slave_processGetInputRegistersFunction
                0x000033e0      0x1d4 ./mtr_libs/mtr_modbus_slave/mtr_modbus_slave.o
 .text._MTR_Modbus_slave_requestVerify
                0x000035b4      0x2cc ./mtr_libs/mtr_modbus_slave/mtr_modbus_slave.o
 .text.MTR_Modbus_slave_init
                0x00003880       0xc0 ./mtr_libs/mtr_modbus_slave/mtr_modbus_slave.o
                0x00003880                MTR_Modbus_slave_init
 .text.MTR_Modbus_slave_sendTxMessage
                0x00003940       0x9c ./mtr_libs/mtr_modbus_slave/mtr_modbus_slave.o
                0x00003940                MTR_Modbus_slave_sendTxMessage
 .text.MTR_Modbus_slave_sendErrorMessage
                0x000039dc       0xdc ./mtr_libs/mtr_modbus_slave/mtr_modbus_slave.o
 .text.MTR_Modbus_slave_processSetSingleHoldingRegisterFunction
                0x00003ab8      0x164 ./mtr_libs/mtr_modbus_slave/mtr_modbus_slave.o
                0x00003ab8                MTR_Modbus_slave_processSetSingleHoldingRegisterFunction
 .text.MTR_Modbus_slave_processSetLocalHoldingRegistersFunction
                0x00003c1c      0x1e4 ./mtr_libs/mtr_modbus_slave/mtr_modbus_slave.o
                0x00003c1c                MTR_Modbus_slave_processSetLocalHoldingRegistersFunction
 .text.MTR_Modbus_slave_processRequest
                0x00003e00       0xc0 ./mtr_libs/mtr_modbus_slave/mtr_modbus_slave.o
 .text.MTR_Modbus_slave_addHoldingRegister
                0x00003ec0       0x58 ./mtr_libs/mtr_modbus_slave/mtr_modbus_slave.o
                0x00003ec0                MTR_Modbus_slave_addHoldingRegister
 .text.MTR_Modbus_slave_addInputRegister
                0x00003f18       0x68 ./mtr_libs/mtr_modbus_slave/mtr_modbus_slave.o
                0x00003f18                MTR_Modbus_slave_addInputRegister
 .text.MTR_Modbus_slave_sizeTestMessage
                0x00003f80      0x17c ./mtr_libs/mtr_modbus_slave/mtr_modbus_slave.o
                0x00003f80                MTR_Modbus_slave_sizeTestMessage
 .text.MTR_Modbus_slave_requestHandler
                0x000040fc      0x1fc ./mtr_libs/mtr_modbus_slave/mtr_modbus_slave.o
                0x000040fc                MTR_Modbus_slave_requestHandler
 .text.MTR_Modbus_startModbus
                0x000042f8        0xc ./mtr_libs/mtr_modbus_base/mtr_modbus_base.o
                0x000042f8                MTR_Modbus_startModbus
 .text.MTR_Modbus_setStartModbus
                0x00004304       0x18 ./mtr_libs/mtr_modbus_base/mtr_modbus_base.o
                0x00004304                MTR_Modbus_setStartModbus
 .text.MTR_Modbus_resetTxBuffer
                0x0000431c       0x10 ./mtr_libs/mtr_modbus_base/mtr_modbus_base.o
                0x0000431c                MTR_Modbus_resetTxBuffer
 .text.MTR_Modbus_resetRxBuffer
                0x0000432c       0x1c ./mtr_libs/mtr_modbus_base/mtr_modbus_base.o
                0x0000432c                MTR_Modbus_resetRxBuffer
 .text.MTR_Modbus_getModbusStruct
                0x00004348       0x3c ./mtr_libs/mtr_modbus_base/mtr_modbus_base.o
                0x00004348                MTR_Modbus_getModbusStruct
 .text.MTR_ModbusRtu_uartSwitchToRecieve
                0x00004384       0x20 ./mtr_libs/mtr_modbus_base/mtr_modbus_base.o
                0x00004384                MTR_ModbusRtu_uartSwitchToRecieve
 .text.MTR_Modbus_performHandler
                0x000043a4       0x76 ./mtr_libs/mtr_modbus_base/mtr_modbus_base.o
                0x000043a4                MTR_Modbus_performHandler
 .text.MTR_Modbus_Ethernet_performHandler
                0x0000441a        0xa ./mtr_libs/mtr_modbus_base/mtr_modbus_base.o
                0x0000441a                MTR_Modbus_Ethernet_performHandler
 .text.MTR_Modbus_master_init
                0x00004424      0x114 ./mtr_libs/mtr_modbus/mtr_modbus.o
                0x00004424                MTR_Modbus_master_init
 .text.MTR_Modbus_master_getDevice
                0x00004538       0x72 ./mtr_libs/mtr_modbus/mtr_modbus.o
                0x00004538                MTR_Modbus_master_getDevice
 *fill*         0x000045aa        0x2 
 .text.MTR_Modbus_master_sendTxMessage
                0x000045ac       0xc4 ./mtr_libs/mtr_modbus/mtr_modbus.o
                0x000045ac                MTR_Modbus_master_sendTxMessage
 .text.MTR_Modbus_master_addPollingRegister
                0x00004670       0xca ./mtr_libs/mtr_modbus/mtr_modbus.o
                0x00004670                MTR_Modbus_master_addPollingRegister
 .text.MTR_Modbus_master_getPollingRegister
                0x0000473a       0x60 ./mtr_libs/mtr_modbus/mtr_modbus.o
                0x0000473a                MTR_Modbus_master_getPollingRegister
 *fill*         0x0000479a        0x2 
 .text._MTR_Modbus_master_setMessageData
                0x0000479c      0x194 ./mtr_libs/mtr_modbus/mtr_modbus.o
                0x0000479c                _MTR_Modbus_master_setMessageData
 .text.MTR_Modbus_master_initMessage
                0x00004930       0xe4 ./mtr_libs/mtr_modbus/mtr_modbus.o
                0x00004930                MTR_Modbus_master_initMessage
 .text.MTR_Modbus_master_getHoldingRegisters
                0x00004a14       0x18 ./mtr_libs/mtr_modbus/mtr_modbus.o
                0x00004a14                MTR_Modbus_master_getHoldingRegisters
 .text.MTR_Modbus_master_getInputRegisters
                0x00004a2c       0x18 ./mtr_libs/mtr_modbus/mtr_modbus.o
                0x00004a2c                MTR_Modbus_master_getInputRegisters
 .text.MTR_Modbus_master_setRegister
                0x00004a44       0x18 ./mtr_libs/mtr_modbus/mtr_modbus.o
                0x00004a44                MTR_Modbus_master_setRegister
 .text.MTR_Modbus_master_answerChecker
                0x00004a5c      0x564 ./mtr_libs/mtr_modbus/mtr_modbus.o
                0x00004a5c                MTR_Modbus_master_answerChecker
 .text.MTR_Modbus_master_updateRegistersByReply
                0x00004fc0       0x66 ./mtr_libs/mtr_modbus/mtr_modbus.o
                0x00004fc0                MTR_Modbus_master_updateRegistersByReply
 .text.MTR_Modbus_master_requestHandler
                0x00005026      0x2f4 ./mtr_libs/mtr_modbus/mtr_modbus.o
                0x00005026                MTR_Modbus_master_requestHandler
 *fill*         0x0000531a        0x2 
 .text.MTR_Led_on
                0x0000531c       0x34 ./mtr_libs/mtr_led/mtr_led.o
                0x0000531c                MTR_Led_on
 .text.MTR_Led_off
                0x00005350       0x34 ./mtr_libs/mtr_led/mtr_led.o
                0x00005350                MTR_Led_off
 .text.MTR_Led_init
                0x00005384       0x60 ./mtr_libs/mtr_led/mtr_led.o
                0x00005384                MTR_Led_init
 .text.MTR_Led_switch
                0x000053e4       0x34 ./mtr_libs/mtr_led/mtr_led.o
                0x000053e4                MTR_Led_switch
 .text.MTR_Ethernet_freeBuffer
                0x00005418       0x50 ./mtr_libs/mtr_ethernet/mtr_ethernet.o
                0x00005418                MTR_Ethernet_freeBuffer
 .text.MTR_Ethernet_clockInit
                0x00005468       0x3a ./mtr_libs/mtr_ethernet/mtr_ethernet.o
                0x00005468                MTR_Ethernet_clockInit
 *fill*         0x000054a2        0x2 
 .text.MTR_Ethernet_mac
                0x000054a4       0x14 ./mtr_libs/mtr_ethernet/mtr_ethernet.o
                0x000054a4                MTR_Ethernet_mac
 .text.MTR_Ethernet_init
                0x000054b8       0xac ./mtr_libs/mtr_ethernet/mtr_ethernet.o
                0x000054b8                MTR_Ethernet_init
 .text.MTR_Ethernet_start
                0x00005564       0x14 ./mtr_libs/mtr_ethernet/mtr_ethernet.o
                0x00005564                MTR_Ethernet_start
 .text.MTR_Ethernet_perform
                0x00005578       0x5c ./mtr_libs/mtr_ethernet/mtr_ethernet.o
                0x00005578                MTR_Ethernet_perform
 .text.MTR_Eeprom_init
                0x000055d4       0x12 ./mtr_libs/mtr_eeprom/mtr_eeprom.o
                0x000055d4                MTR_Eeprom_init
 *fill*         0x000055e6        0x2 
 .text.MTR_Crc_getCrc16Modbus
                0x000055e8       0x30 ./mtr_libs/mtr_crc/mtr_crc.o
                0x000055e8                MTR_Crc_getCrc16Modbus
 .text.MTR_Crc_getCrc16
                0x00005618       0x2c ./mtr_libs/mtr_crc/mtr_crc.o
                0x00005618                MTR_Crc_getCrc16
 .text.MTR_Can_getMainStruct
                0x00005644       0x14 ./mtr_libs/mtr_can/mtr_can.o
                0x00005644                MTR_Can_getMainStruct
 .text.MTR_Can_setSpeed
                0x00005658        0xc ./mtr_libs/mtr_can/mtr_can.o
                0x00005658                MTR_Can_setSpeed
 .text.MTR_Can_setTxPin
                0x00005664       0x24 ./mtr_libs/mtr_can/mtr_can.o
                0x00005664                MTR_Can_setTxPin
 .text.MTR_Can_setRxPin
                0x00005688       0x24 ./mtr_libs/mtr_can/mtr_can.o
                0x00005688                MTR_Can_setRxPin
 .text.MTR_Can_enableClock
                0x000056ac       0x10 ./mtr_libs/mtr_can/mtr_can.o
                0x000056ac                MTR_Can_enableClock
 .text.MTR_Can_init
                0x000056bc      0x14c ./mtr_libs/mtr_can/mtr_can.o
                0x000056bc                MTR_Can_init
 .text.MTR_Can_start
                0x00005808       0x10 ./mtr_libs/mtr_can/mtr_can.o
                0x00005808                MTR_Can_start
 .text.MTR_Can_initGPIO
                0x00005818       0x2a ./mtr_libs/mtr_can/mtr_can.o
                0x00005818                MTR_Can_initGPIO
 .text.MTR_Can_initReceive
                0x00005842       0x2c ./mtr_libs/mtr_can/mtr_can.o
                0x00005842                MTR_Can_initReceive
 .text.MTR_Can_initFilter
                0x0000586e       0x20 ./mtr_libs/mtr_can/mtr_can.o
                0x0000586e                MTR_Can_initFilter
 *fill*         0x0000588e        0x2 
 .text.MTR_Button_init
                0x00005890       0x90 ./mtr_libs/mtr_button/mtr_button.o
                0x00005890                MTR_Button_init
 .text.MTR_Button_update
                0x00005920      0x174 ./mtr_libs/mtr_button/mtr_button.o
                0x00005920                MTR_Button_update
 .text._ZN15BaseDataManager13stopOperatingEv
                0x00005a94        0x2 ./mtr_libs/BaseDataManager/BaseDataManager.o
                0x00005a94                BaseDataManager::stopOperating()
 .text._ZN15BaseDataManager14startOperatingEv
                0x00005a96        0x2 ./mtr_libs/BaseDataManager/BaseDataManager.o
                0x00005a96                BaseDataManager::startOperating()
 .text._Z41__static_initialization_and_destruction_0ii
                0x00005a98       0x4c ./mtr_libs/BaseDataManager/BaseDataManager.o
 .text._ZNSt6vectorIP13BaseSomeValueSaIS1_EED2Ev
                0x00005ae4       0x12 ./mtr_libs/BaseDataManager/BaseDataManager.o
                0x00005ae4                std::vector<BaseSomeValue*, std::allocator<BaseSomeValue*> >::~vector()
                0x00005ae4                std::vector<BaseSomeValue*, std::allocator<BaseSomeValue*> >::~vector()
 *fill*         0x00005af6        0x2 
 .text._ZN15BaseDataManagerC2Ev
                0x00005af8       0x10 ./mtr_libs/BaseDataManager/BaseDataManager.o
                0x00005af8                BaseDataManager::BaseDataManager()
                0x00005af8                BaseDataManager::BaseDataManager()
 .text._GLOBAL__sub_I__ZN15BaseDataManager9inputDataEv
                0x00005b08       0x10 ./mtr_libs/BaseDataManager/BaseDataManager.o
 .text._ZN14BaseCanNetworkC2EhP15BaseDataManager
                0x00005b18        0x6 ./mtr_libs/BaseCanDataNetwork/BaseCanNetwork.o
                0x00005b18                BaseCanNetwork::BaseCanNetwork(unsigned char, BaseDataManager*)
                0x00005b18                BaseCanNetwork::BaseCanNetwork(unsigned char, BaseDataManager*)
 *fill*         0x00005b1e        0x2 
 .text.Addressing_modbusPoll
                0x00005b20       0x74 ./mtr_libs/Addressing/addressing.o
                0x00005b20                Addressing_modbusPoll
 .text.Addressing_initData
                0x00005b94       0x48 ./mtr_libs/Addressing/addressing.o
                0x00005b94                Addressing_initData
 .text.Addressing_resetCounterDevice
                0x00005bdc       0x24 ./mtr_libs/Addressing/addressing.o
                0x00005bdc                Addressing_resetCounterDevice
 .text.Addressing_buttonHandler
                0x00005c00       0xf8 ./mtr_libs/Addressing/addressing.o
                0x00005c00                Addressing_buttonHandler
 .text.Addressing_getPreviousAssignment
                0x00005cf8        0xc ./mtr_libs/Addressing/addressing.o
                0x00005cf8                Addressing_getPreviousAssignment
 .text.Addressing_getAssignmentMode
                0x00005d04        0xc ./mtr_libs/Addressing/addressing.o
                0x00005d04                Addressing_getAssignmentMode
 .text.CAN_DeInit
                0x00005d10       0x28 ./cmsis_lib/src/MDR32F9Qx_can.o
                0x00005d10                CAN_DeInit
 .text.CAN_Init
                0x00005d38       0x66 ./cmsis_lib/src/MDR32F9Qx_can.o
                0x00005d38                CAN_Init
 .text.CAN_FilterInit
                0x00005d9e       0x12 ./cmsis_lib/src/MDR32F9Qx_can.o
                0x00005d9e                CAN_FilterInit
 .text.CAN_ITConfig
                0x00005db0       0x14 ./cmsis_lib/src/MDR32F9Qx_can.o
                0x00005db0                CAN_ITConfig
 .text.CAN_Receive
                0x00005dc4       0x16 ./cmsis_lib/src/MDR32F9Qx_can.o
                0x00005dc4                CAN_Receive
 .text.CAN_GetRawReceivedData
                0x00005dda       0x9c ./cmsis_lib/src/MDR32F9Qx_can.o
                0x00005dda                CAN_GetRawReceivedData
 .text.CAN_BufferRelease
                0x00005e76        0xe ./cmsis_lib/src/MDR32F9Qx_can.o
                0x00005e76                CAN_BufferRelease
 .text.CAN_Cmd  0x00005e84       0x14 ./cmsis_lib/src/MDR32F9Qx_can.o
                0x00005e84                CAN_Cmd
 .text.CAN_RxITConfig
                0x00005e98       0x14 ./cmsis_lib/src/MDR32F9Qx_can.o
                0x00005e98                CAN_RxITConfig
 .text.CAN_TxITConfig
                0x00005eac       0x14 ./cmsis_lib/src/MDR32F9Qx_can.o
                0x00005eac                CAN_TxITConfig
 .text.CAN_GetTxITStatus
                0x00005ec0       0x18 ./cmsis_lib/src/MDR32F9Qx_can.o
                0x00005ec0                CAN_GetTxITStatus
 .text.CAN_ITClearRxTxPendingBit
                0x00005ed8       0x1a ./cmsis_lib/src/MDR32F9Qx_can.o
                0x00005ed8                CAN_ITClearRxTxPendingBit
 *fill*         0x00005ef2        0x2 
 .text.CAN_BRGInit
                0x00005ef4       0x44 ./cmsis_lib/src/MDR32F9Qx_can.o
                0x00005ef4                CAN_BRGInit
 .text.DMA_CtrlDataInit
                0x00005f38       0x78 ./cmsis_lib/src/MDR32F9Qx_dma.o
                0x00005f38                DMA_CtrlDataInit
 .text.DMA_DeInit
                0x00005fb0       0x20 ./cmsis_lib/src/MDR32F9Qx_dma.o
                0x00005fb0                DMA_DeInit
 .text.DMA_Init
                0x00005fd0       0x80 ./cmsis_lib/src/MDR32F9Qx_dma.o
                0x00005fd0                DMA_Init
 .text.DMA_StructInit
                0x00006050       0x10 ./cmsis_lib/src/MDR32F9Qx_dma.o
                0x00006050                DMA_StructInit
 .text.DMA_Cmd  0x00006060       0x1c ./cmsis_lib/src/MDR32F9Qx_dma.o
                0x00006060                DMA_Cmd
 .text.DMA_Request
                0x0000607c       0x10 ./cmsis_lib/src/MDR32F9Qx_dma.o
                0x0000607c                DMA_Request
 .text.EEPROM_SetLatency
                0x0000608c        0xc ./cmsis_lib/src/MDR32F9Qx_eeprom.o
                0x0000608c                EEPROM_SetLatency
 .text.ETH_ClockDeInit
                0x00006098       0x14 ./cmsis_lib/src/MDR32F9Qx_eth.o
                0x00006098                ETH_ClockDeInit
 .text.ETH_PHY_ClockConfig
                0x000060ac       0x20 ./cmsis_lib/src/MDR32F9Qx_eth.o
                0x000060ac                ETH_PHY_ClockConfig
 .text.ETH_BRGInit
                0x000060cc       0x14 ./cmsis_lib/src/MDR32F9Qx_eth.o
                0x000060cc                ETH_BRGInit
 .text.ETH_ClockCMD
                0x000060e0       0x1c ./cmsis_lib/src/MDR32F9Qx_eth.o
                0x000060e0                ETH_ClockCMD
 .text.ETH_PHYCmd
                0x000060fc       0x1a ./cmsis_lib/src/MDR32F9Qx_eth.o
                0x000060fc                ETH_PHYCmd
 *fill*         0x00006116        0x2 
 .text.ETH_StructInit
                0x00006118       0xbc ./cmsis_lib/src/MDR32F9Qx_eth.o
                0x00006118                ETH_StructInit
 .text.ETH_Init
                0x000061d4      0x14a ./cmsis_lib/src/MDR32F9Qx_eth.o
                0x000061d4                ETH_Init
 *fill*         0x0000631e        0x2 
 .text.ETH_MACTransmissionCmd
                0x00006320       0x20 ./cmsis_lib/src/MDR32F9Qx_eth.o
                0x00006320                ETH_MACTransmissionCmd
 .text.ETH_MACReceptionCmd
                0x00006340       0x20 ./cmsis_lib/src/MDR32F9Qx_eth.o
                0x00006340                ETH_MACReceptionCmd
 .text.ETH_Start
                0x00006360       0x26 ./cmsis_lib/src/MDR32F9Qx_eth.o
                0x00006360                ETH_Start
 .text.ETH_GetMACITStatusRegister
                0x00006386        0x6 ./cmsis_lib/src/MDR32F9Qx_eth.o
                0x00006386                ETH_GetMACITStatusRegister
 .text.ETH_GetPHYStatus
                0x0000638c        0xe ./cmsis_lib/src/MDR32F9Qx_eth.o
                0x0000638c                ETH_GetPHYStatus
 .text.ETH_PHY_Reset
                0x0000639a       0x1a ./cmsis_lib/src/MDR32F9Qx_eth.o
                0x0000639a                ETH_PHY_Reset
 .text.ETH_DeInit
                0x000063b4       0x68 ./cmsis_lib/src/MDR32F9Qx_eth.o
                0x000063b4                ETH_DeInit
 .text.ETH_DMAPrepare
                0x0000641c       0x2a ./cmsis_lib/src/MDR32F9Qx_eth.o
                0x0000641c                ETH_DMAPrepare
 *fill*         0x00006446        0x2 
 .text.ETH_DMAFrameRx
                0x00006448       0x58 ./cmsis_lib/src/MDR32F9Qx_eth.o
                0x00006448                ETH_DMAFrameRx
 .text.ETH_ReceivedFrame
                0x000064a0      0x14a ./cmsis_lib/src/MDR32F9Qx_eth.o
                0x000064a0                ETH_ReceivedFrame
 *fill*         0x000065ea        0x2 
 .text.ETH_DMAFrameTx
                0x000065ec       0x58 ./cmsis_lib/src/MDR32F9Qx_eth.o
                0x000065ec                ETH_DMAFrameTx
 .text.ETH_SendFrame
                0x00006644      0x14c ./cmsis_lib/src/MDR32F9Qx_eth.o
                0x00006644                ETH_SendFrame
 .text.PORT_Init
                0x00006790      0x128 ./cmsis_lib/src/MDR32F9Qx_port.o
                0x00006790                PORT_Init
 .text.PORT_ReadInputDataBit
                0x000068b8        0xe ./cmsis_lib/src/MDR32F9Qx_port.o
                0x000068b8                PORT_ReadInputDataBit
 .text.PORT_SetBits
                0x000068c6        0x4 ./cmsis_lib/src/MDR32F9Qx_port.o
                0x000068c6                PORT_SetBits
 .text.PORT_ResetBits
                0x000068ca        0x4 ./cmsis_lib/src/MDR32F9Qx_port.o
                0x000068ca                PORT_ResetBits
 *fill*         0x000068ce        0x2 
 .text.RST_CLK_HSEconfig
                0x000068d0       0x30 ./cmsis_lib/src/MDR32F9Qx_rst_clk.o
                0x000068d0                RST_CLK_HSEconfig
 .text.RST_CLK_HSE2config
                0x00006900       0x30 ./cmsis_lib/src/MDR32F9Qx_rst_clk.o
                0x00006900                RST_CLK_HSE2config
 .text.RST_CLK_HSIcmd
                0x00006930       0x24 ./cmsis_lib/src/MDR32F9Qx_rst_clk.o
                0x00006930                RST_CLK_HSIcmd
 .text.RST_CLK_CPU_PLLconfig
                0x00006954       0x3c ./cmsis_lib/src/MDR32F9Qx_rst_clk.o
                0x00006954                RST_CLK_CPU_PLLconfig
 .text.RST_CLK_CPU_PLLuse
                0x00006990       0x1c ./cmsis_lib/src/MDR32F9Qx_rst_clk.o
                0x00006990                RST_CLK_CPU_PLLuse
 .text.RST_CLK_CPU_PLLcmd
                0x000069ac       0x1c ./cmsis_lib/src/MDR32F9Qx_rst_clk.o
                0x000069ac                RST_CLK_CPU_PLLcmd
 .text.RST_CLK_CPUclkPrescaler
                0x000069c8       0x14 ./cmsis_lib/src/MDR32F9Qx_rst_clk.o
                0x000069c8                RST_CLK_CPUclkPrescaler
 .text.RST_CLK_CPUclkSelection
                0x000069dc       0x18 ./cmsis_lib/src/MDR32F9Qx_rst_clk.o
                0x000069dc                RST_CLK_CPUclkSelection
 .text.RST_CLK_PCLKcmd
                0x000069f4       0x1c ./cmsis_lib/src/MDR32F9Qx_rst_clk.o
                0x000069f4                RST_CLK_PCLKcmd
 .text.RST_CLK_GetClocksFreq
                0x00006a10      0x198 ./cmsis_lib/src/MDR32F9Qx_rst_clk.o
                0x00006a10                RST_CLK_GetClocksFreq
 .text.RST_CLK_GetFlagStatus
                0x00006ba8       0x2c ./cmsis_lib/src/MDR32F9Qx_rst_clk.o
                0x00006ba8                RST_CLK_GetFlagStatus
 .text.RST_CLK_HSEstatus
                0x00006bd4       0x32 ./cmsis_lib/src/MDR32F9Qx_rst_clk.o
                0x00006bd4                RST_CLK_HSEstatus
 .text.RST_CLK_HSE2status
                0x00006c06       0x32 ./cmsis_lib/src/MDR32F9Qx_rst_clk.o
                0x00006c06                RST_CLK_HSE2status
 .text.RST_CLK_HSIstatus
                0x00006c38       0x32 ./cmsis_lib/src/MDR32F9Qx_rst_clk.o
                0x00006c38                RST_CLK_HSIstatus
 *fill*         0x00006c6a        0x2 
 .text.RST_CLK_WarmDeInit
                0x00006c6c       0x3c ./cmsis_lib/src/MDR32F9Qx_rst_clk.o
                0x00006c6c                RST_CLK_WarmDeInit
 .text.RST_CLK_DeInit
                0x00006ca8       0x28 ./cmsis_lib/src/MDR32F9Qx_rst_clk.o
                0x00006ca8                RST_CLK_DeInit
 .text.RST_CLK_CPU_PLLstatus
                0x00006cd0       0x32 ./cmsis_lib/src/MDR32F9Qx_rst_clk.o
                0x00006cd0                RST_CLK_CPU_PLLstatus
 .text.TIMER_DeInit
                0x00006d02       0x54 ./cmsis_lib/src/MDR32F9Qx_timer.o
                0x00006d02                TIMER_DeInit
 .text.TIMER_CntInit
                0x00006d56       0x34 ./cmsis_lib/src/MDR32F9Qx_timer.o
                0x00006d56                TIMER_CntInit
 .text.TIMER_CntStructInit
                0x00006d8a       0x1c ./cmsis_lib/src/MDR32F9Qx_timer.o
                0x00006d8a                TIMER_CntStructInit
 .text.TIMER_Cmd
                0x00006da6       0x14 ./cmsis_lib/src/MDR32F9Qx_timer.o
                0x00006da6                TIMER_Cmd
 .text.TIMER_SetCounter
                0x00006dba        0x4 ./cmsis_lib/src/MDR32F9Qx_timer.o
                0x00006dba                TIMER_SetCounter
 .text.TIMER_GetCounter
                0x00006dbe        0x4 ./cmsis_lib/src/MDR32F9Qx_timer.o
                0x00006dbe                TIMER_GetCounter
 *fill*         0x00006dc2        0x2 
 .text.TIMER_CntEventSourceConfig
                0x00006dc4       0x10 ./cmsis_lib/src/MDR32F9Qx_timer.o
                0x00006dc4                TIMER_CntEventSourceConfig
 .text.TIMER_SetCounterDirection
                0x00006dd4        0xc ./cmsis_lib/src/MDR32F9Qx_timer.o
                0x00006dd4                TIMER_SetCounterDirection
 .text.TIMER_GetFlagStatus
                0x00006de0        0xe ./cmsis_lib/src/MDR32F9Qx_timer.o
                0x00006de0                TIMER_GetFlagStatus
 .text.TIMER_ClearFlag
                0x00006dee        0x8 ./cmsis_lib/src/MDR32F9Qx_timer.o
                0x00006dee                TIMER_ClearFlag
 .text.TIMER_ITConfig
                0x00006df6       0x10 ./cmsis_lib/src/MDR32F9Qx_timer.o
                0x00006df6                TIMER_ITConfig
 *fill*         0x00006e06        0x2 
 .text.TIMER_BRGInit
                0x00006e08       0x94 ./cmsis_lib/src/MDR32F9Qx_timer.o
                0x00006e08                TIMER_BRGInit
 .text.UART_DeInit
                0x00006e9c       0x22 ./cmsis_lib/src/MDR32F9Qx_uart.o
                0x00006e9c                UART_DeInit
 *fill*         0x00006ebe        0x2 
 .text.UART_Init
                0x00006ec0       0xac ./cmsis_lib/src/MDR32F9Qx_uart.o
                0x00006ec0                UART_Init
 .text.UART_Cmd
                0x00006f6c       0x1c ./cmsis_lib/src/MDR32F9Qx_uart.o
                0x00006f6c                UART_Cmd
 .text.UART_ITConfig
                0x00006f88       0x14 ./cmsis_lib/src/MDR32F9Qx_uart.o
                0x00006f88                UART_ITConfig
 .text.UART_ClearITPendingBit
                0x00006f9c        0x8 ./cmsis_lib/src/MDR32F9Qx_uart.o
                0x00006f9c                UART_ClearITPendingBit
 .text.UART_SendData
                0x00006fa4        0x8 ./cmsis_lib/src/MDR32F9Qx_uart.o
                0x00006fa4                UART_SendData
 .text.UART_BRGInit
                0x00006fac       0x44 ./cmsis_lib/src/MDR32F9Qx_uart.o
                0x00006fac                UART_BRGInit
 .text.USB_GetSEPxCTRL
                0x00006ff0       0x10 ./cmsis_lib/src/MDR32F9Qx_usb.o
                0x00006ff0                USB_GetSEPxCTRL
 .text.USB_SetSEPxCTRL
                0x00007000       0x1c ./cmsis_lib/src/MDR32F9Qx_usb.o
                0x00007000                USB_SetSEPxCTRL
 .text.USB_GetSEPxSTS
                0x0000701c       0x14 ./cmsis_lib/src/MDR32F9Qx_usb.o
                0x0000701c                USB_GetSEPxSTS
 .text.USB_GetSEPxTS
                0x00007030       0x10 ./cmsis_lib/src/MDR32F9Qx_usb.o
                0x00007030                USB_GetSEPxTS
 .text.USB_GetSIS
                0x00007040       0x10 ./cmsis_lib/src/MDR32F9Qx_usb.o
                0x00007040                USB_GetSIS
 .text.USB_SetSIS
                0x00007050       0x10 ./cmsis_lib/src/MDR32F9Qx_usb.o
                0x00007050                USB_SetSIS
 .text.USB_SetSA
                0x00007060       0x10 ./cmsis_lib/src/MDR32F9Qx_usb.o
                0x00007060                USB_SetSA
 .text.USB_GetSEPxRXFD
                0x00007070       0x10 ./cmsis_lib/src/MDR32F9Qx_usb.o
                0x00007070                USB_GetSEPxRXFD
 .text.USB_GetSEPxRXFDC
                0x00007080       0x10 ./cmsis_lib/src/MDR32F9Qx_usb.o
                0x00007080                USB_GetSEPxRXFDC
 .text.USB_SetSEPxRXFC
                0x00007090       0x10 ./cmsis_lib/src/MDR32F9Qx_usb.o
                0x00007090                USB_SetSEPxRXFC
 .text.USB_SetSEPxTXFD
                0x000070a0       0x10 ./cmsis_lib/src/MDR32F9Qx_usb.o
                0x000070a0                USB_SetSEPxTXFD
 .text.USB_SetSEPxTXFDC
                0x000070b0       0x10 ./cmsis_lib/src/MDR32F9Qx_usb.o
                0x000070b0                USB_SetSEPxTXFDC
 .text.USB_SEPxToggleEPDATASEQ
                0x000070c0       0x14 ./cmsis_lib/src/MDR32F9Qx_usb.o
                0x000070c0                USB_SEPxToggleEPDATASEQ
 .text.USB_EP_SetReady
                0x000070d4       0x28 ./cmsis_lib/src/MDR32F9Qx_usb_device.o
 .text.USB_EP_sendInDataPortion
                0x000070fc       0x5c ./cmsis_lib/src/MDR32F9Qx_usb_device.o
 .text.USB_EP_Idle
                0x00007158       0x3c ./cmsis_lib/src/MDR32F9Qx_usb_device.o
                0x00007158                USB_EP_Idle
 .text.USB_EP_Stall
                0x00007194       0x38 ./cmsis_lib/src/MDR32F9Qx_usb_device.o
                0x00007194                USB_EP_Stall
 .text.USB_EP_dispatchEvent
                0x000071cc      0x250 ./cmsis_lib/src/MDR32F9Qx_usb_device.o
                0x000071cc                USB_EP_dispatchEvent
 .text.USB_DeviceReset
                0x0000741c       0x1c ./cmsis_lib/src/MDR32F9Qx_usb_device.o
                0x0000741c                USB_DeviceReset
 .text.USB_DeviceDispatchEvent
                0x00007438       0x70 ./cmsis_lib/src/MDR32F9Qx_usb_device.o
                0x00007438                USB_DeviceDispatchEvent
 .text.USB_IRQHandler
                0x000074a8        0x8 ./cmsis_lib/src/MDR32F9Qx_usb_device.o
                0x000074a8                USB_IRQHandler
 .text          0x000074b0       0x48 ./cmsis_boot/startup/startup_MDR1986VE1T.o
                0x000074b0                Reset_Handler
                0x000074f4                EXT_INT1_IRQHandler
                0x000074f4                PendSV_Handler
                0x000074f4                POWER_IRQHandler
                0x000074f4                BUSY_IRQHandler
                0x000074f4                MIL_STD_1553B1_IRQHandler
                0x000074f4                ARINC429T2_IRQHandler
                0x000074f4                BKP_IRQHandler
                0x000074f4                ARINC429T4_IRQHandler
                0x000074f4                SSP3_IRQHandler
                0x000074f4                EXT_INT2_IRQHandler
                0x000074f4                ARINC429R_IRQHandler
                0x000074f4                Default_Handler
                0x000074f4                ADC_IRQHandler
                0x000074f4                SSP1_IRQHandler
                0x000074f4                Timer1_IRQHandler
                0x000074f4                EXT_INT3_IRQHandler
                0x000074f4                ARINC429T3_IRQHandler
                0x000074f4                EXT_INT4_IRQHandler
                0x000074f4                SVC_Handler
                0x000074f4                ARINC429T1_IRQHandler
                0x000074f4                MIL_STD_1553B2_IRQHandler
                0x000074f4                SSP2_IRQHandler
                0x000074f4                DMA_IRQHandler
                0x000074f4                Timer4_IRQHandler
                0x000074f4                ETHERNET_IRQHandler
 .text.SystemCoreClockUpdate
                0x000074f8       0x8c ./cmsis_boot/system_MDR1986VE1T.o
                0x000074f8                SystemCoreClockUpdate
 .text.SystemInit
                0x00007584       0x2c ./cmsis_boot/system_MDR1986VE1T.o
                0x00007584                SystemInit
 .text._ZN13CanNetworkingC2EhP11DataManager
                0x000075b0       0x1c ./classes/NetworkCAN/CanNetworking.o
                0x000075b0                CanNetworking::CanNetworking(unsigned char, DataManager*)
                0x000075b0                CanNetworking::CanNetworking(unsigned char, DataManager*)
 .text._ZN13CanNetworking18initFrameServoCan1Ev
                0x000075cc        0x2 ./classes/NetworkCAN/CanNetworking.o
                0x000075cc                CanNetworking::initFrameServoCan1()
 *fill*         0x000075ce        0x2 
 .text._ZN13CanNetworking10canRecieveEhP16CAN_RxMsgTypeDef
                0x000075d0       0x94 ./classes/NetworkCAN/CanNetworking.o
                0x000075d0                CanNetworking::canRecieve(unsigned char, CAN_RxMsgTypeDef*)
 .text._ZN13CanNetworking8initCan1Ev
                0x00007664       0xa8 ./classes/NetworkCAN/CanNetworking.o
                0x00007664                CanNetworking::initCan1()
 .text._ZN13CanNetworking8initCan2Ev
                0x0000770c       0xac ./classes/NetworkCAN/CanNetworking.o
                0x0000770c                CanNetworking::initCan2()
 .text._ZN13CanNetworking10canHandlerEv
                0x000077b8      0x14c ./classes/NetworkCAN/CanNetworking.o
                0x000077b8                CanNetworking::canHandler()
 .text.CAN1_IRQHandler
                0x00007904       0x5a ./classes/NetworkCAN/CanNetworking.o
                0x00007904                CAN1_IRQHandler
 *fill*         0x0000795e        0x2 
 .text.CAN2_IRQHandler
                0x00007960       0x58 ./classes/NetworkCAN/CanNetworking.o
                0x00007960                CAN2_IRQHandler
 .text._ZN5ServoC2Ev
                0x000079b8       0x90 ./classes/DataModel/Servo.o
                0x000079b8                Servo::Servo()
                0x000079b8                Servo::Servo()
 .text._ZN5Servo18convertRPM_forReadEm
                0x00007a48       0x1c ./classes/DataModel/Servo.o
                0x00007a48                Servo::convertRPM_forRead(unsigned long)
 .text._ZN5Servo22convertCurrent_forReadEt
                0x00007a64       0x2c ./classes/DataModel/Servo.o
                0x00007a64                Servo::convertCurrent_forRead(unsigned short)
 .text._ZN5Servo16answerHandlerCANEhtm
                0x00007a90       0x8c ./classes/DataModel/Servo.o
                0x00007a90                Servo::answerHandlerCAN(unsigned char, unsigned short, unsigned long)
 .text._ZN5Servo8getServoEh
                0x00007b1c        0xc ./classes/DataModel/Servo.o
                0x00007b1c                Servo::getServo(unsigned char)
 .text._ZN11DataManagerC2Ev
                0x00007b28       0x14 ./classes/DataManager.o
                0x00007b28                DataManager::DataManager()
                0x00007b28                DataManager::DataManager()
 .text.main     0x00007b3c       0x26 ./main.o
                0x00007b3c                main
 .text.__aeabi_atexit
                0x00007b62        0xe c:/armtools/9_2020-q2-update/bin/../lib/gcc/arm-none-eabi/9.3.1/../../../../arm-none-eabi/lib/thumb/v6-m/nofp\libstdc++_nano.a(atexit_arm.o)
                0x00007b62                __aeabi_atexit
 .text._ZNK10__cxxabiv117__class_type_info11__do_upcastEPKS0_PPv
                0x00007b70       0x34 c:/armtools/9_2020-q2-update/bin/../lib/gcc/arm-none-eabi/9.3.1/../../../../arm-none-eabi/lib/thumb/v6-m/nofp\libstdc++_nano.a(class_type_info.o)
                0x00007b70                __cxxabiv1::__class_type_info::__do_upcast(__cxxabiv1::__class_type_info const*, void**) const
 .text._ZNK10__cxxabiv117__class_type_info20__do_find_public_srcEiPKvPKS0_S2_
                0x00007ba4        0xc c:/armtools/9_2020-q2-update/bin/../lib/gcc/arm-none-eabi/9.3.1/../../../../arm-none-eabi/lib/thumb/v6-m/nofp\libstdc++_nano.a(class_type_info.o)
                0x00007ba4                __cxxabiv1::__class_type_info::__do_find_public_src(int, void const*, __cxxabiv1::__class_type_info const*, void const*) const
 .text._ZN10__cxxabiv117__class_type_infoD2Ev
                0x00007bb0       0x18 c:/armtools/9_2020-q2-update/bin/../lib/gcc/arm-none-eabi/9.3.1/../../../../arm-none-eabi/lib/thumb/v6-m/nofp\libstdc++_nano.a(class_type_info.o)
                0x00007bb0                __cxxabiv1::__class_type_info::~__class_type_info()
                0x00007bb0                __cxxabiv1::__class_type_info::~__class_type_info()
 .text._ZN10__cxxabiv117__class_type_infoD0Ev
                0x00007bc8       0x14 c:/armtools/9_2020-q2-update/bin/../lib/gcc/arm-none-eabi/9.3.1/../../../../arm-none-eabi/lib/thumb/v6-m/nofp\libstdc++_nano.a(class_type_info.o)
                0x00007bc8                __cxxabiv1::__class_type_info::~__class_type_info()
 .text._ZNK10__cxxabiv117__class_type_info12__do_dyncastEiNS0_10__sub_kindEPKS0_PKvS3_S5_RNS0_16__dyncast_resultE
                0x00007bdc       0x3a c:/armtools/9_2020-q2-update/bin/../lib/gcc/arm-none-eabi/9.3.1/../../../../arm-none-eabi/lib/thumb/v6-m/nofp\libstdc++_nano.a(class_type_info.o)
                0x00007bdc                __cxxabiv1::__class_type_info::__do_dyncast(int, __cxxabiv1::__class_type_info::__sub_kind, __cxxabiv1::__class_type_info const*, void const*, __cxxabiv1::__class_type_info const*, void const*, __cxxabiv1::__class_type_info::__dyncast_result&) const
 .text._ZNK10__cxxabiv117__class_type_info11__do_upcastEPKS0_PKvRNS0_15__upcast_resultE
                0x00007c16       0x1a c:/armtools/9_2020-q2-update/bin/../lib/gcc/arm-none-eabi/9.3.1/../../../../arm-none-eabi/lib/thumb/v6-m/nofp\libstdc++_nano.a(class_type_info.o)
                0x00007c16                __cxxabiv1::__class_type_info::__do_upcast(__cxxabiv1::__class_type_info const*, void const*, __cxxabiv1::__class_type_info::__upcast_result&) const
 .text._ZNK10__cxxabiv117__class_type_info10__do_catchEPKSt9type_infoPPvj
                0x00007c30       0x24 c:/armtools/9_2020-q2-update/bin/../lib/gcc/arm-none-eabi/9.3.1/../../../../arm-none-eabi/lib/thumb/v6-m/nofp\libstdc++_nano.a(class_type_info.o)
                0x00007c30                __cxxabiv1::__class_type_info::__do_catch(std::type_info const*, void**, unsigned int) const
 .text._ZdlPv   0x00007c54        0x8 c:/armtools/9_2020-q2-update/bin/../lib/gcc/arm-none-eabi/9.3.1/../../../../arm-none-eabi/lib/thumb/v6-m/nofp\libstdc++_nano.a(del_op.o)
                0x00007c54                operator delete(void*)
 .text._ZdlPvj  0x00007c5c        0x8 c:/armtools/9_2020-q2-update/bin/../lib/gcc/arm-none-eabi/9.3.1/../../../../arm-none-eabi/lib/thumb/v6-m/nofp\libstdc++_nano.a(del_ops.o)
                0x00007c5c                operator delete(void*, unsigned int)
 .text.__cxa_end_cleanup
                0x00007c64        0xc c:/armtools/9_2020-q2-update/bin/../lib/gcc/arm-none-eabi/9.3.1/../../../../arm-none-eabi/lib/thumb/v6-m/nofp\libstdc++_nano.a(eh_arm.o)
                0x00007c64                __cxa_end_cleanup
 .text._ZN10__cxxabiv1L24__is_gxx_exception_classEPc
                0x00007c70       0x3a c:/armtools/9_2020-q2-update/bin/../lib/gcc/arm-none-eabi/9.3.1/../../../../arm-none-eabi/lib/thumb/v6-m/nofp\libstdc++_nano.a(eh_arm.o)
 *fill*         0x00007caa        0x2 
 .text.__cxa_type_match
                0x00007cac       0xb8 c:/armtools/9_2020-q2-update/bin/../lib/gcc/arm-none-eabi/9.3.1/../../../../arm-none-eabi/lib/thumb/v6-m/nofp\libstdc++_nano.a(eh_arm.o)
                0x00007cac                __cxa_type_match
 .text.__cxa_begin_cleanup
                0x00007d64       0x36 c:/armtools/9_2020-q2-update/bin/../lib/gcc/arm-none-eabi/9.3.1/../../../../arm-none-eabi/lib/thumb/v6-m/nofp\libstdc++_nano.a(eh_arm.o)
                0x00007d64                __cxa_begin_cleanup
 .text.__gnu_end_cleanup
                0x00007d9a       0x38 c:/armtools/9_2020-q2-update/bin/../lib/gcc/arm-none-eabi/9.3.1/../../../../arm-none-eabi/lib/thumb/v6-m/nofp\libstdc++_nano.a(eh_arm.o)
                0x00007d9a                __gnu_end_cleanup
 *fill*         0x00007dd2        0x2 
 .text.__cxa_get_globals
                0x00007dd4        0x8 c:/armtools/9_2020-q2-update/bin/../lib/gcc/arm-none-eabi/9.3.1/../../../../arm-none-eabi/lib/thumb/v6-m/nofp\libstdc++_nano.a(eh_globals.o)
                0x00007dd4                __cxa_get_globals
 .text._ZL12read_uleb128PKhPm
                0x00007ddc       0x2c c:/armtools/9_2020-q2-update/bin/../lib/gcc/arm-none-eabi/9.3.1/../../../../arm-none-eabi/lib/thumb/v6-m/nofp\libstdc++_nano.a(eh_personality.o)
 .text._ZL12read_sleb128PKhPl
                0x00007e08       0x30 c:/armtools/9_2020-q2-update/bin/../lib/gcc/arm-none-eabi/9.3.1/../../../../arm-none-eabi/lib/thumb/v6-m/nofp\libstdc++_nano.a(eh_personality.o)
 .text._ZL28read_encoded_value_with_basehjPKhPj
                0x00007e38       0xb2 c:/armtools/9_2020-q2-update/bin/../lib/gcc/arm-none-eabi/9.3.1/../../../../arm-none-eabi/lib/thumb/v6-m/nofp\libstdc++_nano.a(eh_personality.o)
 .text._ZL21base_of_encoded_valuehP15_Unwind_Context
                0x00007eea       0x4a c:/armtools/9_2020-q2-update/bin/../lib/gcc/arm-none-eabi/9.3.1/../../../../arm-none-eabi/lib/thumb/v6-m/nofp\libstdc++_nano.a(eh_personality.o)
 .text._ZL18read_encoded_valueP15_Unwind_ContexthPKhPj
                0x00007f34       0x1e c:/armtools/9_2020-q2-update/bin/../lib/gcc/arm-none-eabi/9.3.1/../../../../arm-none-eabi/lib/thumb/v6-m/nofp\libstdc++_nano.a(eh_personality.o)
 .text._ZL17parse_lsda_headerP15_Unwind_ContextPKhP16lsda_header_info
                0x00007f52       0x60 c:/armtools/9_2020-q2-update/bin/../lib/gcc/arm-none-eabi/9.3.1/../../../../arm-none-eabi/lib/thumb/v6-m/nofp\libstdc++_nano.a(eh_personality.o)
 .text._Unwind_GetGR
                0x00007fb2       0x16 c:/armtools/9_2020-q2-update/bin/../lib/gcc/arm-none-eabi/9.3.1/../../../../arm-none-eabi/lib/thumb/v6-m/nofp\libstdc++_nano.a(eh_personality.o)
 .text.__gxx_personality_v0
                0x00007fc8      0x34a c:/armtools/9_2020-q2-update/bin/../lib/gcc/arm-none-eabi/9.3.1/../../../../arm-none-eabi/lib/thumb/v6-m/nofp\libstdc++_nano.a(eh_personality.o)
                0x00007fc8                __gxx_personality_v0
 .text._ZN10__cxxabiv111__terminateEPFvvE
                0x00008312        0x8 c:/armtools/9_2020-q2-update/bin/../lib/gcc/arm-none-eabi/9.3.1/../../../../arm-none-eabi/lib/thumb/v6-m/nofp\libstdc++_nano.a(eh_terminate.o)
                0x00008312                __cxxabiv1::__terminate(void (*)())
 *fill*         0x0000831a        0x2 
 .text._ZSt9terminatev
                0x0000831c       0x10 c:/armtools/9_2020-q2-update/bin/../lib/gcc/arm-none-eabi/9.3.1/../../../../arm-none-eabi/lib/thumb/v6-m/nofp\libstdc++_nano.a(eh_terminate.o)
                0x0000831c                std::terminate()
 .text._ZN10__cxxabiv112__unexpectedEPFvvE
                0x0000832c        0x8 c:/armtools/9_2020-q2-update/bin/../lib/gcc/arm-none-eabi/9.3.1/../../../../arm-none-eabi/lib/thumb/v6-m/nofp\libstdc++_nano.a(eh_terminate.o)
                0x0000832c                __cxxabiv1::__unexpected(void (*)())
 .text._ZSt10unexpectedv
                0x00008334       0x10 c:/armtools/9_2020-q2-update/bin/../lib/gcc/arm-none-eabi/9.3.1/../../../../arm-none-eabi/lib/thumb/v6-m/nofp\libstdc++_nano.a(eh_terminate.o)
                0x00008334                std::unexpected()
 .text._Znwj    0x00008344       0x24 c:/armtools/9_2020-q2-update/bin/../lib/gcc/arm-none-eabi/9.3.1/../../../../arm-none-eabi/lib/thumb/v6-m/nofp\libstdc++_nano.a(new_op.o)
                0x00008344                operator new(unsigned int)
 .text._ZN10__cxxabiv120__si_class_type_infoD2Ev
                0x00008368       0x18 c:/armtools/9_2020-q2-update/bin/../lib/gcc/arm-none-eabi/9.3.1/../../../../arm-none-eabi/lib/thumb/v6-m/nofp\libstdc++_nano.a(si_class_type_info.o)
                0x00008368                __cxxabiv1::__si_class_type_info::~__si_class_type_info()
                0x00008368                __cxxabiv1::__si_class_type_info::~__si_class_type_info()
 .text._ZN10__cxxabiv120__si_class_type_infoD0Ev
                0x00008380       0x14 c:/armtools/9_2020-q2-update/bin/../lib/gcc/arm-none-eabi/9.3.1/../../../../arm-none-eabi/lib/thumb/v6-m/nofp\libstdc++_nano.a(si_class_type_info.o)
                0x00008380                __cxxabiv1::__si_class_type_info::~__si_class_type_info()
 .text._ZNK10__cxxabiv120__si_class_type_info20__do_find_public_srcEiPKvPKNS_17__class_type_infoES2_
                0x00008394       0x32 c:/armtools/9_2020-q2-update/bin/../lib/gcc/arm-none-eabi/9.3.1/../../../../arm-none-eabi/lib/thumb/v6-m/nofp\libstdc++_nano.a(si_class_type_info.o)
                0x00008394                __cxxabiv1::__si_class_type_info::__do_find_public_src(int, void const*, __cxxabiv1::__class_type_info const*, void const*) const
 .text._ZNK10__cxxabiv120__si_class_type_info12__do_dyncastEiNS_17__class_type_info10__sub_kindEPKS1_PKvS4_S6_RNS1_16__dyncast_resultE
                0x000083c6       0x80 c:/armtools/9_2020-q2-update/bin/../lib/gcc/arm-none-eabi/9.3.1/../../../../arm-none-eabi/lib/thumb/v6-m/nofp\libstdc++_nano.a(si_class_type_info.o)
                0x000083c6                __cxxabiv1::__si_class_type_info::__do_dyncast(int, __cxxabiv1::__class_type_info::__sub_kind, __cxxabiv1::__class_type_info const*, void const*, __cxxabiv1::__class_type_info const*, void const*, __cxxabiv1::__class_type_info::__dyncast_result&) const
 .text._ZNK10__cxxabiv120__si_class_type_info11__do_upcastEPKNS_17__class_type_infoEPKvRNS1_15__upcast_resultE
                0x00008446       0x22 c:/armtools/9_2020-q2-update/bin/../lib/gcc/arm-none-eabi/9.3.1/../../../../arm-none-eabi/lib/thumb/v6-m/nofp\libstdc++_nano.a(si_class_type_info.o)
                0x00008446                __cxxabiv1::__si_class_type_info::__do_upcast(__cxxabiv1::__class_type_info const*, void const*, __cxxabiv1::__class_type_info::__upcast_result&) const
 .text._ZNSt9type_infoD2Ev
                0x00008468        0x2 c:/armtools/9_2020-q2-update/bin/../lib/gcc/arm-none-eabi/9.3.1/../../../../arm-none-eabi/lib/thumb/v6-m/nofp\libstdc++_nano.a(tinfo.o)
                0x00008468                std::type_info::~type_info()
                0x00008468                std::type_info::~type_info()
 .text._ZNKSt9type_info14__is_pointer_pEv
                0x0000846a        0x4 c:/armtools/9_2020-q2-update/bin/../lib/gcc/arm-none-eabi/9.3.1/../../../../arm-none-eabi/lib/thumb/v6-m/nofp\libstdc++_nano.a(tinfo.o)
                0x0000846a                std::type_info::__is_pointer_p() const
                0x0000846a                std::type_info::__is_function_p() const
 .text._ZNKSt9type_infoeqERKS_
                0x0000846e       0x2c c:/armtools/9_2020-q2-update/bin/../lib/gcc/arm-none-eabi/9.3.1/../../../../arm-none-eabi/lib/thumb/v6-m/nofp\libstdc++_nano.a(tinfo.o)
                0x0000846e                std::type_info::operator==(std::type_info const&) const
 .text._ZN10__cxxabiv1L24__is_gxx_exception_classEPc
                0x0000849a       0x3a c:/armtools/9_2020-q2-update/bin/../lib/gcc/arm-none-eabi/9.3.1/../../../../arm-none-eabi/lib/thumb/v6-m/nofp\libstdc++_nano.a(eh_call.o)
 .text.__cxa_call_terminate
                0x000084d4       0x20 c:/armtools/9_2020-q2-update/bin/../lib/gcc/arm-none-eabi/9.3.1/../../../../arm-none-eabi/lib/thumb/v6-m/nofp\libstdc++_nano.a(eh_call.o)
                0x000084d4                __cxa_call_terminate
 .text.__cxa_call_unexpected
                0x000084f4       0x2a c:/armtools/9_2020-q2-update/bin/../lib/gcc/arm-none-eabi/9.3.1/../../../../arm-none-eabi/lib/thumb/v6-m/nofp\libstdc++_nano.a(eh_call.o)
                0x000084f4                __cxa_call_unexpected
 .text._ZN10__cxxabiv1L24__is_gxx_exception_classEPc
                0x0000851e       0x3a c:/armtools/9_2020-q2-update/bin/../lib/gcc/arm-none-eabi/9.3.1/../../../../arm-none-eabi/lib/thumb/v6-m/nofp\libstdc++_nano.a(eh_catch.o)
 .text.__cxa_begin_catch
                0x00008558       0x4e c:/armtools/9_2020-q2-update/bin/../lib/gcc/arm-none-eabi/9.3.1/../../../../arm-none-eabi/lib/thumb/v6-m/nofp\libstdc++_nano.a(eh_catch.o)
                0x00008558                __cxa_begin_catch
 *fill*         0x000085a6        0x2 
 .text._ZSt15get_new_handlerv
                0x000085a8        0xc c:/armtools/9_2020-q2-update/bin/../lib/gcc/arm-none-eabi/9.3.1/../../../../arm-none-eabi/lib/thumb/v6-m/nofp\libstdc++_nano.a(new_handler.o)
                0x000085a8                std::get_new_handler()
 .text          0x000085b4       0x14 c:/armtools/9_2020-q2-update/bin/../lib/gcc/arm-none-eabi/9.3.1/thumb/v6-m/nofp\libgcc.a(_thumb1_case_uqi.o)
                0x000085b4                __gnu_thumb1_case_uqi
 .text          0x000085c8       0x14 c:/armtools/9_2020-q2-update/bin/../lib/gcc/arm-none-eabi/9.3.1/thumb/v6-m/nofp\libgcc.a(_thumb1_case_shi.o)
                0x000085c8                __gnu_thumb1_case_shi
 .text          0x000085dc      0x114 c:/armtools/9_2020-q2-update/bin/../lib/gcc/arm-none-eabi/9.3.1/thumb/v6-m/nofp\libgcc.a(_udivsi3.o)
                0x000085dc                __aeabi_uidiv
                0x000085dc                __udivsi3
                0x000086e8                __aeabi_uidivmod
 .text          0x000086f0        0x4 c:/armtools/9_2020-q2-update/bin/../lib/gcc/arm-none-eabi/9.3.1/thumb/v6-m/nofp\libgcc.a(_dvmd_tls.o)
                0x000086f0                __aeabi_idiv0
                0x000086f0                __aeabi_ldiv0
 .text          0x000086f4       0x40 c:/armtools/9_2020-q2-update/bin/../lib/gcc/arm-none-eabi/9.3.1/thumb/v6-m/nofp\libgcc.a(_aeabi_uldivmod.o)
                0x000086f4                __aeabi_uldivmod
 .text          0x00008734       0x50 c:/armtools/9_2020-q2-update/bin/../lib/gcc/arm-none-eabi/9.3.1/thumb/v6-m/nofp\libgcc.a(_muldi3.o)
                0x00008734                __muldi3
                0x00008734                __aeabi_lmul
 .text          0x00008784      0x198 c:/armtools/9_2020-q2-update/bin/../lib/gcc/arm-none-eabi/9.3.1/thumb/v6-m/nofp\libgcc.a(_udivmoddi4.o)
                0x00008784                __udivmoddi4
 .text          0x0000891c       0x8c c:/armtools/9_2020-q2-update/bin/../lib/gcc/arm-none-eabi/9.3.1/thumb/v6-m/nofp\libgcc.a(floatsisf.o)
                0x0000891c                __aeabi_i2f
 .text          0x000089a8      0x5d0 c:/armtools/9_2020-q2-update/bin/../lib/gcc/arm-none-eabi/9.3.1/thumb/v6-m/nofp\libgcc.a(divdf3.o)
                0x000089a8                __aeabi_ddiv
 .text          0x00008f78      0x4d8 c:/armtools/9_2020-q2-update/bin/../lib/gcc/arm-none-eabi/9.3.1/thumb/v6-m/nofp\libgcc.a(muldf3.o)
                0x00008f78                __aeabi_dmul
 .text          0x00009450       0x60 c:/armtools/9_2020-q2-update/bin/../lib/gcc/arm-none-eabi/9.3.1/thumb/v6-m/nofp\libgcc.a(floatsidf.o)
                0x00009450                __aeabi_i2d
 .text          0x000094b0       0x90 c:/armtools/9_2020-q2-update/bin/../lib/gcc/arm-none-eabi/9.3.1/thumb/v6-m/nofp\libgcc.a(extendsfdf2.o)
                0x000094b0                __aeabi_f2d
 .text          0x00009540      0x110 c:/armtools/9_2020-q2-update/bin/../lib/gcc/arm-none-eabi/9.3.1/thumb/v6-m/nofp\libgcc.a(truncdfsf2.o)
                0x00009540                __aeabi_d2f
 .text          0x00009650      0xa44 c:/armtools/9_2020-q2-update/bin/../lib/gcc/arm-none-eabi/9.3.1/thumb/v6-m/nofp\libgcc.a(unwind-arm.o)
                0x0000991c                _Unwind_GetCFA
                0x00009920                __gnu_Unwind_RaiseException
                0x00009974                __gnu_Unwind_ForcedUnwind
                0x00009988                __gnu_Unwind_Resume
                0x000099d0                __gnu_Unwind_Resume_or_Rethrow
                0x000099ec                _Unwind_Complete
                0x000099f0                _Unwind_DeleteException
                0x00009a00                _Unwind_VRS_Get
                0x00009a4c                _Unwind_VRS_Set
                0x00009a98                __gnu_Unwind_Backtrace
                0x00009df4                __aeabi_unwind_cpp_pr0
                0x00009e00                __aeabi_unwind_cpp_pr1
                0x00009e0c                __aeabi_unwind_cpp_pr2
                0x00009e18                _Unwind_VRS_Pop
 .text          0x0000a094      0x144 c:/armtools/9_2020-q2-update/bin/../lib/gcc/arm-none-eabi/9.3.1/thumb/v6-m/nofp\libgcc.a(libunwind.o)
                0x0000a094                __restore_core_regs
                0x0000a094                restore_core_regs
                0x0000a0c0                __gnu_Unwind_Restore_VFP
                0x0000a0c4                __gnu_Unwind_Save_VFP
                0x0000a0c8                __gnu_Unwind_Restore_VFP_D
                0x0000a0cc                __gnu_Unwind_Save_VFP_D
                0x0000a0d0                __gnu_Unwind_Restore_VFP_D_16_to_31
                0x0000a0d4                __gnu_Unwind_Save_VFP_D_16_to_31
                0x0000a0d8                __gnu_Unwind_Restore_WMMXD
                0x0000a0dc                __gnu_Unwind_Save_WMMXD
                0x0000a0e0                __gnu_Unwind_Restore_WMMXC
                0x0000a0e4                __gnu_Unwind_Save_WMMXC
                0x0000a0e8                ___Unwind_RaiseException
                0x0000a0e8                _Unwind_RaiseException
                0x0000a118                _Unwind_Resume
                0x0000a118                ___Unwind_Resume
                0x0000a148                _Unwind_Resume_or_Rethrow
                0x0000a148                ___Unwind_Resume_or_Rethrow
                0x0000a178                _Unwind_ForcedUnwind
                0x0000a178                ___Unwind_ForcedUnwind
                0x0000a1a8                ___Unwind_Backtrace
                0x0000a1a8                _Unwind_Backtrace
 .text          0x0000a1d8      0x390 c:/armtools/9_2020-q2-update/bin/../lib/gcc/arm-none-eabi/9.3.1/thumb/v6-m/nofp\libgcc.a(pr-support.o)
                0x0000a22c                __gnu_unwind_execute
                0x0000a51c                __gnu_unwind_frame
                0x0000a548                _Unwind_GetRegionStart
                0x0000a554                _Unwind_GetLanguageSpecificData
 .text.unlikely
                0x0000a568        0xc c:/armtools/9_2020-q2-update/bin/../lib/gcc/arm-none-eabi/9.3.1/thumb/v6-m/nofp\libgcc.a(pr-support.o)
                0x0000a568                _Unwind_GetDataRelBase
                0x0000a56e                _Unwind_GetTextRelBase
 .text          0x0000a574       0x3c c:/armtools/9_2020-q2-update/bin/../lib/gcc/arm-none-eabi/9.3.1/thumb/v6-m/nofp\libgcc.a(_clzsi2.o)
                0x0000a574                __clzsi2
 .text          0x0000a5b0       0x18 c:/armtools/9_2020-q2-update/bin/../lib/gcc/arm-none-eabi/9.3.1/thumb/v6-m/nofp\libgcc.a(_clzdi2.o)
                0x0000a5b0                __clzdi2
 .text.abort    0x0000a5c8        0xe c:/armtools/9_2020-q2-update/bin/../lib/gcc/arm-none-eabi/9.3.1/../../../../arm-none-eabi/lib/thumb/v6-m/nofp\libg_nano.a(lib_a-abort.o)
                0x0000a5c8                abort
 *fill*         0x0000a5d6        0x2 
 .text.calloc   0x0000a5d8       0x14 c:/armtools/9_2020-q2-update/bin/../lib/gcc/arm-none-eabi/9.3.1/../../../../arm-none-eabi/lib/thumb/v6-m/nofp\libg_nano.a(lib_a-calloc.o)
                0x0000a5d8                calloc
 .text.__cxa_atexit
                0x0000a5ec       0x1c c:/armtools/9_2020-q2-update/bin/../lib/gcc/arm-none-eabi/9.3.1/../../../../arm-none-eabi/lib/thumb/v6-m/nofp\libg_nano.a(lib_a-cxa_atexit.o)
                0x0000a5ec                __cxa_atexit
 .text.exit     0x0000a608       0x2c c:/armtools/9_2020-q2-update/bin/../lib/gcc/arm-none-eabi/9.3.1/../../../../arm-none-eabi/lib/thumb/v6-m/nofp\libg_nano.a(lib_a-exit.o)
                0x0000a608                exit
 .text.__libc_init_array
                0x0000a634       0x48 c:/armtools/9_2020-q2-update/bin/../lib/gcc/arm-none-eabi/9.3.1/../../../../arm-none-eabi/lib/thumb/v6-m/nofp\libg_nano.a(lib_a-init.o)
                0x0000a634                __libc_init_array
 .text.malloc   0x0000a67c       0x14 c:/armtools/9_2020-q2-update/bin/../lib/gcc/arm-none-eabi/9.3.1/../../../../arm-none-eabi/lib/thumb/v6-m/nofp\libg_nano.a(lib_a-malloc.o)
                0x0000a67c                malloc
 .text.free     0x0000a690       0x14 c:/armtools/9_2020-q2-update/bin/../lib/gcc/arm-none-eabi/9.3.1/../../../../arm-none-eabi/lib/thumb/v6-m/nofp\libg_nano.a(lib_a-malloc.o)
                0x0000a690                free
 .text.memcmp   0x0000a6a4       0x1c c:/armtools/9_2020-q2-update/bin/../lib/gcc/arm-none-eabi/9.3.1/../../../../arm-none-eabi/lib/thumb/v6-m/nofp\libg_nano.a(lib_a-memcmp.o)
                0x0000a6a4                memcmp
 .text.memcpy   0x0000a6c0       0x12 c:/armtools/9_2020-q2-update/bin/../lib/gcc/arm-none-eabi/9.3.1/../../../../arm-none-eabi/lib/thumb/v6-m/nofp\libg_nano.a(lib_a-memcpy-stub.o)
                0x0000a6c0                memcpy
 .text.memset   0x0000a6d2       0x10 c:/armtools/9_2020-q2-update/bin/../lib/gcc/arm-none-eabi/9.3.1/../../../../arm-none-eabi/lib/thumb/v6-m/nofp\libg_nano.a(lib_a-memset.o)
                0x0000a6d2                memset
 .text._calloc_r
                0x0000a6e2       0x1c c:/armtools/9_2020-q2-update/bin/../lib/gcc/arm-none-eabi/9.3.1/../../../../arm-none-eabi/lib/thumb/v6-m/nofp\libg_nano.a(lib_a-nano-callocr.o)
                0x0000a6e2                _calloc_r
 *fill*         0x0000a6fe        0x2 
 .text._free_r  0x0000a700       0x94 c:/armtools/9_2020-q2-update/bin/../lib/gcc/arm-none-eabi/9.3.1/../../../../arm-none-eabi/lib/thumb/v6-m/nofp\libg_nano.a(lib_a-nano-freer.o)
                0x0000a700                _free_r
 .text._malloc_r
                0x0000a794       0xbc c:/armtools/9_2020-q2-update/bin/../lib/gcc/arm-none-eabi/9.3.1/../../../../arm-none-eabi/lib/thumb/v6-m/nofp\libg_nano.a(lib_a-nano-mallocr.o)
                0x0000a794                _malloc_r
 .text.rand     0x0000a850       0x7c c:/armtools/9_2020-q2-update/bin/../lib/gcc/arm-none-eabi/9.3.1/../../../../arm-none-eabi/lib/thumb/v6-m/nofp\libg_nano.a(lib_a-rand.o)
                0x0000a850                rand
 .text._sbrk_r  0x0000a8cc       0x24 c:/armtools/9_2020-q2-update/bin/../lib/gcc/arm-none-eabi/9.3.1/../../../../arm-none-eabi/lib/thumb/v6-m/nofp\libg_nano.a(lib_a-sbrkr.o)
                0x0000a8cc                _sbrk_r
 .text._raise_r
                0x0000a8f0       0x54 c:/armtools/9_2020-q2-update/bin/../lib/gcc/arm-none-eabi/9.3.1/../../../../arm-none-eabi/lib/thumb/v6-m/nofp\libg_nano.a(lib_a-signal.o)
                0x0000a8f0                _raise_r
 .text.raise    0x0000a944       0x14 c:/armtools/9_2020-q2-update/bin/../lib/gcc/arm-none-eabi/9.3.1/../../../../arm-none-eabi/lib/thumb/v6-m/nofp\libg_nano.a(lib_a-signal.o)
                0x0000a944                raise
 .text._kill_r  0x0000a958       0x24 c:/armtools/9_2020-q2-update/bin/../lib/gcc/arm-none-eabi/9.3.1/../../../../arm-none-eabi/lib/thumb/v6-m/nofp\libg_nano.a(lib_a-signalr.o)
                0x0000a958                _kill_r
 .text._getpid_r
                0x0000a97c        0x8 c:/armtools/9_2020-q2-update/bin/../lib/gcc/arm-none-eabi/9.3.1/../../../../arm-none-eabi/lib/thumb/v6-m/nofp\libg_nano.a(lib_a-signalr.o)
                0x0000a97c                _getpid_r
 .text          0x0000a984       0x14 c:/armtools/9_2020-q2-update/bin/../lib/gcc/arm-none-eabi/9.3.1/../../../../arm-none-eabi/lib/thumb/v6-m/nofp\libg_nano.a(lib_a-strcmp.o)
                0x0000a984                strcmp
 .text.__assert_func
                0x0000a998       0x3c c:/armtools/9_2020-q2-update/bin/../lib/gcc/arm-none-eabi/9.3.1/../../../../arm-none-eabi/lib/thumb/v6-m/nofp\libg_nano.a(lib_a-assert.o)
                0x0000a998                __assert_func
 .text.fprintf  0x0000a9d4       0x20 c:/armtools/9_2020-q2-update/bin/../lib/gcc/arm-none-eabi/9.3.1/../../../../arm-none-eabi/lib/thumb/v6-m/nofp\libg_nano.a(lib_a-fprintf.o)
                0x0000a9d4                fiprintf
                0x0000a9d4                fprintf
 .text.__malloc_lock
                0x0000a9f4       0x10 c:/armtools/9_2020-q2-update/bin/../lib/gcc/arm-none-eabi/9.3.1/../../../../arm-none-eabi/lib/thumb/v6-m/nofp\libg_nano.a(lib_a-mlock.o)
                0x0000a9f4                __malloc_lock
 .text.__malloc_unlock
                0x0000aa04       0x10 c:/armtools/9_2020-q2-update/bin/../lib/gcc/arm-none-eabi/9.3.1/../../../../arm-none-eabi/lib/thumb/v6-m/nofp\libg_nano.a(lib_a-mlock.o)
                0x0000aa04                __malloc_unlock
 .text.__sfputc_r
                0x0000aa14       0x2a c:/armtools/9_2020-q2-update/bin/../lib/gcc/arm-none-eabi/9.3.1/../../../../arm-none-eabi/lib/thumb/v6-m/nofp\libg_nano.a(lib_a-nano-vfprintf.o)
 .text.__sfputs_r
                0x0000aa3e       0x24 c:/armtools/9_2020-q2-update/bin/../lib/gcc/arm-none-eabi/9.3.1/../../../../arm-none-eabi/lib/thumb/v6-m/nofp\libg_nano.a(lib_a-nano-vfprintf.o)
                0x0000aa3e                __sfputs_r
 *fill*         0x0000aa62        0x2 
 .text._vfprintf_r
                0x0000aa64      0x274 c:/armtools/9_2020-q2-update/bin/../lib/gcc/arm-none-eabi/9.3.1/../../../../arm-none-eabi/lib/thumb/v6-m/nofp\libg_nano.a(lib_a-nano-vfprintf.o)
                0x0000aa64                _vfprintf_r
                0x0000aa64                _vfiprintf_r
 .text._printf_common
                0x0000acd8       0xde c:/armtools/9_2020-q2-update/bin/../lib/gcc/arm-none-eabi/9.3.1/../../../../arm-none-eabi/lib/thumb/v6-m/nofp\libg_nano.a(lib_a-nano-vfprintf_i.o)
                0x0000acd8                _printf_common
 *fill*         0x0000adb6        0x2 
 .text._printf_i
                0x0000adb8      0x224 c:/armtools/9_2020-q2-update/bin/../lib/gcc/arm-none-eabi/9.3.1/../../../../arm-none-eabi/lib/thumb/v6-m/nofp\libg_nano.a(lib_a-nano-vfprintf_i.o)
                0x0000adb8                _printf_i
 .text.__swbuf_r
                0x0000afdc       0xac c:/armtools/9_2020-q2-update/bin/../lib/gcc/arm-none-eabi/9.3.1/../../../../arm-none-eabi/lib/thumb/v6-m/nofp\libg_nano.a(lib_a-wbuf.o)
                0x0000afdc                __swbuf_r
 .text.__swsetup_r
                0x0000b088       0xf0 c:/armtools/9_2020-q2-update/bin/../lib/gcc/arm-none-eabi/9.3.1/../../../../arm-none-eabi/lib/thumb/v6-m/nofp\libg_nano.a(lib_a-wsetup.o)
                0x0000b088                __swsetup_r
 .text.__sflush_r
                0x0000b178      0x118 c:/armtools/9_2020-q2-update/bin/../lib/gcc/arm-none-eabi/9.3.1/../../../../arm-none-eabi/lib/thumb/v6-m/nofp\libg_nano.a(lib_a-fflush.o)
                0x0000b178                __sflush_r
 .text._fflush_r
                0x0000b290       0x80 c:/armtools/9_2020-q2-update/bin/../lib/gcc/arm-none-eabi/9.3.1/../../../../arm-none-eabi/lib/thumb/v6-m/nofp\libg_nano.a(lib_a-fflush.o)
                0x0000b290                _fflush_r
 .text.std      0x0000b310       0x48 c:/armtools/9_2020-q2-update/bin/../lib/gcc/arm-none-eabi/9.3.1/../../../../arm-none-eabi/lib/thumb/v6-m/nofp\libg_nano.a(lib_a-findfp.o)
 .text._cleanup_r
                0x0000b358       0x10 c:/armtools/9_2020-q2-update/bin/../lib/gcc/arm-none-eabi/9.3.1/../../../../arm-none-eabi/lib/thumb/v6-m/nofp\libg_nano.a(lib_a-findfp.o)
                0x0000b358                _cleanup_r
 .text.__sfmoreglue
                0x0000b368       0x2c c:/armtools/9_2020-q2-update/bin/../lib/gcc/arm-none-eabi/9.3.1/../../../../arm-none-eabi/lib/thumb/v6-m/nofp\libg_nano.a(lib_a-findfp.o)
                0x0000b368                __sfmoreglue
 .text.__sfp_lock_acquire
                0x0000b394       0x10 c:/armtools/9_2020-q2-update/bin/../lib/gcc/arm-none-eabi/9.3.1/../../../../arm-none-eabi/lib/thumb/v6-m/nofp\libg_nano.a(lib_a-findfp.o)
                0x0000b394                __sfp_lock_acquire
 .text.__sfp_lock_release
                0x0000b3a4       0x10 c:/armtools/9_2020-q2-update/bin/../lib/gcc/arm-none-eabi/9.3.1/../../../../arm-none-eabi/lib/thumb/v6-m/nofp\libg_nano.a(lib_a-findfp.o)
                0x0000b3a4                __sfp_lock_release
 .text.__sinit_lock_acquire
                0x0000b3b4       0x10 c:/armtools/9_2020-q2-update/bin/../lib/gcc/arm-none-eabi/9.3.1/../../../../arm-none-eabi/lib/thumb/v6-m/nofp\libg_nano.a(lib_a-findfp.o)
                0x0000b3b4                __sinit_lock_acquire
 .text.__sinit_lock_release
                0x0000b3c4       0x10 c:/armtools/9_2020-q2-update/bin/../lib/gcc/arm-none-eabi/9.3.1/../../../../arm-none-eabi/lib/thumb/v6-m/nofp\libg_nano.a(lib_a-findfp.o)
                0x0000b3c4                __sinit_lock_release
 .text.__sinit  0x0000b3d4       0x70 c:/armtools/9_2020-q2-update/bin/../lib/gcc/arm-none-eabi/9.3.1/../../../../arm-none-eabi/lib/thumb/v6-m/nofp\libg_nano.a(lib_a-findfp.o)
                0x0000b3d4                __sinit
 .text.__sfp    0x0000b444       0x90 c:/armtools/9_2020-q2-update/bin/../lib/gcc/arm-none-eabi/9.3.1/../../../../arm-none-eabi/lib/thumb/v6-m/nofp\libg_nano.a(lib_a-findfp.o)
                0x0000b444                __sfp
 .text._fwalk_reent
                0x0000b4d4       0x40 c:/armtools/9_2020-q2-update/bin/../lib/gcc/arm-none-eabi/9.3.1/../../../../arm-none-eabi/lib/thumb/v6-m/nofp\libg_nano.a(lib_a-fwalk.o)
                0x0000b4d4                _fwalk_reent
 .text.__retarget_lock_init_recursive
                0x0000b514        0x2 c:/armtools/9_2020-q2-update/bin/../lib/gcc/arm-none-eabi/9.3.1/../../../../arm-none-eabi/lib/thumb/v6-m/nofp\libg_nano.a(lib_a-lock.o)
                0x0000b514                __retarget_lock_init_recursive
 .text.__retarget_lock_acquire_recursive
                0x0000b516        0x2 c:/armtools/9_2020-q2-update/bin/../lib/gcc/arm-none-eabi/9.3.1/../../../../arm-none-eabi/lib/thumb/v6-m/nofp\libg_nano.a(lib_a-lock.o)
                0x0000b516                __retarget_lock_acquire_recursive
 .text.__retarget_lock_release_recursive
                0x0000b518        0x2 c:/armtools/9_2020-q2-update/bin/../lib/gcc/arm-none-eabi/9.3.1/../../../../arm-none-eabi/lib/thumb/v6-m/nofp\libg_nano.a(lib_a-lock.o)
                0x0000b518                __retarget_lock_release_recursive
 *fill*         0x0000b51a        0x2 
 .text.__swhatbuf_r
                0x0000b51c       0x50 c:/armtools/9_2020-q2-update/bin/../lib/gcc/arm-none-eabi/9.3.1/../../../../arm-none-eabi/lib/thumb/v6-m/nofp\libg_nano.a(lib_a-makebuf.o)
                0x0000b51c                __swhatbuf_r
 .text.__smakebuf_r
                0x0000b56c       0x88 c:/armtools/9_2020-q2-update/bin/../lib/gcc/arm-none-eabi/9.3.1/../../../../arm-none-eabi/lib/thumb/v6-m/nofp\libg_nano.a(lib_a-makebuf.o)
                0x0000b56c                __smakebuf_r
 .text.memchr   0x0000b5f4       0x16 c:/armtools/9_2020-q2-update/bin/../lib/gcc/arm-none-eabi/9.3.1/../../../../arm-none-eabi/lib/thumb/v6-m/nofp\libg_nano.a(lib_a-memchr-stub.o)
                0x0000b5f4                memchr
 *fill*         0x0000b60a        0x2 
 .text.__sread  0x0000b60c       0x28 c:/armtools/9_2020-q2-update/bin/../lib/gcc/arm-none-eabi/9.3.1/../../../../arm-none-eabi/lib/thumb/v6-m/nofp\libg_nano.a(lib_a-stdio.o)
                0x0000b60c                __sread
 .text.__swrite
                0x0000b634       0x38 c:/armtools/9_2020-q2-update/bin/../lib/gcc/arm-none-eabi/9.3.1/../../../../arm-none-eabi/lib/thumb/v6-m/nofp\libg_nano.a(lib_a-stdio.o)
                0x0000b634                __swrite
 .text.__sseek  0x0000b66c       0x2c c:/armtools/9_2020-q2-update/bin/../lib/gcc/arm-none-eabi/9.3.1/../../../../arm-none-eabi/lib/thumb/v6-m/nofp\libg_nano.a(lib_a-stdio.o)
                0x0000b66c                __sseek
 .text.__sclose
                0x0000b698        0xc c:/armtools/9_2020-q2-update/bin/../lib/gcc/arm-none-eabi/9.3.1/../../../../arm-none-eabi/lib/thumb/v6-m/nofp\libg_nano.a(lib_a-stdio.o)
                0x0000b698                __sclose
 .text._write_r
                0x0000b6a4       0x28 c:/armtools/9_2020-q2-update/bin/../lib/gcc/arm-none-eabi/9.3.1/../../../../arm-none-eabi/lib/thumb/v6-m/nofp\libg_nano.a(lib_a-writer.o)
                0x0000b6a4                _write_r
 .text._close_r
                0x0000b6cc       0x24 c:/armtools/9_2020-q2-update/bin/../lib/gcc/arm-none-eabi/9.3.1/../../../../arm-none-eabi/lib/thumb/v6-m/nofp\libg_nano.a(lib_a-closer.o)
                0x0000b6cc                _close_r
 .text._fstat_r
                0x0000b6f0       0x24 c:/armtools/9_2020-q2-update/bin/../lib/gcc/arm-none-eabi/9.3.1/../../../../arm-none-eabi/lib/thumb/v6-m/nofp\libg_nano.a(lib_a-fstatr.o)
                0x0000b6f0                _fstat_r
 .text._isatty_r