Archive member included to satisfy reference by file (symbol)

e:/eclipse/forcontroller/source/basesoft/gcc-arm-9_2020-q2-update/bin/../lib/gcc/arm-none-eabi/9.3.1/../../../../arm-none-eabi/lib/thumb/v6-m/nofp\libstdc++_nano.a(atexit_arm.o)
                              ./mtr_libs/BaseDataManager/BaseDataManager.o (__aeabi_atexit)
e:/eclipse/forcontroller/source/basesoft/gcc-arm-9_2020-q2-update/bin/../lib/gcc/arm-none-eabi/9.3.1/../../../../arm-none-eabi/lib/thumb/v6-m/nofp\libstdc++_nano.a(class_type_info.o)
                              ./mtr_libs/BaseDataManager/BaseDataManager.o (vtable for __cxxabiv1::__class_type_info)
e:/eclipse/forcontroller/source/basesoft/gcc-arm-9_2020-q2-update/bin/../lib/gcc/arm-none-eabi/9.3.1/../../../../arm-none-eabi/lib/thumb/v6-m/nofp\libstdc++_nano.a(del_op.o)
                              ./mtr_libs/BaseDataManager/BaseDataManager.o (operator delete(void*))
e:/eclipse/forcontroller/source/basesoft/gcc-arm-9_2020-q2-update/bin/../lib/gcc/arm-none-eabi/9.3.1/../../../../arm-none-eabi/lib/thumb/v6-m/nofp\libstdc++_nano.a(del_ops.o)
                              e:/eclipse/forcontroller/source/basesoft/gcc-arm-9_2020-q2-update/bin/../lib/gcc/arm-none-eabi/9.3.1/../../../../arm-none-eabi/lib/thumb/v6-m/nofp\libstdc++_nano.a(class_type_info.o) (operator delete(void*, unsigned int))
e:/eclipse/forcontroller/source/basesoft/gcc-arm-9_2020-q2-update/bin/../lib/gcc/arm-none-eabi/9.3.1/../../../../arm-none-eabi/lib/thumb/v6-m/nofp\libstdc++_nano.a(eh_arm.o)
                              ./mtr_libs/BaseCanDataNetwork/BaseCanNetwork.o (__cxa_end_cleanup)
e:/eclipse/forcontroller/source/basesoft/gcc-arm-9_2020-q2-update/bin/../lib/gcc/arm-none-eabi/9.3.1/../../../../arm-none-eabi/lib/thumb/v6-m/nofp\libstdc++_nano.a(eh_exception.o)
                              e:/eclipse/forcontroller/source/basesoft/gcc-arm-9_2020-q2-update/bin/../lib/gcc/arm-none-eabi/9.3.1/../../../../arm-none-eabi/lib/thumb/v6-m/nofp\libstdc++_nano.a(eh_arm.o) (typeinfo for __cxxabiv1::__forced_unwind)
e:/eclipse/forcontroller/source/basesoft/gcc-arm-9_2020-q2-update/bin/../lib/gcc/arm-none-eabi/9.3.1/../../../../arm-none-eabi/lib/thumb/v6-m/nofp\libstdc++_nano.a(eh_globals.o)
                              e:/eclipse/forcontroller/source/basesoft/gcc-arm-9_2020-q2-update/bin/../lib/gcc/arm-none-eabi/9.3.1/../../../../arm-none-eabi/lib/thumb/v6-m/nofp\libstdc++_nano.a(eh_arm.o) (__cxa_get_globals)
e:/eclipse/forcontroller/source/basesoft/gcc-arm-9_2020-q2-update/bin/../lib/gcc/arm-none-eabi/9.3.1/../../../../arm-none-eabi/lib/thumb/v6-m/nofp\libstdc++_nano.a(eh_personality.o)
                              ./mtr_libs/BaseDataManager/BaseDataManager.o (__gxx_personality_v0)
e:/eclipse/forcontroller/source/basesoft/gcc-arm-9_2020-q2-update/bin/../lib/gcc/arm-none-eabi/9.3.1/../../../../arm-none-eabi/lib/thumb/v6-m/nofp\libstdc++_nano.a(eh_terminate.o)
                              e:/eclipse/forcontroller/source/basesoft/gcc-arm-9_2020-q2-update/bin/../lib/gcc/arm-none-eabi/9.3.1/../../../../arm-none-eabi/lib/thumb/v6-m/nofp\libstdc++_nano.a(eh_arm.o) (std::terminate())
e:/eclipse/forcontroller/source/basesoft/gcc-arm-9_2020-q2-update/bin/../lib/gcc/arm-none-eabi/9.3.1/../../../../arm-none-eabi/lib/thumb/v6-m/nofp\libstdc++_nano.a(eh_unex_handler.o)
                              e:/eclipse/forcontroller/source/basesoft/gcc-arm-9_2020-q2-update/bin/../lib/gcc/arm-none-eabi/9.3.1/../../../../arm-none-eabi/lib/thumb/v6-m/nofp\libstdc++_nano.a(eh_terminate.o) (__cxxabiv1::__unexpected_handler)
e:/eclipse/forcontroller/source/basesoft/gcc-arm-9_2020-q2-update/bin/../lib/gcc/arm-none-eabi/9.3.1/../../../../arm-none-eabi/lib/thumb/v6-m/nofp\libstdc++_nano.a(new_op.o)
                              ./mtr_libs/BaseCanDataNetwork/BaseCanNetwork.o (operator new(unsigned int))
e:/eclipse/forcontroller/source/basesoft/gcc-arm-9_2020-q2-update/bin/../lib/gcc/arm-none-eabi/9.3.1/../../../../arm-none-eabi/lib/thumb/v6-m/nofp\libstdc++_nano.a(pure.o)
                              e:/eclipse/forcontroller/source/basesoft/gcc-arm-9_2020-q2-update/bin/../lib/gcc/arm-none-eabi/9.3.1/../../../../arm-none-eabi/lib/thumb/v6-m/nofp\libstdc++_nano.a(eh_exception.o) (__cxa_pure_virtual)
e:/eclipse/forcontroller/source/basesoft/gcc-arm-9_2020-q2-update/bin/../lib/gcc/arm-none-eabi/9.3.1/../../../../arm-none-eabi/lib/thumb/v6-m/nofp\libstdc++_nano.a(si_class_type_info.o)
                              e:/eclipse/forcontroller/source/basesoft/gcc-arm-9_2020-q2-update/bin/../lib/gcc/arm-none-eabi/9.3.1/../../../../arm-none-eabi/lib/thumb/v6-m/nofp\libstdc++_nano.a(class_type_info.o) (vtable for __cxxabiv1::__si_class_type_info)
e:/eclipse/forcontroller/source/basesoft/gcc-arm-9_2020-q2-update/bin/../lib/gcc/arm-none-eabi/9.3.1/../../../../arm-none-eabi/lib/thumb/v6-m/nofp\libstdc++_nano.a(tinfo.o)
[...]
Memory Configuration

Name             Origin             Length             Attributes
FLASH            0x00000000         0x0001f000         xr
RAM              0x20000000         0x00008000         rw
IRAM             0x20100000         0x00004000         xrw
*default*        0x00000000         0xffffffff

Linker script and memory map

LOAD e:/eclipse/forcontroller/source/basesoft/gcc-arm-9_2020-q2-update/bin/../lib/gcc/arm-none-eabi/9.3.1/thumb/v6-m/nofp/crti.o
LOAD e:/eclipse/forcontroller/source/basesoft/gcc-arm-9_2020-q2-update/bin/../lib/gcc/arm-none-eabi/9.3.1/thumb/v6-m/nofp/crtbegin.o
LOAD e:/eclipse/forcontroller/source/basesoft/gcc-arm-9_2020-q2-update/bin/../lib/gcc/arm-none-eabi/9.3.1/../../../../arm-none-eabi/lib/thumb/v6-m/nofp/crt0.o
LOAD ./src/inits.o
LOAD ./src/tasks.o
LOAD ./mtr_libs/mtr_usb_cdc/mtr_usb_cdc.o
LOAD ./mtr_libs/mtr_uart_base/mtr_uart_base.o
LOAD ./mtr_libs/mtr_timer/mtr_timer.o
LOAD ./mtr_libs/mtr_tcpip/mtr_tcpip.o
LOAD ./mtr_libs/mtr_service/mtr_service.o
LOAD ./mtr_libs/mtr_port/mtr_port.o
LOAD ./mtr_libs/mtr_planner/mtr_planner.o
LOAD ./mtr_libs/mtr_modbus_slave/mtr_modbus_slave.o
LOAD ./mtr_libs/mtr_modbus_base/mtr_modbus_base.o
LOAD ./mtr_libs/mtr_modbus/mtr_modbus.o
LOAD ./mtr_libs/mtr_led/mtr_led.o
LOAD ./mtr_libs/mtr_ethernet/mtr_ethernet.o
LOAD ./mtr_libs/mtr_eeprom/mtr_eeprom.o
LOAD ./mtr_libs/mtr_crc/mtr_crc.o
LOAD ./mtr_libs/mtr_can/mtr_can.o
LOAD ./mtr_libs/mtr_button/mtr_button.o
LOAD ./mtr_libs/SlaveModbusDevice/SlaveModbusDevice.o
LOAD ./mtr_libs/BaseNetworkDevices/ModbusDevice.o
LOAD ./mtr_libs/BaseNetworkDevices/NetworkDevice.o
LOAD ./mtr_libs/BaseDataManager/BaseDataManager.o
LOAD ./mtr_libs/BaseCanDataNetwork/BaseCanNetwork.o
LOAD ./mtr_libs/Addressing/addressing.o
LOAD ./cmsis_lib/src/MDR32F9Qx_adc.o
LOAD ./cmsis_lib/src/MDR32F9Qx_arinc429r.o
LOAD ./cmsis_lib/src/MDR32F9Qx_arinc429t.o
LOAD ./cmsis_lib/src/MDR32F9Qx_audio.o
LOAD ./cmsis_lib/src/MDR32F9Qx_bkp.o
LOAD ./cmsis_lib/src/MDR32F9Qx_can.o
LOAD ./cmsis_lib/src/MDR32F9Qx_comp.o
LOAD ./cmsis_lib/src/MDR32F9Qx_dac.o
LOAD ./cmsis_lib/src/MDR32F9Qx_dma.o
LOAD ./cmsis_lib/src/MDR32F9Qx_dsp.o
LOAD ./cmsis_lib/src/MDR32F9Qx_ebc.o
LOAD ./cmsis_lib/src/MDR32F9Qx_eeprom.o
LOAD ./cmsis_lib/src/MDR32F9Qx_eth.o
LOAD ./cmsis_lib/src/MDR32F9Qx_i2c.o
LOAD ./cmsis_lib/src/MDR32F9Qx_iwdg.o
LOAD ./cmsis_lib/src/MDR32F9Qx_keypad.o
LOAD ./cmsis_lib/src/MDR32F9Qx_led.o
LOAD ./cmsis_lib/src/MDR32F9Qx_mil_std_1553.o
LOAD ./cmsis_lib/src/MDR32F9Qx_port.o
LOAD ./cmsis_lib/src/MDR32F9Qx_power.o
LOAD ./cmsis_lib/src/MDR32F9Qx_rst_clk.o
LOAD ./cmsis_lib/src/MDR32F9Qx_sdio.o
LOAD ./cmsis_lib/src/MDR32F9Qx_ssp.o
LOAD ./cmsis_lib/src/MDR32F9Qx_timer.o
LOAD ./cmsis_lib/src/MDR32F9Qx_uart.o
LOAD ./cmsis_lib/src/MDR32F9Qx_usb.o
LOAD ./cmsis_lib/src/MDR32F9Qx_usb_CDC.o
LOAD ./cmsis_lib/src/MDR32F9Qx_usb_device.o
LOAD ./cmsis_lib/src/MDR32F9Qx_wwdg.o
LOAD ./cmsis_boot/startup/startup_MDR1986VE1T.o
LOAD ./cmsis_boot/system_MDR1986VE1T.o
LOAD ./main.o
LOAD e:/eclipse/forcontroller/source/basesoft/gcc-arm-9_2020-q2-update/bin/../lib/gcc/arm-none-eabi/9.3.1/../../../../arm-none-eabi/lib/thumb/v6-m/nofp\libstdc++_nano.a
LOAD e:/eclipse/forcontroller/source/basesoft/gcc-arm-9_2020-q2-update/bin/../lib/gcc/arm-none-eabi/9.3.1/../../../../arm-none-eabi/lib/thumb/v6-m/nofp\libm.a
START GROUP
LOAD e:/eclipse/forcontroller/source/basesoft/gcc-arm-9_2020-q2-update/bin/../lib/gcc/arm-none-eabi/9.3.1/thumb/v6-m/nofp\libgcc.a
LOAD e:/eclipse/forcontroller/source/basesoft/gcc-arm-9_2020-q2-update/bin/../lib/gcc/arm-none-eabi/9.3.1/../../../../arm-none-eabi/lib/thumb/v6-m/nofp\libg_nano.a
LOAD e:/eclipse/forcontroller/source/basesoft/gcc-arm-9_2020-q2-update/bin/../lib/gcc/arm-none-eabi/9.3.1/../../../../arm-none-eabi/lib/thumb/v6-m/nofp\libc_nano.a
END GROUP
START GROUP
LOAD e:/eclipse/forcontroller/source/basesoft/gcc-arm-9_2020-q2-update/bin/../lib/gcc/arm-none-eabi/9.3.1/thumb/v6-m/nofp\libgcc.a
LOAD e:/eclipse/forcontroller/source/basesoft/gcc-arm-9_2020-q2-update/bin/../lib/gcc/arm-none-eabi/9.3.1/../../../../arm-none-eabi/lib/thumb/v6-m/nofp\libc_nano.a
LOAD e:/eclipse/forcontroller/source/basesoft/gcc-arm-9_2020-q2-update/bin/../lib/gcc/arm-none-eabi/9.3.1/../../../../arm-none-eabi/lib/thumb/v6-m/nofp\libnosys.a
END GROUP
START GROUP
LOAD e:/eclipse/forcontroller/source/basesoft/gcc-arm-9_2020-q2-update/bin/../lib/gcc/arm-none-eabi/9.3.1/thumb/v6-m/nofp\libgcc.a
LOAD e:/eclipse/forcontroller/source/basesoft/gcc-arm-9_2020-q2-update/bin/../lib/gcc/arm-none-eabi/9.3.1/../../../../arm-none-eabi/lib/thumb/v6-m/nofp\libc_nano.a
LOAD e:/eclipse/forcontroller/source/basesoft/gcc-arm-9_2020-q2-update/bin/../lib/gcc/arm-none-eabi/9.3.1/../../../../arm-none-eabi/lib/thumb/v6-m/nofp\libnosys.a
END GROUP
LOAD e:/eclipse/forcontroller/source/basesoft/gcc-arm-9_2020-q2-update/bin/../lib/gcc/arm-none-eabi/9.3.1/thumb/v6-m/nofp/crtend.o
LOAD e:/eclipse/forcontroller/source/basesoft/gcc-arm-9_2020-q2-update/bin/../lib/gcc/arm-none-eabi/9.3.1/thumb/v6-m/nofp/crtn.o

.text           0x00000000     0x31e0
 *(.isr_vector)
 .isr_vector    0x00000000       0xc0 ./cmsis_boot/startup/startup_MDR1986VE1T.o
                0x00000000                __isr_vector
 *(.text*)
 .text          0x000000c0       0x48 e:/eclipse/forcontroller/source/basesoft/gcc-arm-9_2020-q2-update/bin/../lib/gcc/arm-none-eabi/9.3.1/thumb/v6-m/nofp/crtbegin.o
 .text          0x00000108       0x80 e:/eclipse/forcontroller/source/basesoft/gcc-arm-9_2020-q2-update/bin/../lib/gcc/arm-none-eabi/9.3.1/../../../../arm-none-eabi/lib/thumb/v6-m/nofp/crt0.o
                0x00000108                _stack_init
                0x00000114                _start
                0x00000114                _mainCRTStartup
 .text._Z8initDatav
                0x00000188        0x2 ./src/inits.o
                0x00000188                initData()
 .text._Z8initGPIOv
                0x0000018a        0x2 ./src/inits.o
                0x0000018a                initGPIO()
 .text._Z11initNetworkv
                0x0000018c       0x98 ./src/inits.o
                0x0000018c                initNetwork()
 .text.MTR_Uart_addByteToRxBuffer
                0x00000224       0x74 ./mtr_libs/mtr_uart_base/mtr_uart_base.o
                0x00000224                MTR_Uart_addByteToRxBuffer
 .text.MTR_Uart_resetTxPointer
                0x00000298       0x30 ./mtr_libs/mtr_uart_base/mtr_uart_base.o
                0x00000298                MTR_Uart_resetTxPointer
 .text.MTR_Uart_setDirection
                0x000002c8       0xe4 ./mtr_libs/mtr_uart_base/mtr_uart_base.o
                0x000002c8                MTR_Uart_setDirection
 .text.MTR_Uart_sendNextByte
                0x000003ac       0x6c ./mtr_libs/mtr_uart_base/mtr_uart_base.o
                0x000003ac                MTR_Uart_sendNextByte
 .text.MTR_Uart_timerRefresh
                0x00000418       0x38 ./mtr_libs/mtr_uart_base/mtr_uart_base.o
                0x00000418                MTR_Uart_timerRefresh
 .text.MTR_Uart_callCallbacks
                0x00000450      0x158 ./mtr_libs/mtr_uart_base/mtr_uart_base.o
                0x00000450                MTR_Uart_callCallbacks
 .text.MTR_Uart_updateTimerNumsFromIRQ
                0x000005a8       0xe0 ./mtr_libs/mtr_uart_base/mtr_uart_base.o
                0x000005a8                MTR_Uart_updateTimerNumsFromIRQ
 .text.MTR_Uart_rxInterruptHandler
                0x00000688       0x30 ./mtr_libs/mtr_uart_base/mtr_uart_base.o
                0x00000688                MTR_Uart_rxInterruptHandler
 .text.UART1_IRQHandler
                0x000006b8       0x70 ./mtr_libs/mtr_uart_base/mtr_uart_base.o
                0x000006b8                UART1_IRQHandler
 .text.UART2_IRQHandler
                0x00000728       0x70 ./mtr_libs/mtr_uart_base/mtr_uart_base.o
                0x00000728                UART2_IRQHandler
 .text.Timer3_IRQHandler
                0x00000798       0x94 ./mtr_libs/mtr_uart_base/mtr_uart_base.o
                0x00000798                Timer3_IRQHandler
 .text.MTR_Timer_start
                0x0000082c       0x18 ./mtr_libs/mtr_timer/mtr_timer.o
                0x0000082c                MTR_Timer_start
 .text.MTR_Timer_getOriginStruct
                0x00000844       0x10 ./mtr_libs/mtr_timer/mtr_timer.o
                0x00000844                MTR_Timer_getOriginStruct
 .text.NVIC_SystemReset
                0x00000854       0x18 ./mtr_libs/mtr_service/mtr_service.o
 .text.SysTick_Handler
                0x0000086c       0x24 ./mtr_libs/mtr_service/mtr_service.o
                0x0000086c                SysTick_Handler
 .text.disableInterrupts
                0x00000890       0x18 ./mtr_libs/mtr_service/mtr_service.o
                0x00000890                disableInterrupts
 .text.initClock
                0x000008a8       0x52 ./mtr_libs/mtr_service/mtr_service.o
                0x000008a8                initClock
 *fill*         0x000008fa        0x2 
 .text.initDevice
                0x000008fc       0x80 ./mtr_libs/mtr_service/mtr_service.o
                0x000008fc                initDevice
 .text.HardFault_Handler
                0x0000097c        0x6 ./mtr_libs/mtr_service/mtr_service.o
                0x0000097c                HardFault_Handler
 .text.NMI_Handler
                0x00000982        0x6 ./mtr_libs/mtr_service/mtr_service.o
                0x00000982                NMI_Handler
 .text.WWDG_IRQHandler
                0x00000988        0x6 ./mtr_libs/mtr_service/mtr_service.o
                0x00000988                WWDG_IRQHandler
 *fill*         0x0000098e        0x2 
 .text.MTR_Port_setPin
                0x00000990       0x1c ./mtr_libs/mtr_port/mtr_port.o
                0x00000990                MTR_Port_setPin
 .text.MTR_Port_resetPin
                0x000009ac       0x1c ./mtr_libs/mtr_port/mtr_port.o
                0x000009ac                MTR_Port_resetPin
 .text.MTR_Planner_updateForceRunTaskCounter
                0x000009c8        0xc ./mtr_libs/mtr_planner/mtr_planner.o
 .text.findMinimalLeftTime
                0x000009d4       0x3c ./mtr_libs/mtr_planner/mtr_planner.o
                0x000009d4                findMinimalLeftTime
 .text.MTR_Planner_runTasks
                0x00000a10       0xc4 ./mtr_libs/mtr_planner/mtr_planner.o
                0x00000a10                MTR_Planner_runTasks
 .text.Timer2_IRQHandler
                0x00000ad4       0x4c ./mtr_libs/mtr_planner/mtr_planner.o
                0x00000ad4                Timer2_IRQHandler
 .text.MTR_Eeprom_init
                0x00000b20       0x12 ./mtr_libs/mtr_eeprom/mtr_eeprom.o
                0x00000b20                MTR_Eeprom_init
 *fill*         0x00000b32        0x2 
 .text.MTR_Crc_getCrc16
                0x00000b34       0x2c ./mtr_libs/mtr_crc/mtr_crc.o
                0x00000b34                MTR_Crc_getCrc16
 .text._Z41__static_initialization_and_destruction_0ii
                0x00000b60       0x4c ./mtr_libs/BaseDataManager/BaseDataManager.o
 .text._ZNSt6vectorIP13BaseSomeValueSaIS1_EED2Ev
                0x00000bac       0x12 ./mtr_libs/BaseDataManager/BaseDataManager.o
                0x00000bac                std::vector<BaseSomeValue*, std::allocator<BaseSomeValue*> >::~vector()
                0x00000bac                std::vector<BaseSomeValue*, std::allocator<BaseSomeValue*> >::~vector()
 *fill*         0x00000bbe        0x2 
 .text._GLOBAL__sub_I__ZN15BaseDataManager9inputDataEv
                0x00000bc0       0x10 ./mtr_libs/BaseDataManager/BaseDataManager.o
 .text.EEPROM_SetLatency
                0x00000bd0        0xc ./cmsis_lib/src/MDR32F9Qx_eeprom.o
                0x00000bd0                EEPROM_SetLatency
 .text.ETH_ClockDeInit
                0x00000bdc       0x14 ./cmsis_lib/src/MDR32F9Qx_eth.o
                0x00000bdc                ETH_ClockDeInit
 .text.ETH_PHY_ClockConfig
                0x00000bf0       0x20 ./cmsis_lib/src/MDR32F9Qx_eth.o
                0x00000bf0                ETH_PHY_ClockConfig
 .text.ETH_BRGInit
                0x00000c10       0x14 ./cmsis_lib/src/MDR32F9Qx_eth.o
                0x00000c10                ETH_BRGInit
 .text.ETH_ClockCMD
                0x00000c24       0x1c ./cmsis_lib/src/MDR32F9Qx_eth.o
                0x00000c24                ETH_ClockCMD
 .text.ETH_PHYCmd
                0x00000c40       0x1a ./cmsis_lib/src/MDR32F9Qx_eth.o
                0x00000c40                ETH_PHYCmd
 *fill*         0x00000c5a        0x2 
 .text.ETH_StructInit
                0x00000c5c       0xbc ./cmsis_lib/src/MDR32F9Qx_eth.o
                0x00000c5c                ETH_StructInit
 .text.ETH_Init
                0x00000d18      0x14a ./cmsis_lib/src/MDR32F9Qx_eth.o
                0x00000d18                ETH_Init
 *fill*         0x00000e62        0x2 
 .text.ETH_MACTransmissionCmd
                0x00000e64       0x20 ./cmsis_lib/src/MDR32F9Qx_eth.o
                0x00000e64                ETH_MACTransmissionCmd
 .text.ETH_MACReceptionCmd
                0x00000e84       0x20 ./cmsis_lib/src/MDR32F9Qx_eth.o
                0x00000e84                ETH_MACReceptionCmd
 .text.ETH_Start
                0x00000ea4       0x26 ./cmsis_lib/src/MDR32F9Qx_eth.o
                0x00000ea4                ETH_Start
 .text.ETH_GetPHYStatus
                0x00000eca        0xe ./cmsis_lib/src/MDR32F9Qx_eth.o
                0x00000eca                ETH_GetPHYStatus
 .text.ETH_PHY_Reset
                0x00000ed8       0x1a ./cmsis_lib/src/MDR32F9Qx_eth.o
                0x00000ed8                ETH_PHY_Reset
 *fill*         0x00000ef2        0x2 
 .text.ETH_DeInit
                0x00000ef4       0x68 ./cmsis_lib/src/MDR32F9Qx_eth.o
                0x00000ef4                ETH_DeInit
 .text.PORT_SetBits
                0x00000f5c        0x4 ./cmsis_lib/src/MDR32F9Qx_port.o
                0x00000f5c                PORT_SetBits
 .text.PORT_ResetBits
                0x00000f60        0x4 ./cmsis_lib/src/MDR32F9Qx_port.o
                0x00000f60                PORT_ResetBits
 .text.RST_CLK_HSEconfig
                0x00000f64       0x30 ./cmsis_lib/src/MDR32F9Qx_rst_clk.o
                0x00000f64                RST_CLK_HSEconfig
 .text.RST_CLK_HSE2config
                0x00000f94       0x30 ./cmsis_lib/src/MDR32F9Qx_rst_clk.o
                0x00000f94                RST_CLK_HSE2config
 .text.RST_CLK_HSIcmd
                0x00000fc4       0x24 ./cmsis_lib/src/MDR32F9Qx_rst_clk.o
                0x00000fc4                RST_CLK_HSIcmd
 .text.RST_CLK_CPU_PLLconfig
                0x00000fe8       0x3c ./cmsis_lib/src/MDR32F9Qx_rst_clk.o
                0x00000fe8                RST_CLK_CPU_PLLconfig
 .text.RST_CLK_CPU_PLLuse
                0x00001024       0x1c ./cmsis_lib/src/MDR32F9Qx_rst_clk.o
                0x00001024                RST_CLK_CPU_PLLuse
 .text.RST_CLK_CPU_PLLcmd
                0x00001040       0x1c ./cmsis_lib/src/MDR32F9Qx_rst_clk.o
                0x00001040                RST_CLK_CPU_PLLcmd
 .text.RST_CLK_CPUclkPrescaler
                0x0000105c       0x14 ./cmsis_lib/src/MDR32F9Qx_rst_clk.o
                0x0000105c                RST_CLK_CPUclkPrescaler
 .text.RST_CLK_CPUclkSelection
                0x00001070       0x18 ./cmsis_lib/src/MDR32F9Qx_rst_clk.o
                0x00001070                RST_CLK_CPUclkSelection
 .text.RST_CLK_PCLKcmd
                0x00001088       0x1c ./cmsis_lib/src/MDR32F9Qx_rst_clk.o
                0x00001088                RST_CLK_PCLKcmd
 .text.RST_CLK_GetFlagStatus
                0x000010a4       0x2c ./cmsis_lib/src/MDR32F9Qx_rst_clk.o
                0x000010a4                RST_CLK_GetFlagStatus
 .text.RST_CLK_HSEstatus
                0x000010d0       0x32 ./cmsis_lib/src/MDR32F9Qx_rst_clk.o
                0x000010d0                RST_CLK_HSEstatus
 .text.RST_CLK_HSE2status
                0x00001102       0x32 ./cmsis_lib/src/MDR32F9Qx_rst_clk.o
                0x00001102                RST_CLK_HSE2status
 .text.RST_CLK_HSIstatus
                0x00001134       0x32 ./cmsis_lib/src/MDR32F9Qx_rst_clk.o
                0x00001134                RST_CLK_HSIstatus
 *fill*         0x00001166        0x2 
 .text.RST_CLK_WarmDeInit
                0x00001168       0x3c ./cmsis_lib/src/MDR32F9Qx_rst_clk.o
                0x00001168                RST_CLK_WarmDeInit
 .text.RST_CLK_DeInit
                0x000011a4       0x28 ./cmsis_lib/src/MDR32F9Qx_rst_clk.o
                0x000011a4                RST_CLK_DeInit
 .text.RST_CLK_CPU_PLLstatus
                0x000011cc       0x32 ./cmsis_lib/src/MDR32F9Qx_rst_clk.o
                0x000011cc                RST_CLK_CPU_PLLstatus
 .text.TIMER_Cmd
                0x000011fe       0x14 ./cmsis_lib/src/MDR32F9Qx_timer.o
                0x000011fe                TIMER_Cmd
 .text.UART_SendData
                0x00001212        0x8 ./cmsis_lib/src/MDR32F9Qx_uart.o
                0x00001212                UART_SendData
 *fill*         0x0000121a        0x2 
 .text.USB_GetSEPxCTRL
                0x0000121c       0x10 ./cmsis_lib/src/MDR32F9Qx_usb.o
                0x0000121c                USB_GetSEPxCTRL
 .text.USB_SetSEPxCTRL
                0x0000122c       0x1c ./cmsis_lib/src/MDR32F9Qx_usb.o
                0x0000122c                USB_SetSEPxCTRL
 .text.USB_GetSEPxSTS
                0x00001248       0x14 ./cmsis_lib/src/MDR32F9Qx_usb.o
                0x00001248                USB_GetSEPxSTS
 .text.USB_GetSEPxTS
                0x0000125c       0x10 ./cmsis_lib/src/MDR32F9Qx_usb.o
                0x0000125c                USB_GetSEPxTS
 .text.USB_GetSIS
                0x0000126c       0x10 ./cmsis_lib/src/MDR32F9Qx_usb.o
                0x0000126c                USB_GetSIS
 .text.USB_SetSIS
                0x0000127c       0x10 ./cmsis_lib/src/MDR32F9Qx_usb.o
                0x0000127c                USB_SetSIS
 .text.USB_SetSA
                0x0000128c       0x10 ./cmsis_lib/src/MDR32F9Qx_usb.o
                0x0000128c                USB_SetSA
 .text.USB_GetSEPxRXFD
                0x0000129c       0x10 ./cmsis_lib/src/MDR32F9Qx_usb.o
                0x0000129c                USB_GetSEPxRXFD
 .text.USB_GetSEPxRXFDC
                0x000012ac       0x10 ./cmsis_lib/src/MDR32F9Qx_usb.o
                0x000012ac                USB_GetSEPxRXFDC
 .text.USB_SetSEPxRXFC
                0x000012bc       0x10 ./cmsis_lib/src/MDR32F9Qx_usb.o
                0x000012bc                USB_SetSEPxRXFC
 .text.USB_SetSEPxTXFD
                0x000012cc       0x10 ./cmsis_lib/src/MDR32F9Qx_usb.o
                0x000012cc                USB_SetSEPxTXFD
 .text.USB_SetSEPxTXFDC
                0x000012dc       0x10 ./cmsis_lib/src/MDR32F9Qx_usb.o
                0x000012dc                USB_SetSEPxTXFDC
 .text.USB_SEPxToggleEPDATASEQ
                0x000012ec       0x14 ./cmsis_lib/src/MDR32F9Qx_usb.o
                0x000012ec                USB_SEPxToggleEPDATASEQ
 .text.USB_EP_SetReady
                0x00001300       0x28 ./cmsis_lib/src/MDR32F9Qx_usb_device.o
 .text.USB_EP_sendInDataPortion
                0x00001328       0x5c ./cmsis_lib/src/MDR32F9Qx_usb_device.o
 .text.USB_EP_Idle
                0x00001384       0x3c ./cmsis_lib/src/MDR32F9Qx_usb_device.o
                0x00001384                USB_EP_Idle
 .text.USB_EP_Stall
                0x000013c0       0x38 ./cmsis_lib/src/MDR32F9Qx_usb_device.o
                0x000013c0                USB_EP_Stall
 .text.USB_EP_dispatchEvent
                0x000013f8      0x250 ./cmsis_lib/src/MDR32F9Qx_usb_device.o
                0x000013f8                USB_EP_dispatchEvent
 .text.USB_DeviceReset
                0x00001648       0x1c ./cmsis_lib/src/MDR32F9Qx_usb_device.o
                0x00001648                USB_DeviceReset
 .text.USB_DeviceDispatchEvent
                0x00001664       0x70 ./cmsis_lib/src/MDR32F9Qx_usb_device.o
                0x00001664                USB_DeviceDispatchEvent
 .text.USB_IRQHandler
                0x000016d4        0x8 ./cmsis_lib/src/MDR32F9Qx_usb_device.o
                0x000016d4                USB_IRQHandler
 .text          0x000016dc       0x48 ./cmsis_boot/startup/startup_MDR1986VE1T.o
                0x000016dc                Reset_Handler
                0x00001720                ARINC429T2_IRQHandler
                0x00001720                EXT_INT1_IRQHandler
                0x00001720                PendSV_Handler
                0x00001720                CAN1_IRQHandler
                0x00001720                POWER_IRQHandler
                0x00001720                BUSY_IRQHandler
                0x00001720                MIL_STD_1553B1_IRQHandler
                0x00001720                BKP_IRQHandler
                0x00001720                ARINC429T4_IRQHandler
                0x00001720                SSP3_IRQHandler
                0x00001720                EXT_INT2_IRQHandler
                0x00001720                ARINC429R_IRQHandler
                0x00001720                Default_Handler
                0x00001720                ADC_IRQHandler
                0x00001720                SSP1_IRQHandler
                0x00001720                Timer1_IRQHandler
                0x00001720                EXT_INT3_IRQHandler
                0x00001720                ARINC429T3_IRQHandler
                0x00001720                EXT_INT4_IRQHandler
                0x00001720                SVC_Handler
                0x00001720                ARINC429T1_IRQHandler
                0x00001720                MIL_STD_1553B2_IRQHandler
                0x00001720                SSP2_IRQHandler
                0x00001720                DMA_IRQHandler
                0x00001720                CAN2_IRQHandler
                0x00001720                Timer4_IRQHandler
                0x00001720                ETHERNET_IRQHandler
 .text.SystemCoreClockUpdate
                0x00001724       0x8c ./cmsis_boot/system_MDR1986VE1T.o
                0x00001724                SystemCoreClockUpdate
 .text.SystemInit
                0x000017b0       0x2c ./cmsis_boot/system_MDR1986VE1T.o
                0x000017b0                SystemInit
 .text.main     0x000017dc       0x1a ./main.o
                0x000017dc                main
 .text.__aeabi_atexit
                0x000017f6        0xe e:/eclipse/forcontroller/source/basesoft/gcc-arm-9_2020-q2-update/bin/../lib/gcc/arm-none-eabi/9.3.1/../../../../arm-none-eabi/lib/thumb/v6-m/nofp\libstdc++_nano.a(atexit_arm.o)
                0x000017f6                __aeabi_atexit
 .text._ZNK10__cxxabiv117__class_type_info11__do_upcastEPKS0_PPv
                0x00001804       0x34 e:/eclipse/forcontroller/source/basesoft/gcc-arm-9_2020-q2-update/bin/../lib/gcc/arm-none-eabi/9.3.1/../../../../arm-none-eabi/lib/thumb/v6-m/nofp\libstdc++_nano.a(class_type_info.o)
                0x00001804                __cxxabiv1::__class_type_info::__do_upcast(__cxxabiv1::__class_type_info const*, void**) const
 .text._ZNK10__cxxabiv117__class_type_info20__do_find_public_srcEiPKvPKS0_S2_
                0x00001838        0xc e:/eclipse/forcontroller/source/basesoft/gcc-arm-9_2020-q2-update/bin/../lib/gcc/arm-none-eabi/9.3.1/../../../../arm-none-eabi/lib/thumb/v6-m/nofp\libstdc++_nano.a(class_type_info.o)
                0x00001838                __cxxabiv1::__class_type_info::__do_find_public_src(int, void const*, __cxxabiv1::__class_type_info const*, void const*) const
 .text._ZN10__cxxabiv117__class_type_infoD2Ev
                0x00001844       0x18 e:/eclipse/forcontroller/source/basesoft/gcc-arm-9_2020-q2-update/bin/../lib/gcc/arm-none-eabi/9.3.1/../../../../arm-none-eabi/lib/thumb/v6-m/nofp\libstdc++_nano.a(class_type_info.o)
                0x00001844                __cxxabiv1::__class_type_info::~__class_type_info()
                0x00001844                __cxxabiv1::__class_type_info::~__class_type_info()
 .text._ZN10__cxxabiv117__class_type_infoD0Ev
                0x0000185c       0x14 e:/eclipse/forcontroller/source/basesoft/gcc-arm-9_2020-q2-update/bin/../lib/gcc/arm-none-eabi/9.3.1/../../../../arm-none-eabi/lib/thumb/v6-m/nofp\libstdc++_nano.a(class_type_info.o)
                0x0000185c                __cxxabiv1::__class_type_info::~__class_type_info()
 .text._ZNK10__cxxabiv117__class_type_info12__do_dyncastEiNS0_10__sub_kindEPKS0_PKvS3_S5_RNS0_16__dyncast_resultE
                0x00001870       0x3a e:/eclipse/forcontroller/source/basesoft/gcc-arm-9_2020-q2-update/bin/../lib/gcc/arm-none-eabi/9.3.1/../../../../arm-none-eabi/lib/thumb/v6-m/nofp\libstdc++_nano.a(class_type_info.o)
                0x00001870                __cxxabiv1::__class_type_info::__do_dyncast(int, __cxxabiv1::__class_type_info::__sub_kind, __cxxabiv1::__class_type_info const*, void const*, __cxxabiv1::__class_type_info const*, void const*, __cxxabiv1::__class_type_info::__dyncast_result&) const
 .text._ZNK10__cxxabiv117__class_type_info11__do_upcastEPKS0_PKvRNS0_15__upcast_resultE
                0x000018aa       0x1a e:/eclipse/forcontroller/source/basesoft/gcc-arm-9_2020-q2-update/bin/../lib/gcc/arm-none-eabi/9.3.1/../../../../arm-none-eabi/lib/thumb/v6-m/nofp\libstdc++_nano.a(class_type_info.o)
                0x000018aa                __cxxabiv1::__class_type_info::__do_upcast(__cxxabiv1::__class_type_info const*, void const*, __cxxabiv1::__class_type_info::__upcast_result&) const
 .text._ZNK10__cxxabiv117__class_type_info10__do_catchEPKSt9type_infoPPvj
                0x000018c4       0x24 e:/eclipse/forcontroller/source/basesoft/gcc-arm-9_2020-q2-update/bin/../lib/gcc/arm-none-eabi/9.3.1/../../../../arm-none-eabi/lib/thumb/v6-m/nofp\libstdc++_nano.a(class_type_info.o)
                0x000018c4                __cxxabiv1::__class_type_info::__do_catch(std::type_info const*, void**, unsigned int) const
 .text._ZdlPv   0x000018e8        0x8 e:/eclipse/forcontroller/source/basesoft/gcc-arm-9_2020-q2-update/bin/../lib/gcc/arm-none-eabi/9.3.1/../../../../arm-none-eabi/lib/thumb/v6-m/nofp\libstdc++_nano.a(del_op.o)
                0x000018e8                operator delete(void*)
 .text._ZdlPvj  0x000018f0        0x8 e:/eclipse/forcontroller/source/basesoft/gcc-arm-9_2020-q2-update/bin/../lib/gcc/arm-none-eabi/9.3.1/../../../../arm-none-eabi/lib/thumb/v6-m/nofp\libstdc++_nano.a(del_ops.o)
                0x000018f0                operator delete(void*, unsigned int)
 .text._ZN10__cxxabiv1L24__is_gxx_exception_classEPc
                0x000018f8       0x3a e:/eclipse/forcontroller/source/basesoft/gcc-arm-9_2020-q2-update/bin/../lib/gcc/arm-none-eabi/9.3.1/../../../../arm-none-eabi/lib/thumb/v6-m/nofp\libstdc++_nano.a(eh_arm.o)
 *fill*         0x00001932        0x2 
 .text.__cxa_type_match
                0x00001934       0xb8 e:/eclipse/forcontroller/source/basesoft/gcc-arm-9_2020-q2-update/bin/../lib/gcc/arm-none-eabi/9.3.1/../../../../arm-none-eabi/lib/thumb/v6-m/nofp\libstdc++_nano.a(eh_arm.o)
                0x00001934                __cxa_type_match
 .text.__cxa_begin_cleanup
                0x000019ec       0x36 e:/eclipse/forcontroller/source/basesoft/gcc-arm-9_2020-q2-update/bin/../lib/gcc/arm-none-eabi/9.3.1/../../../../arm-none-eabi/lib/thumb/v6-m/nofp\libstdc++_nano.a(eh_arm.o)
                0x000019ec                __cxa_begin_cleanup
 *fill*         0x00001a22        0x2 
 .text.__cxa_get_globals
                0x00001a24        0x8 e:/eclipse/forcontroller/source/basesoft/gcc-arm-9_2020-q2-update/bin/../lib/gcc/arm-none-eabi/9.3.1/../../../../arm-none-eabi/lib/thumb/v6-m/nofp\libstdc++_nano.a(eh_globals.o)
                0x00001a24                __cxa_get_globals
 .text._ZN10__cxxabiv111__terminateEPFvvE
                0x00001a2c        0x8 e:/eclipse/forcontroller/source/basesoft/gcc-arm-9_2020-q2-update/bin/../lib/gcc/arm-none-eabi/9.3.1/../../../../arm-none-eabi/lib/thumb/v6-m/nofp\libstdc++_nano.a(eh_terminate.o)
                0x00001a2c                __cxxabiv1::__terminate(void (*)())
 .text._ZSt9terminatev
                0x00001a34       0x10 e:/eclipse/forcontroller/source/basesoft/gcc-arm-9_2020-q2-update/bin/../lib/gcc/arm-none-eabi/9.3.1/../../../../arm-none-eabi/lib/thumb/v6-m/nofp\libstdc++_nano.a(eh_terminate.o)
                0x00001a34                std::terminate()
 .text._ZN10__cxxabiv112__unexpectedEPFvvE
                0x00001a44        0x8 e:/eclipse/forcontroller/source/basesoft/gcc-arm-9_2020-q2-update/bin/../lib/gcc/arm-none-eabi/9.3.1/../../../../arm-none-eabi/lib/thumb/v6-m/nofp\libstdc++_nano.a(eh_terminate.o)
                0x00001a44                __cxxabiv1::__unexpected(void (*)())
 .text._ZSt10unexpectedv
                0x00001a4c       0x10 e:/eclipse/forcontroller/source/basesoft/gcc-arm-9_2020-q2-update/bin/../lib/gcc/arm-none-eabi/9.3.1/../../../../arm-none-eabi/lib/thumb/v6-m/nofp\libstdc++_nano.a(eh_terminate.o)
                0x00001a4c                std::unexpected()
 .text._ZN10__cxxabiv120__si_class_type_infoD2Ev
                0x00001a5c       0x18 e:/eclipse/forcontroller/source/basesoft/gcc-arm-9_2020-q2-update/bin/../lib/gcc/arm-none-eabi/9.3.1/../../../../arm-none-eabi/lib/thumb/v6-m/nofp\libstdc++_nano.a(si_class_type_info.o)
                0x00001a5c                __cxxabiv1::__si_class_type_info::~__si_class_type_info()
                0x00001a5c                __cxxabiv1::__si_class_type_info::~__si_class_type_info()
 .text._ZN10__cxxabiv120__si_class_type_infoD0Ev
                0x00001a74       0x14 e:/eclipse/forcontroller/source/basesoft/gcc-arm-9_2020-q2-update/bin/../lib/gcc/arm-none-eabi/9.3.1/../../../../arm-none-eabi/lib/thumb/v6-m/nofp\libstdc++_nano.a(si_class_type_info.o)
                0x00001a74                __cxxabiv1::__si_class_type_info::~__si_class_type_info()
 .text._ZNK10__cxxabiv120__si_class_type_info20__do_find_public_srcEiPKvPKNS_17__class_type_infoES2_
                0x00001a88       0x32 e:/eclipse/forcontroller/source/basesoft/gcc-arm-9_2020-q2-update/bin/../lib/gcc/arm-none-eabi/9.3.1/../../../../arm-none-eabi/lib/thumb/v6-m/nofp\libstdc++_nano.a(si_class_type_info.o)
                0x00001a88                __cxxabiv1::__si_class_type_info::__do_find_public_src(int, void const*, __cxxabiv1::__class_type_info const*, void const*) const
 .text._ZNK10__cxxabiv120__si_class_type_info12__do_dyncastEiNS_17__class_type_info10__sub_kindEPKS1_PKvS4_S6_RNS1_16__dyncast_resultE
                0x00001aba       0x80 e:/eclipse/forcontroller/source/basesoft/gcc-arm-9_2020-q2-update/bin/../lib/gcc/arm-none-eabi/9.3.1/../../../../arm-none-eabi/lib/thumb/v6-m/nofp\libstdc++_nano.a(si_class_type_info.o)
                0x00001aba                __cxxabiv1::__si_class_type_info::__do_dyncast(int, __cxxabiv1::__class_type_info::__sub_kind, __cxxabiv1::__class_type_info const*, void const*, __cxxabiv1::__class_type_info const*, void const*, __cxxabiv1::__class_type_info::__dyncast_result&) const
 .text._ZNK10__cxxabiv120__si_class_type_info11__do_upcastEPKNS_17__class_type_infoEPKvRNS1_15__upcast_resultE
                0x00001b3a       0x22 e:/eclipse/forcontroller/source/basesoft/gcc-arm-9_2020-q2-update/bin/../lib/gcc/arm-none-eabi/9.3.1/../../../../arm-none-eabi/lib/thumb/v6-m/nofp\libstdc++_nano.a(si_class_type_info.o)
                0x00001b3a                __cxxabiv1::__si_class_type_info::__do_upcast(__cxxabiv1::__class_type_info const*, void const*, __cxxabiv1::__class_type_info::__upcast_result&) const
 .text._ZNSt9type_infoD2Ev
                0x00001b5c        0x2 e:/eclipse/forcontroller/source/basesoft/gcc-arm-9_2020-q2-update/bin/../lib/gcc/arm-none-eabi/9.3.1/../../../../arm-none-eabi/lib/thumb/v6-m/nofp\libstdc++_nano.a(tinfo.o)
                0x00001b5c                std::type_info::~type_info()
                0x00001b5c                std::type_info::~type_info()
 .text._ZNKSt9type_info14__is_pointer_pEv
                0x00001b5e        0x4 e:/eclipse/forcontroller/source/basesoft/gcc-arm-9_2020-q2-update/bin/../lib/gcc/arm-none-eabi/9.3.1/../../../../arm-none-eabi/lib/thumb/v6-m/nofp\libstdc++_nano.a(tinfo.o)
                0x00001b5e                std::type_info::__is_pointer_p() const
                0x00001b5e                std::type_info::__is_function_p() const
 .text._ZNKSt9type_infoeqERKS_
                0x00001b62       0x2c e:/eclipse/forcontroller/source/basesoft/gcc-arm-9_2020-q2-update/bin/../lib/gcc/arm-none-eabi/9.3.1/../../../../arm-none-eabi/lib/thumb/v6-m/nofp\libstdc++_nano.a(tinfo.o)
                0x00001b62                std::type_info::operator==(std::type_info const&) const
 .text._ZN10__cxxabiv1L24__is_gxx_exception_classEPc
                0x00001b8e       0x3a e:/eclipse/forcontroller/source/basesoft/gcc-arm-9_2020-q2-update/bin/../lib/gcc/arm-none-eabi/9.3.1/../../../../arm-none-eabi/lib/thumb/v6-m/nofp\libstdc++_nano.a(eh_call.o)
 .text.__cxa_call_unexpected
                0x00001bc8       0x2a e:/eclipse/forcontroller/source/basesoft/gcc-arm-9_2020-q2-update/bin/../lib/gcc/arm-none-eabi/9.3.1/../../../../arm-none-eabi/lib/thumb/v6-m/nofp\libstdc++_nano.a(eh_call.o)
                0x00001bc8                __cxa_call_unexpected
 .text._ZN10__cxxabiv1L24__is_gxx_exception_classEPc
                0x00001bf2       0x3a e:/eclipse/forcontroller/source/basesoft/gcc-arm-9_2020-q2-update/bin/../lib/gcc/arm-none-eabi/9.3.1/../../../../arm-none-eabi/lib/thumb/v6-m/nofp\libstdc++_nano.a(eh_catch.o)
 .text.__cxa_begin_catch
                0x00001c2c       0x4e e:/eclipse/forcontroller/source/basesoft/gcc-arm-9_2020-q2-update/bin/../lib/gcc/arm-none-eabi/9.3.1/../../../../arm-none-eabi/lib/thumb/v6-m/nofp\libstdc++_nano.a(eh_catch.o)
                0x00001c2c                __cxa_begin_catch
 *fill*         0x00001c7a        0x2 
 .text          0x00001c7c      0xa44 e:/eclipse/forcontroller/source/basesoft/gcc-arm-9_2020-q2-update/bin/../lib/gcc/arm-none-eabi/9.3.1/thumb/v6-m/nofp\libgcc.a(unwind-arm.o)
                0x00001f48                _Unwind_GetCFA
                0x00001f4c                __gnu_Unwind_RaiseException
                0x00001fa0                __gnu_Unwind_ForcedUnwind
                0x00001fb4                __gnu_Unwind_Resume
                0x00001ffc                __gnu_Unwind_Resume_or_Rethrow
                0x00002018                _Unwind_Complete
                0x0000201c                _Unwind_DeleteException
                0x0000202c                _Unwind_VRS_Get
                0x00002078                _Unwind_VRS_Set
                0x000020c4                __gnu_Unwind_Backtrace
                0x00002420                __aeabi_unwind_cpp_pr0
                0x0000242c                __aeabi_unwind_cpp_pr1
                0x00002438                __aeabi_unwind_cpp_pr2
                0x00002444                _Unwind_VRS_Pop
 .text          0x000026c0      0x144 e:/eclipse/forcontroller/source/basesoft/gcc-arm-9_2020-q2-update/bin/../lib/gcc/arm-none-eabi/9.3.1/thumb/v6-m/nofp\libgcc.a(libunwind.o)
                0x000026c0                __restore_core_regs
                0x000026c0                restore_core_regs
                0x000026ec                __gnu_Unwind_Restore_VFP
                0x000026f0                __gnu_Unwind_Save_VFP
                0x000026f4                __gnu_Unwind_Restore_VFP_D
                0x000026f8                __gnu_Unwind_Save_VFP_D
                0x000026fc                __gnu_Unwind_Restore_VFP_D_16_to_31
                0x00002700                __gnu_Unwind_Save_VFP_D_16_to_31
                0x00002704                __gnu_Unwind_Restore_WMMXD
                0x00002708                __gnu_Unwind_Save_WMMXD
                0x0000270c                __gnu_Unwind_Restore_WMMXC
                0x00002710                __gnu_Unwind_Save_WMMXC
                0x00002714                ___Unwind_RaiseException
                0x00002714                _Unwind_RaiseException
                0x00002744                _Unwind_Resume
                0x00002744                ___Unwind_Resume
                0x00002774                _Unwind_Resume_or_Rethrow
                0x00002774                ___Unwind_Resume_or_Rethrow
                0x000027a4                _Unwind_ForcedUnwind
                0x000027a4                ___Unwind_ForcedUnwind
                0x000027d4                ___Unwind_Backtrace
                0x000027d4                _Unwind_Backtrace
 .text          0x00002804      0x390 e:/eclipse/forcontroller/source/basesoft/gcc-arm-9_2020-q2-update/bin/../lib/gcc/arm-none-eabi/9.3.1/thumb/v6-m/nofp\libgcc.a(pr-support.o)
                0x00002858                __gnu_unwind_execute
                0x00002b48                __gnu_unwind_frame
                0x00002b74                _Unwind_GetRegionStart
                0x00002b80                _Unwind_GetLanguageSpecificData
 .text.abort    0x00002b94        0xe e:/eclipse/forcontroller/source/basesoft/gcc-arm-9_2020-q2-update/bin/../lib/gcc/arm-none-eabi/9.3.1/../../../../arm-none-eabi/lib/thumb/v6-m/nofp\libg_nano.a(lib_a-abort.o)
                0x00002b94                abort
 *fill*         0x00002ba2        0x2 
 .text.__cxa_atexit
                0x00002ba4       0x1c e:/eclipse/forcontroller/source/basesoft/gcc-arm-9_2020-q2-update/bin/../lib/gcc/arm-none-eabi/9.3.1/../../../../arm-none-eabi/lib/thumb/v6-m/nofp\libg_nano.a(lib_a-cxa_atexit.o)
                0x00002ba4                __cxa_atexit
 .text.exit     0x00002bc0       0x2c e:/eclipse/forcontroller/source/basesoft/gcc-arm-9_2020-q2-update/bin/../lib/gcc/arm-none-eabi/9.3.1/../../../../arm-none-eabi/lib/thumb/v6-m/nofp\libg_nano.a(lib_a-exit.o)
                0x00002bc0                exit
 .text.__libc_init_array
                0x00002bec       0x48 e:/eclipse/forcontroller/source/basesoft/gcc-arm-9_2020-q2-update/bin/../lib/gcc/arm-none-eabi/9.3.1/../../../../arm-none-eabi/lib/thumb/v6-m/nofp\libg_nano.a(lib_a-init.o)
                0x00002bec                __libc_init_array
 .text.free     0x00002c34       0x14 e:/eclipse/forcontroller/source/basesoft/gcc-arm-9_2020-q2-update/bin/../lib/gcc/arm-none-eabi/9.3.1/../../../../arm-none-eabi/lib/thumb/v6-m/nofp\libg_nano.a(lib_a-malloc.o)
                0x00002c34                free
 .text.memcpy   0x00002c48       0x12 e:/eclipse/forcontroller/source/basesoft/gcc-arm-9_2020-q2-update/bin/../lib/gcc/arm-none-eabi/9.3.1/../../../../arm-none-eabi/lib/thumb/v6-m/nofp\libg_nano.a(lib_a-memcpy-stub.o)
                0x00002c48                memcpy
 .text.memset   0x00002c5a       0x10 e:/eclipse/forcontroller/source/basesoft/gcc-arm-9_2020-q2-update/bin/../lib/gcc/arm-none-eabi/9.3.1/../../../../arm-none-eabi/lib/thumb/v6-m/nofp\libg_nano.a(lib_a-memset.o)
                0x00002c5a                memset
 *fill*         0x00002c6a        0x2 
 .text._free_r  0x00002c6c       0x94 e:/eclipse/forcontroller/source/basesoft/gcc-arm-9_2020-q2-update/bin/../lib/gcc/arm-none-eabi/9.3.1/../../../../arm-none-eabi/lib/thumb/v6-m/nofp\libg_nano.a(lib_a-nano-freer.o)
                0x00002c6c                _free_r
 .text._raise_r
                0x00002d00       0x54 e:/eclipse/forcontroller/source/basesoft/gcc-arm-9_2020-q2-update/bin/../lib/gcc/arm-none-eabi/9.3.1/../../../../arm-none-eabi/lib/thumb/v6-m/nofp\libg_nano.a(lib_a-signal.o)
                0x00002d00                _raise_r
 .text.raise    0x00002d54       0x14 e:/eclipse/forcontroller/source/basesoft/gcc-arm-9_2020-q2-update/bin/../lib/gcc/arm-none-eabi/9.3.1/../../../../arm-none-eabi/lib/thumb/v6-m/nofp\libg_nano.a(lib_a-signal.o)
                0x00002d54                raise
 .text._kill_r  0x00002d68       0x24 e:/eclipse/forcontroller/source/basesoft/gcc-arm-9_2020-q2-update/bin/../lib/gcc/arm-none-eabi/9.3.1/../../../../arm-none-eabi/lib/thumb/v6-m/nofp\libg_nano.a(lib_a-signalr.o)
                0x00002d68                _kill_r
 .text._getpid_r
                0x00002d8c        0x8 e:/eclipse/forcontroller/source/basesoft/gcc-arm-9_2020-q2-update/bin/../lib/gcc/arm-none-eabi/9.3.1/../../../../arm-none-eabi/lib/thumb/v6-m/nofp\libg_nano.a(lib_a-signalr.o)
                0x00002d8c                _getpid_r
 .text          0x00002d94       0x14 e:/eclipse/forcontroller/source/basesoft/gcc-arm-9_2020-q2-update/bin/../lib/gcc/arm-none-eabi/9.3.1/../../../../arm-none-eabi/lib/thumb/v6-m/nofp\libg_nano.a(lib_a-strcmp.o)
                0x00002d94                strcmp
 .text.__malloc_lock
                0x00002da8       0x10 e:/eclipse/forcontroller/source/basesoft/gcc-arm-9_2020-q2-update/bin/../lib/gcc/arm-none-eabi/9.3.1/../../../../arm-none-eabi/lib/thumb/v6-m/nofp\libg_nano.a(lib_a-mlock.o)
                0x00002da8                __malloc_lock
 .text.__malloc_unlock
                0x00002db8       0x10 e:/eclipse/forcontroller/source/basesoft/gcc-arm-9_2020-q2-update/bin/../lib/gcc/arm-none-eabi/9.3.1/../../../../arm-none-eabi/lib/thumb/v6-m/nofp\libg_nano.a(lib_a-mlock.o)
                0x00002db8                __malloc_unlock
 .text.__retarget_lock_acquire_recursive
                0x00002dc8        0x2 e:/eclipse/forcontroller/source/basesoft/gcc-arm-9_2020-q2-update/bin/../lib/gcc/arm-none-eabi/9.3.1/../../../../arm-none-eabi/lib/thumb/v6-m/nofp\libg_nano.a(lib_a-lock.o)
                0x00002dc8                __retarget_lock_acquire_recursive
 .text.__retarget_lock_release_recursive
                0x00002dca        0x2 e:/eclipse/forcontroller/source/basesoft/gcc-arm-9_2020-q2-update/bin/../lib/gcc/arm-none-eabi/9.3.1/../../../../arm-none-eabi/lib/thumb/v6-m/nofp\libg_nano.a(lib_a-lock.o)
                0x00002dca                __retarget_lock_release_recursive
 .text._getpid  0x00002dcc       0x10 e:/eclipse/forcontroller/source/basesoft/gcc-arm-9_2020-q2-update/bin/../lib/gcc/arm-none-eabi/9.3.1/../../../../arm-none-eabi/lib/thumb/v6-m/nofp\libnosys.a(getpid.o)
                0x00002dcc                _getpid
 .text._kill    0x00002ddc       0x10 e:/eclipse/forcontroller/source/basesoft/gcc-arm-9_2020-q2-update/bin/../lib/gcc/arm-none-eabi/9.3.1/../../../../arm-none-eabi/lib/thumb/v6-m/nofp\libnosys.a(kill.o)
                0x00002ddc                _kill
 .text._exit    0x00002dec        0x4 e:/eclipse/forcontroller/source/basesoft/gcc-arm-9_2020-q2-update/bin/../lib/gcc/arm-none-eabi/9.3.1/../../../../arm-none-eabi/lib/thumb/v6-m/nofp\libnosys.a(_exit.o)
                0x00002dec                _exit
 *(.init)
 .init          0x00002df0        0x4 e:/eclipse/forcontroller/source/basesoft/gcc-arm-9_2020-q2-update/bin/../lib/gcc/arm-none-eabi/9.3.1/thumb/v6-m/nofp/crti.o
                0x00002df0                _init
 .init          0x00002df4        0x8 e:/eclipse/forcontroller/source/basesoft/gcc-arm-9_2020-q2-update/bin/../lib/gcc/arm-none-eabi/9.3.1/thumb/v6-m/nofp/crtn.o
 *(.fini)
 .fini          0x00002dfc        0x4 e:/eclipse/forcontroller/source/basesoft/gcc-arm-9_2020-q2-update/bin/../lib/gcc/arm-none-eabi/9.3.1/thumb/v6-m/nofp/crti.o
                0x00002dfc                _fini
 .fini          0x00002e00        0x8 e:/eclipse/forcontroller/source/basesoft/gcc-arm-9_2020-q2-update/bin/../lib/gcc/arm-none-eabi/9.3.1/thumb/v6-m/nofp/crtn.o
 .fini.__stub   0x00002e08       0x10 linker stubs
 *crtbegin.o(.ctors)
 *crtbegin?.o(.ctors)
 *(EXCLUDE_FILE(*crtend.o *crtend?.o) .ctors)
 *(SORT_BY_NAME(.ctors.*))
 *(.ctors)
 *crtbegin.o(.dtors)
 *crtbegin?.o(.dtors)
 *(EXCLUDE_FILE(*crtend.o *crtend?.o) .dtors)
 *(SORT_BY_NAME(.dtors.*))
 *(.dtors)
 *(.rodata*)
 .rodata.MTR_Uart_updateTimerNumsFromIRQ
                0x00002e18       0x20 ./mtr_libs/mtr_uart_base/mtr_uart_base.o
 .rodata.crc16Table
                0x00002e38      0x200 ./mtr_libs/mtr_crc/mtr_crc.o
 .rodata.USB_EP_dispatchEvent
                0x00003038       0x18 ./cmsis_lib/src/MDR32F9Qx_usb_device.o
 .rodata._ZTIN10__cxxabiv117__class_type_infoE
                0x00003050        0xc e:/eclipse/forcontroller/source/basesoft/gcc-arm-9_2020-q2-update/bin/../lib/gcc/arm-none-eabi/9.3.1/../../../../arm-none-eabi/lib/thumb/v6-m/nofp\libstdc++_nano.a(class_type_info.o)
                0x00003050                typeinfo for __cxxabiv1::__class_type_info
 .rodata._ZTSN10__cxxabiv117__class_type_infoE
                0x0000305c       0x22 e:/eclipse/forcontroller/source/basesoft/gcc-arm-9_2020-q2-update/bin/../lib/gcc/arm-none-eabi/9.3.1/../../../../arm-none-eabi/lib/thumb/v6-m/nofp\libstdc++_nano.a(class_type_info.o)
                0x0000305c                typeinfo name for __cxxabiv1::__class_type_info
 *fill*         0x0000307e        0x2 
 .rodata._ZTVN10__cxxabiv117__class_type_infoE
                0x00003080       0x2c e:/eclipse/forcontroller/source/basesoft/gcc-arm-9_2020-q2-update/bin/../lib/gcc/arm-none-eabi/9.3.1/../../../../arm-none-eabi/lib/thumb/v6-m/nofp\libstdc++_nano.a(class_type_info.o)
                0x00003080                vtable for __cxxabiv1::__class_type_info
 .rodata._ZTIN10__cxxabiv115__forced_unwindE
                0x000030ac        0x8 e:/eclipse/forcontroller/source/basesoft/gcc-arm-9_2020-q2-update/bin/../lib/gcc/arm-none-eabi/9.3.1/../../../../arm-none-eabi/lib/thumb/v6-m/nofp\libstdc++_nano.a(eh_exception.o)
                0x000030ac                typeinfo for __cxxabiv1::__forced_unwind
 .rodata._ZTIN10__cxxabiv119__foreign_exceptionE
                0x000030b4        0x8 e:/eclipse/forcontroller/source/basesoft/gcc-arm-9_2020-q2-update/bin/../lib/gcc/arm-none-eabi/9.3.1/../../../../arm-none-eabi/lib/thumb/v6-m/nofp\libstdc++_nano.a(eh_exception.o)
                0x000030b4                typeinfo for __cxxabiv1::__foreign_exception
 .rodata._ZTSN10__cxxabiv115__forced_unwindE
                0x000030bc       0x20 e:/eclipse/forcontroller/source/basesoft/gcc-arm-9_2020-q2-update/bin/../lib/gcc/arm-none-eabi/9.3.1/../../../../arm-none-eabi/lib/thumb/v6-m/nofp\libstdc++_nano.a(eh_exception.o)
                0x000030bc                typeinfo name for __cxxabiv1::__forced_unwind
 .rodata._ZTSN10__cxxabiv119__foreign_exceptionE
                0x000030dc       0x24 e:/eclipse/forcontroller/source/basesoft/gcc-arm-9_2020-q2-update/bin/../lib/gcc/arm-none-eabi/9.3.1/../../../../arm-none-eabi/lib/thumb/v6-m/nofp\libstdc++_nano.a(eh_exception.o)
                0x000030dc                typeinfo name for __cxxabiv1::__foreign_exception
 .rodata._ZTIN10__cxxabiv120__si_class_type_infoE
                0x00003100        0xc e:/eclipse/forcontroller/source/basesoft/gcc-arm-9_2020-q2-update/bin/../lib/gcc/arm-none-eabi/9.3.1/../../../../arm-none-eabi/lib/thumb/v6-m/nofp\libstdc++_nano.a(si_class_type_info.o)
                0x00003100                typeinfo for __cxxabiv1::__si_class_type_info
 .rodata._ZTSN10__cxxabiv120__si_class_type_infoE
                0x0000310c       0x25 e:/eclipse/forcontroller/source/basesoft/gcc-arm-9_2020-q2-update/bin/../lib/gcc/arm-none-eabi/9.3.1/../../../../arm-none-eabi/lib/thumb/v6-m/nofp\libstdc++_nano.a(si_class_type_info.o)
                0x0000310c                typeinfo name for __cxxabiv1::__si_class_type_info
 *fill*         0x00003131        0x3 
 .rodata._ZTVN10__cxxabiv120__si_class_type_infoE
                0x00003134       0x2c e:/eclipse/forcontroller/source/basesoft/gcc-arm-9_2020-q2-update/bin/../lib/gcc/arm-none-eabi/9.3.1/../../../../arm-none-eabi/lib/thumb/v6-m/nofp\libstdc++_nano.a(si_class_type_info.o)
                0x00003134                vtable for __cxxabiv1::__si_class_type_info
 .rodata._ZTISt9type_info
                0x00003160        0x8 e:/eclipse/forcontroller/source/basesoft/gcc-arm-9_2020-q2-update/bin/../lib/gcc/arm-none-eabi/9.3.1/../../../../arm-none-eabi/lib/thumb/v6-m/nofp\libstdc++_nano.a(tinfo.o)
                0x00003160                typeinfo for std::type_info
 .rodata._ZTSSt9type_info
                0x00003168        0xd e:/eclipse/forcontroller/source/basesoft/gcc-arm-9_2020-q2-update/bin/../lib/gcc/arm-none-eabi/9.3.1/../../../../arm-none-eabi/lib/thumb/v6-m/nofp\libstdc++_nano.a(tinfo.o)
                0x00003168                typeinfo name for std::type_info
 *fill*         0x00003175        0x3 
 .rodata._global_impure_ptr
                0x00003178        0x4 e:/eclipse/forcontroller/source/basesoft/gcc-arm-9_2020-q2-update/bin/../lib/gcc/arm-none-eabi/9.3.1/../../../../arm-none-eabi/lib/thumb/v6-m/nofp\libg_nano.a(lib_a-impure.o)
                0x00003178                _global_impure_ptr
 .rodata.__sf_fake_stderr
                0x0000317c       0x20 e:/eclipse/forcontroller/source/basesoft/gcc-arm-9_2020-q2-update/bin/../lib/gcc/arm-none-eabi/9.3.1/../../../../arm-none-eabi/lib/thumb/v6-m/nofp\libg_nano.a(lib_a-findfp.o)
                0x0000317c                __sf_fake_stderr
 .rodata.__sf_fake_stdin
                0x0000319c       0x20 e:/eclipse/forcontroller/source/basesoft/gcc-arm-9_2020-q2-update/bin/../lib/gcc/arm-none-eabi/9.3.1/../../../../arm-none-eabi/lib/thumb/v6-m/nofp\libg_nano.a(lib_a-findfp.o)
                0x0000319c                __sf_fake_stdin
 .rodata.__sf_fake_stdout
                0x000031bc       0x20 e:/eclipse/forcontroller/source/basesoft/gcc-arm-9_2020-q2-update/bin/../lib/gcc/arm-none-eabi/9.3.1/../../../../arm-none-eabi/lib/thumb/v6-m/nofp\libg_nano.a(lib_a-findfp.o)
                0x000031bc                __sf_fake_stdout
 *(.eh_frame*)
 .eh_frame      0x000031dc        0x0 e:/eclipse/forcontroller/source/basesoft/gcc-arm-9_2020-q2-update/bin/../lib/gcc/arm-none-eabi/9.3.1/thumb/v6-m/nofp/crtbegin.o
 .eh_frame      0x000031dc        0x4 e:/eclipse/forcontroller/source/basesoft/gcc-arm-9_2020-q2-update/bin/../lib/gcc/arm-none-eabi/9.3.1/thumb/v6-m/nofp/crtend.o

.glue_7         0x000031e0        0x0
 .glue_7        0x000031e0        0x0 linker stubs

.glue_7t        0x000031e0        0x0
 .glue_7t       0x000031e0        0x0 linker stubs

.vfp11_veneer   0x000031e0        0x0
 .vfp11_veneer  0x000031e0        0x0 linker stubs

.v4_bx          0x000031e0        0x0
 .v4_bx         0x000031e0        0x0 linker stubs

.iplt           0x000031e0        0x0
 .iplt          0x000031e0        0x0 e:/eclipse/forcontroller/source/basesoft/gcc-arm-9_2020-q2-update/bin/../lib/gcc/arm-none-eabi/9.3.1/thumb/v6-m/nofp/crtbegin.o

.ARM.extab      0x000031e0       0x30
 *(.ARM.extab* .gnu.linkonce.armextab.*)
 .ARM.extab.text._ZNSt6vectorIP13BaseSomeValueSaIS1_EED2Ev
                0x000031e0        0x0 ./mtr_libs/BaseDataManager/BaseDataManager.o
 .ARM.extab     0x000031e0       0x24 e:/eclipse/forcontroller/source/basesoft/gcc-arm-9_2020-q2-update/bin/../lib/gcc/arm-none-eabi/9.3.1/thumb/v6-m/nofp\libgcc.a(unwind-arm.o)
 .ARM.extab     0x00003204        0xc e:/eclipse/forcontroller/source/basesoft/gcc-arm-9_2020-q2-update/bin/../lib/gcc/arm-none-eabi/9.3.1/thumb/v6-m/nofp\libgcc.a(pr-support.o)
                0x00003210                __exidx_start = .

.ARM.exidx      0x00003210       0xe8
 *(.ARM.exidx* .gnu.linkonce.armexidx.*)
 .ARM.exidx     0x00003210        0x8 e:/eclipse/forcontroller/source/basesoft/gcc-arm-9_2020-q2-update/bin/../lib/gcc/arm-none-eabi/9.3.1/../../../../arm-none-eabi/lib/thumb/v6-m/nofp/crt0.o
                                 0x10 (size before relaxing)
 .ARM.exidx.text._Z8initDatav
                0x00003218        0x0 ./src/inits.o
                                  0x8 (size before relaxing)
 .ARM.exidx.text._Z8initGPIOv
                0x00003218        0x0 ./src/inits.o
                                  0x8 (size before relaxing)
 .ARM.exidx.text._Z11initNetworkv
                0x00003218       0x10 ./src/inits.o
                                  0x8 (size before relaxing)
 .ARM.exidx.text._Z41__static_initialization_and_destruction_0ii
                0x00003228        0x0 ./mtr_libs/BaseDataManager/BaseDataManager.o
                                  0x8 (size before relaxing)
 .ARM.exidx.text._ZNSt6vectorIP13BaseSomeValueSaIS1_EED2Ev
                0x00003228        0x0 ./mtr_libs/BaseDataManager/BaseDataManager.o
                                  0x8 (size before relaxing)
 .ARM.exidx.text._GLOBAL__sub_I__ZN15BaseDataManager9inputDataEv
                0x00003228        0x0 ./mtr_libs/BaseDataManager/BaseDataManager.o
                                  0x8 (size before relaxing)
 .ARM.exidx.text.main
                0x00003228       0x10 ./main.o
                                  0x8 (size before relaxing)
 .ARM.exidx     0x00003238       0x90 e:/eclipse/forcontroller/source/basesoft/gcc-arm-9_2020-q2-update/bin/../lib/gcc/arm-none-eabi/9.3.1/thumb/v6-m/nofp\libgcc.a(unwind-arm.o)
                                 0xd8 (size before relaxing)
 .ARM.exidx     0x000032c8       0x30 e:/eclipse/forcontroller/source/basesoft/gcc-arm-9_2020-q2-update/bin/../lib/gcc/arm-none-eabi/9.3.1/thumb/v6-m/nofp\libgcc.a(pr-support.o)
                                 0x38 (size before relaxing)
                0x000032f8                __exidx_end = .
                0x000032f8                . = ALIGN (0x4)
                0x000032f8                __etext = .

.data           0x20000000      0x184 load address 0x000032f8
                0x20000000                __data_start__ = .
 *(vtable)
 *(.data*)
 .data          0x20000000        0x4 e:/eclipse/forcontroller/source/basesoft/gcc-arm-9_2020-q2-update/bin/../lib/gcc/arm-none-eabi/9.3.1/thumb/v6-m/nofp/crtbegin.o
                0x20000000                __dso_handle
 .data.uartSettingsMainStructs
                0x20000004       0x68 ./mtr_libs/mtr_uart_base/mtr_uart_base.o
 .data.TIMER    0x2000006c       0x30 ./mtr_libs/mtr_timer/mtr_timer.o
                0x2000006c                TIMER
 .data.bootloaderMagicData
                0x2000009c       0x1f ./mtr_libs/mtr_service/mtr_service.o
                0x2000009c                bootloaderMagicData
 *fill*         0x200000bb        0x1 
 .data.PORTS    0x200000bc       0x48 ./mtr_libs/mtr_port/mtr_port.o
                0x200000bc                PORTS
 .data.eepromBuffer
                0x20000104        0x4 ./mtr_libs/mtr_eeprom/mtr_eeprom.o
                0x20000104                eepromBuffer
 .data.SystemCoreClock
                0x20000108        0x4 ./cmsis_boot/system_MDR1986VE1T.o
                0x20000108                SystemCoreClock
 .data._ZN10__cxxabiv120__unexpected_handlerE
                0x2000010c        0x4 e:/eclipse/forcontroller/source/basesoft/gcc-arm-9_2020-q2-update/bin/../lib/gcc/arm-none-eabi/9.3.1/../../../../arm-none-eabi/lib/thumb/v6-m/nofp\libstdc++_nano.a(eh_unex_handler.o)
                0x2000010c                __cxxabiv1::__unexpected_handler
 .data._ZN10__cxxabiv119__terminate_handlerE
                0x20000110        0x4 e:/eclipse/forcontroller/source/basesoft/gcc-arm-9_2020-q2-update/bin/../lib/gcc/arm-none-eabi/9.3.1/../../../../arm-none-eabi/lib/thumb/v6-m/nofp\libstdc++_nano.a(eh_term_handler.o)
                0x20000110                __cxxabiv1::__terminate_handler
 .data._impure_ptr
                0x20000114        0x4 e:/eclipse/forcontroller/source/basesoft/gcc-arm-9_2020-q2-update/bin/../lib/gcc/arm-none-eabi/9.3.1/../../../../arm-none-eabi/lib/thumb/v6-m/nofp\libg_nano.a(lib_a-impure.o)
                0x20000114                _impure_ptr
 .data.impure_data
                0x20000118       0x60 e:/eclipse/forcontroller/source/basesoft/gcc-arm-9_2020-q2-update/bin/../lib/gcc/arm-none-eabi/9.3.1/../../../../arm-none-eabi/lib/thumb/v6-m/nofp\libg_nano.a(lib_a-impure.o)
                0x20000178                . = ALIGN (0x4)
                0x20000178                PROVIDE (__preinit_array_start = .)
 *(.preinit_array)
                0x20000178                PROVIDE (__preinit_array_end = .)
                0x20000178                . = ALIGN (0x4)
                0x20000178                PROVIDE (__init_array_start = .)
 *(SORT_BY_NAME(.init_array.*))
 *(.init_array)
 .init_array    0x20000178        0x4 e:/eclipse/forcontroller/source/basesoft/gcc-arm-9_2020-q2-update/bin/../lib/gcc/arm-none-eabi/9.3.1/thumb/v6-m/nofp/crtbegin.o
 .init_array    0x2000017c        0x4 ./mtr_libs/BaseDataManager/BaseDataManager.o
                0x20000180                PROVIDE (__init_array_end = .)
                0x20000180                . = ALIGN (0x4)
                [!provide]                PROVIDE (__fini_array_start = .)
 *(SORT_BY_NAME(.fini_array.*))
 *(.fini_array)
 .fini_array    0x20000180        0x4 e:/eclipse/forcontroller/source/basesoft/gcc-arm-9_2020-q2-update/bin/../lib/gcc/arm-none-eabi/9.3.1/thumb/v6-m/nofp/crtbegin.o
                [!provide]                PROVIDE (__fini_array_end = .)
 *(.jcr*)
                0x20000184                . = ALIGN (0x4)
                0x20000184                __data_end__ = .
                0x0000347c                __edata = (__etext + SIZEOF (.data))

.igot.plt       0x20000184        0x0 load address 0x0000347c
 .igot.plt      0x20000184        0x0 e:/eclipse/forcontroller/source/basesoft/gcc-arm-9_2020-q2-update/bin/../lib/gcc/arm-none-eabi/9.3.1/thumb/v6-m/nofp/crtbegin.o

.ramfunc        0x20100000      0x418 load address 0x0000347c
                0x20100000                __ramfunc_start__ = .
 *(.ramfunc*)
 .ramfunc       0x20100000       0xd0 ./mtr_libs/mtr_eeprom/mtr_eeprom.o
                0x20100000                MTR_Eeprom_erasePage
                0x2010000a                MTR_Parameter_read
                0x2010001e                MTR_Parameter_reWrite
                0x2010009c                MTR_Parameter_write
 .ramfunc       0x201000d0      0x348 ./cmsis_lib/src/MDR32F9Qx_eeprom.o
                0x201000e8                EEPROM_ReadByte
                0x20100140                EEPROM_ReadHalfWord
                0x20100198                EEPROM_ReadWord
                0x201001f4                EEPROM_ErasePage
                0x2010028c                EEPROM_EraseAllPages
                0x20100324                EEPROM_ProgramWord
                0x201003c0                EEPROM_ProgramByte
                0x201003ea                EEPROM_ProgramHalfWord
                0x20100418                . = ALIGN (0x4)
                0x20100418                __ramfunc_end__ = .

.rel.dyn        0x20100418        0x0 load address 0x00003894
 .rel.iplt      0x20100418        0x0 e:/eclipse/forcontroller/source/basesoft/gcc-arm-9_2020-q2-update/bin/../lib/gcc/arm-none-eabi/9.3.1/thumb/v6-m/nofp/crtbegin.o

.bss            0x20000184     0x1210 load address 0x0000347c
                0x20000184                . = ALIGN (0x4)
                0x20000184                __bss_start__ = .
 *(.bss*)
 .bss           0x20000184       0x1c e:/eclipse/forcontroller/source/basesoft/gcc-arm-9_2020-q2-update/bin/../lib/gcc/arm-none-eabi/9.3.1/thumb/v6-m/nofp/crtbegin.o
 .bss._ZZ11initNetworkvE14ETH_InitStruct
                0x200001a0       0x78 ./src/inits.o
 .bss.uartCommunicationDataMainStructs
                0x20000218        0x8 ./mtr_libs/mtr_uart_base/mtr_uart_base.o
 .bss.delay_dec
                0x20000220        0x4 ./mtr_libs/mtr_service/mtr_service.o
                0x20000220                delay_dec
 .bss.timerStruct.5985
                0x20000224        0x4 ./mtr_libs/mtr_planner/mtr_planner.o
 .bss.timerStruct.6022
                0x20000228        0x4 ./mtr_libs/mtr_planner/mtr_planner.o
 .bss._ZL10inputDatas
                0x2000022c        0xc ./mtr_libs/BaseDataManager/BaseDataManager.o
 .bss._ZL11outputDatas
                0x20000238        0xc ./mtr_libs/BaseDataManager/BaseDataManager.o
 .bss.z.4841    0x20000244        0x4 ./cmsis_lib/src/MDR32F9Qx_eeprom.o
 .bss.bHandling.5540
                0x20000248        0x4 ./cmsis_lib/src/MDR32F9Qx_usb_device.o
 .bss._ZL10eh_globals
                0x2000024c        0xc e:/eclipse/forcontroller/source/basesoft/gcc-arm-9_2020-q2-update/bin/../lib/gcc/arm-none-eabi/9.3.1/../../../../arm-none-eabi/lib/thumb/v6-m/nofp\libstdc++_nano.a(eh_globals.o)
 .bss.__malloc_free_list
                0x20000258        0x4 e:/eclipse/forcontroller/source/basesoft/gcc-arm-9_2020-q2-update/bin/../lib/gcc/arm-none-eabi/9.3.1/../../../../arm-none-eabi/lib/thumb/v6-m/nofp\libg_nano.a(lib_a-nano-mallocr.o)
                0x20000258                __malloc_free_list
 *(COMMON)
 COMMON         0x2000025c       0x24 ./mtr_libs/mtr_uart_base/mtr_uart_base.o
                0x2000025c                timer
                0x20000260                rxCanSerialMessage
                0x20000270                uartInitStructure
 COMMON         0x20000280       0x2b ./mtr_libs/mtr_service/mtr_service.o
                0x20000280                deviceID
                0x20000284                toBootloaderResetCommand
 *fill*         0x200002ab        0x1 
 COMMON         0x200002ac       0x14 ./mtr_libs/mtr_planner/mtr_planner.o
                0x200002ac                Planner
 COMMON         0x200002c0     0x1000 ./mtr_libs/mtr_eeprom/mtr_eeprom.o
                0x200002c0                eepromBufferData
 COMMON         0x200012c0       0xc4 ./cmsis_lib/src/MDR32F9Qx_usb_device.o
                0x200012c0                USB_DeviceContext
                0x200012cc                USB_CurrentSetupPacket
                0x200012d4                USB_EPContext
 COMMON         0x20001384        0x4 e:/eclipse/forcontroller/source/basesoft/gcc-arm-9_2020-q2-update/bin/../lib/gcc/arm-none-eabi/9.3.1/../../../../arm-none-eabi/lib/thumb/v6-m/nofp\libg_nano.a(lib_a-reent.o)
                0x20001384                errno
 COMMON         0x20001388        0x9 e:/eclipse/forcontroller/source/basesoft/gcc-arm-9_2020-q2-update/bin/../lib/gcc/arm-none-eabi/9.3.1/../../../../arm-none-eabi/lib/thumb/v6-m/nofp\libg_nano.a(lib_a-lock.o)
                0x20001388                __lock___atexit_recursive_mutex
                0x20001389                __lock___arc4random_mutex
                0x2000138a                __lock___env_recursive_mutex
                0x2000138b                __lock___sinit_recursive_mutex
                0x2000138c                __lock___malloc_recursive_mutex
                0x2000138d                __lock___at_quick_exit_mutex
                0x2000138e                __lock___dd_hash_mutex
                0x2000138f                __lock___tz_mutex
                0x20001390                __lock___sfp_recursive_mutex
                0x20001394                . = ALIGN (0x4)
 *fill*         0x20001391        0x3 
                0x20001394                __bss_end__ = .

.heap           0x20001398        0x0
                0x20001398                __end__ = .
                0x20001398                PROVIDE (end = .)
 *(.heap*)
 .heap          0x20001398        0x0 ./cmsis_boot/startup/startup_MDR1986VE1T.o
                0x20001398                __HeapLimit = .

.stack_dummy    0x20001398      0xc00
 *(.stack*)
 .stack         0x20001398      0xc00 ./cmsis_boot/startup/startup_MDR1986VE1T.o
                0x20008000                __StackTop = (ORIGIN (RAM) + LENGTH (RAM))
                0x20007400                __StackLimit = (__StackTop - SIZEOF (.stack_dummy))
                0x20008000                PROVIDE (__stack = __StackTop)
                0x00000001                ASSERT ((__StackLimit >= __HeapLimit), region RAM overflowed with stack)
OUTPUT(testEthernetMilandrVE1T.elf elf32-littlearm)
LOAD linker stubs

.ARM.attributes
                0x00000000       0x28
 .ARM.attributes
                0x00000000       0x1e e:/eclipse/forcontroller/source/basesoft/gcc-arm-9_2020-q2-update/bin/../lib/gcc/arm-none-eabi/9.3.1/thumb/v6-m/nofp/crti.o
 .ARM.attributes
                0x0000001e       0x2c e:/eclipse/forcontroller/source/basesoft/gcc-arm-9_2020-q2-update/bin/../lib/gcc/arm-none-eabi/9.3.1/thumb/v6-m/nofp/crtbegin.o
 .ARM.attributes
                0x0000004a       0x1b e:/eclipse/forcontroller/source/basesoft/gcc-arm-9_2020-q2-update/bin/../lib/gcc/arm-none-eabi/9.3.1/../../../../arm-none-eabi/lib/thumb/v6-m/nofp/crt0.o
 .ARM.attributes
                0x00000065       0x2c ./src/inits.o
 .ARM.attributes
                0x00000091       0x2c ./mtr_libs/mtr_uart_base/mtr_uart_base.o
 .ARM.attributes
                0x000000bd       0x2c ./mtr_libs/mtr_timer/mtr_timer.o
 .ARM.attributes
                0x000000e9       0x2c ./mtr_libs/mtr_service/mtr_service.o
 .ARM.attributes
                0x00000115       0x2c ./mtr_libs/mtr_port/mtr_port.o
 .ARM.attributes
                0x00000141       0x2c ./mtr_libs/mtr_planner/mtr_planner.o
 .ARM.attributes
                0x0000016d       0x2c ./mtr_libs/mtr_eeprom/mtr_eeprom.o
 .ARM.attributes
                0x00000199       0x2c ./mtr_libs/mtr_crc/mtr_crc.o
 .ARM.attributes
                0x000001c5       0x2c ./mtr_libs/BaseDataManager/BaseDataManager.o
 .ARM.attributes
                0x000001f1       0x2c ./cmsis_lib/src/MDR32F9Qx_eeprom.o
 .ARM.attributes
                0x0000021d       0x2c ./cmsis_lib/src/MDR32F9Qx_eth.o
 .ARM.attributes
                0x00000249       0x2c ./cmsis_lib/src/MDR32F9Qx_port.o
 .ARM.attributes
                0x00000275       0x2c ./cmsis_lib/src/MDR32F9Qx_rst_clk.o
 .ARM.attributes
                0x000002a1       0x2c ./cmsis_lib/src/MDR32F9Qx_timer.o
 .ARM.attributes
                0x000002cd       0x2c ./cmsis_lib/src/MDR32F9Qx_uart.o
 .ARM.attributes
                0x000002f9       0x2c ./cmsis_lib/src/MDR32F9Qx_usb.o
 .ARM.attributes
                0x00000325       0x2c ./cmsis_lib/src/MDR32F9Qx_usb_device.o
 .ARM.attributes
                0x00000351       0x1b ./cmsis_boot/startup/startup_MDR1986VE1T.o
 .ARM.attributes
                0x0000036c       0x2c ./cmsis_boot/system_MDR1986VE1T.o
 .ARM.attributes
                0x00000398       0x2c ./main.o
 .ARM.attributes
                0x000003c4       0x2c e:/eclipse/forcontroller/source/basesoft/gcc-arm-9_2020-q2-update/bin/../lib/gcc/arm-none-eabi/9.3.1/../../../../arm-none-eabi/lib/thumb/v6-m/nofp\libstdc++_nano.a(atexit_arm.o)
 .ARM.attributes
                0x000003f0       0x2c e:/eclipse/forcontroller/source/basesoft/gcc-arm-9_2020-q2-update/bin/../lib/gcc/arm-none-eabi/9.3.1/../../../../arm-none-eabi/lib/thumb/v6-m/nofp\libstdc++_nano.a(del_op.o)
 .ARM.attributes
                0x0000041c       0x2c e:/eclipse/forcontroller/source/basesoft/gcc-arm-9_2020-q2-update/bin/../lib/gcc/arm-none-eabi/9.3.1/../../../../arm-none-eabi/lib/thumb/v6-m/nofp\libg_nano.a(lib_a-cxa_atexit.o)
 .ARM.attributes
                0x00000448       0x2c e:/eclipse/forcontroller/source/basesoft/gcc-arm-9_2020-q2-update/bin/../lib/gcc/arm-none-eabi/9.3.1/../../../../arm-none-eabi/lib/thumb/v6-m/nofp\libg_nano.a(lib_a-exit.o)
 .ARM.attributes
                0x00000474       0x2c e:/eclipse/forcontroller/source/basesoft/gcc-arm-9_2020-q2-update/bin/../lib/gcc/arm-none-eabi/9.3.1/../../../../arm-none-eabi/lib/thumb/v6-m/nofp\libg_nano.a(lib_a-impure.o)
 .ARM.attributes
                0x000004a0       0x2c e:/eclipse/forcontroller/source/basesoft/gcc-arm-9_2020-q2-update/bin/../lib/gcc/arm-none-eabi/9.3.1/../../../../arm-none-eabi/lib/thumb/v6-m/nofp\libg_nano.a(lib_a-init.o)
 .ARM.attributes
                0x000004cc       0x2c e:/eclipse/forcontroller/source/basesoft/gcc-arm-9_2020-q2-update/bin/../lib/gcc/arm-none-eabi/9.3.1/../../../../arm-none-eabi/lib/thumb/v6-m/nofp\libg_nano.a(lib_a-malloc.o)
 .ARM.attributes
                0x000004f8       0x2c e:/eclipse/forcontroller/source/basesoft/gcc-arm-9_2020-q2-update/bin/../lib/gcc/arm-none-eabi/9.3.1/../../../../arm-none-eabi/lib/thumb/v6-m/nofp\libg_nano.a(lib_a-memcpy-stub.o)
 .ARM.attributes
                0x00000524       0x2c e:/eclipse/forcontroller/source/basesoft/gcc-arm-9_2020-q2-update/bin/../lib/gcc/arm-none-eabi/9.3.1/../../../../arm-none-eabi/lib/thumb/v6-m/nofp\libg_nano.a(lib_a-memset.o)
 .ARM.attributes
                0x00000550       0x2c e:/eclipse/forcontroller/source/basesoft/gcc-arm-9_2020-q2-update/bin/../lib/gcc/arm-none-eabi/9.3.1/../../../../arm-none-eabi/lib/thumb/v6-m/nofp\libg_nano.a(lib_a-nano-freer.o)
 .ARM.attributes
                0x0000057c       0x2c e:/eclipse/forcontroller/source/basesoft/gcc-arm-9_2020-q2-update/bin/../lib/gcc/arm-none-eabi/9.3.1/../../../../arm-none-eabi/lib/thumb/v6-m/nofp\libg_nano.a(lib_a-nano-mallocr.o)
 .ARM.attributes
                0x000005a8       0x2c e:/eclipse/forcontroller/source/basesoft/gcc-arm-9_2020-q2-update/bin/../lib/gcc/arm-none-eabi/9.3.1/../../../../arm-none-eabi/lib/thumb/v6-m/nofp\libg_nano.a(lib_a-mlock.o)
 .ARM.attributes
                0x000005d4       0x2c e:/eclipse/forcontroller/source/basesoft/gcc-arm-9_2020-q2-update/bin/../lib/gcc/arm-none-eabi/9.3.1/../../../../arm-none-eabi/lib/thumb/v6-m/nofp\libg_nano.a(lib_a-findfp.o)
 .ARM.attributes
                0x00000600       0x2c e:/eclipse/forcontroller/source/basesoft/gcc-arm-9_2020-q2-update/bin/../lib/gcc/arm-none-eabi/9.3.1/../../../../arm-none-eabi/lib/thumb/v6-m/nofp\libg_nano.a(lib_a-lock.o)
 .ARM.attributes
                0x0000062c       0x2c e:/eclipse/forcontroller/source/basesoft/gcc-arm-9_2020-q2-update/bin/../lib/gcc/arm-none-eabi/9.3.1/../../../../arm-none-eabi/lib/thumb/v6-m/nofp\libnosys.a(_exit.o)
 .ARM.attributes
                0x00000658       0x2c e:/eclipse/forcontroller/source/basesoft/gcc-arm-9_2020-q2-update/bin/../lib/gcc/arm-none-eabi/9.3.1/thumb/v6-m/nofp/crtend.o
 .ARM.attributes
                0x00000684       0x1e e:/eclipse/forcontroller/source/basesoft/gcc-arm-9_2020-q2-update/bin/../lib/gcc/arm-none-eabi/9.3.1/thumb/v6-m/nofp/crtn.o

.comment        0x00000000       0x4c
 .comment       0x00000000       0x4c ./src/inits.o
                                 0x4d (size before relaxing)
 .comment       0x0000004c       0x4d ./mtr_libs/mtr_uart_base/mtr_uart_base.o
 .comment       0x0000004c       0x4d ./mtr_libs/mtr_timer/mtr_timer.o
 .comment       0x0000004c       0x4d ./mtr_libs/mtr_service/mtr_service.o
 .comment       0x0000004c       0x4d ./mtr_libs/mtr_port/mtr_port.o
 .comment       0x0000004c       0x4d ./mtr_libs/mtr_planner/mtr_planner.o
 .comment       0x0000004c       0x4d ./mtr_libs/mtr_eeprom/mtr_eeprom.o
 .comment       0x0000004c       0x4d ./mtr_libs/mtr_crc/mtr_crc.o
 .comment       0x0000004c       0x4d ./mtr_libs/BaseDataManager/BaseDataManager.o
 .comment       0x0000004c       0x4d ./cmsis_lib/src/MDR32F9Qx_eeprom.o
 .comment       0x0000004c       0x4d ./cmsis_lib/src/MDR32F9Qx_eth.o
 .comment       0x0000004c       0x4d ./cmsis_lib/src/MDR32F9Qx_port.o
 .comment       0x0000004c       0x4d ./cmsis_lib/src/MDR32F9Qx_rst_clk.o
 .comment       0x0000004c       0x4d ./cmsis_lib/src/MDR32F9Qx_timer.o
 .comment       0x0000004c       0x4d ./cmsis_lib/src/MDR32F9Qx_uart.o
 .comment       0x0000004c       0x4d ./cmsis_lib/src/MDR32F9Qx_usb.o
 .comment       0x0000004c       0x4d ./cmsis_lib/src/MDR32F9Qx_usb_device.o
 .comment       0x0000004c       0x4d ./cmsis_boot/system_MDR1986VE1T.o
 .comment       0x0000004c       0x4d ./main.o

.debug_info     0x00000000    0x2ade8
 .debug_info    0x00000000     0x9627 ./src/inits.o
 .debug_info    0x00009627     0x3133 ./mtr_libs/mtr_uart_base/mtr_uart_base.o
 .debug_info    0x0000c75a      0xeca ./mtr_libs/mtr_timer/mtr_timer.o
 .debug_info    0x0000d624     0x23f1 ./mtr_libs/mtr_service/mtr_service.o
 .debug_info    0x0000fa15      0xdc6 ./mtr_libs/mtr_port/mtr_port.o
 .debug_info    0x000107db     0x134b ./mtr_libs/mtr_planner/mtr_planner.o
 .debug_info    0x00011b26      0xe54 ./mtr_libs/mtr_eeprom/mtr_eeprom.o
 .debug_info    0x0001297a      0x294 ./mtr_libs/mtr_crc/mtr_crc.o
 .debug_info    0x00012c0e     0xec0b ./mtr_libs/BaseDataManager/BaseDataManager.o
 .debug_info    0x00021819      0x6c7 ./cmsis_lib/src/MDR32F9Qx_eeprom.o
 .debug_info    0x00021ee0     0x1dab ./cmsis_lib/src/MDR32F9Qx_eth.o
 .debug_info    0x00023c8b      0x6b1 ./cmsis_lib/src/MDR32F9Qx_port.o
 .debug_info    0x0002433c      0xf01 ./cmsis_lib/src/MDR32F9Qx_rst_clk.o
 .debug_info    0x0002523d     0x1ba0 ./cmsis_lib/src/MDR32F9Qx_timer.o
 .debug_info    0x00026ddd      0x911 ./cmsis_lib/src/MDR32F9Qx_uart.o
 .debug_info    0x000276ee      0xfae ./cmsis_lib/src/MDR32F9Qx_usb.o
 .debug_info    0x0002869c     0x1ae2 ./cmsis_lib/src/MDR32F9Qx_usb_device.o
 .debug_info    0x0002a17e       0x26 ./cmsis_boot/startup/startup_MDR1986VE1T.o
 .debug_info    0x0002a1a4      0x220 ./cmsis_boot/system_MDR1986VE1T.o
 .debug_info    0x0002a3c4      0xa24 ./main.o

.debug_abbrev   0x00000000     0x419e
 .debug_abbrev  0x00000000      0x814 ./src/inits.o
 .debug_abbrev  0x00000814      0x511 ./mtr_libs/mtr_uart_base/mtr_uart_base.o
 .debug_abbrev  0x00000d25      0x2a6 ./mtr_libs/mtr_timer/mtr_timer.o
 .debug_abbrev  0x00000fcb      0x5cf ./mtr_libs/mtr_service/mtr_service.o
 .debug_abbrev  0x0000159a      0x241 ./mtr_libs/mtr_port/mtr_port.o
 .debug_abbrev  0x000017db      0x390 ./mtr_libs/mtr_planner/mtr_planner.o
 .debug_abbrev  0x00001b6b      0x2ef ./mtr_libs/mtr_eeprom/mtr_eeprom.o
 .debug_abbrev  0x00001e5a       0xe2 ./mtr_libs/mtr_crc/mtr_crc.o
 .debug_abbrev  0x00001f3c      0xbd1 ./mtr_libs/BaseDataManager/BaseDataManager.o
 .debug_abbrev  0x00002b0d      0x1c6 ./cmsis_lib/src/MDR32F9Qx_eeprom.o
 .debug_abbrev  0x00002cd3      0x388 ./cmsis_lib/src/MDR32F9Qx_eth.o
 .debug_abbrev  0x0000305b      0x1c4 ./cmsis_lib/src/MDR32F9Qx_port.o
 .debug_abbrev  0x0000321f      0x1e9 ./cmsis_lib/src/MDR32F9Qx_rst_clk.o
 .debug_abbrev  0x00003408      0x1dc ./cmsis_lib/src/MDR32F9Qx_timer.o
 .debug_abbrev  0x000035e4      0x244 ./cmsis_lib/src/MDR32F9Qx_uart.o
 .debug_abbrev  0x00003828      0x28a ./cmsis_lib/src/MDR32F9Qx_usb.o
 .debug_abbrev  0x00003ab2      0x3ba ./cmsis_lib/src/MDR32F9Qx_usb_device.o
 .debug_abbrev  0x00003e6c       0x14 ./cmsis_boot/startup/startup_MDR1986VE1T.o
 .debug_abbrev  0x00003e80      0x104 ./cmsis_boot/system_MDR1986VE1T.o
 .debug_abbrev  0x00003f84      0x21a ./main.o

.debug_aranges  0x00000000      0xf88
 .debug_aranges
                0x00000000       0x38 ./src/inits.o
 .debug_aranges
                0x00000038      0x1b8 ./mtr_libs/mtr_uart_base/mtr_uart_base.o
 .debug_aranges
                0x000001f0       0xb8 ./mtr_libs/mtr_timer/mtr_timer.o
 .debug_aranges
                0x000002a8      0x178 ./mtr_libs/mtr_service/mtr_service.o
 .debug_aranges
                0x00000420       0x90 ./mtr_libs/mtr_port/mtr_port.o
 .debug_aranges
                0x000004b0       0x98 ./mtr_libs/mtr_planner/mtr_planner.o
 .debug_aranges
                0x00000548       0x78 ./mtr_libs/mtr_eeprom/mtr_eeprom.o
 .debug_aranges
                0x000005c0       0x38 ./mtr_libs/mtr_crc/mtr_crc.o
 .debug_aranges
                0x000005f8       0x90 ./mtr_libs/BaseDataManager/BaseDataManager.o
 .debug_aranges
                0x00000688       0x68 ./cmsis_lib/src/MDR32F9Qx_eeprom.o
 .debug_aranges
                0x000006f0       0xf0 ./cmsis_lib/src/MDR32F9Qx_eth.o
 .debug_aranges
                0x000007e0       0x60 ./cmsis_lib/src/MDR32F9Qx_port.o
 .debug_aranges
                0x00000840      0x138 ./cmsis_lib/src/MDR32F9Qx_rst_clk.o
 .debug_aranges
                0x00000978      0x1d8 ./cmsis_lib/src/MDR32F9Qx_timer.o
 .debug_aranges
                0x00000b50       0xa0 ./cmsis_lib/src/MDR32F9Qx_uart.o
 .debug_aranges
                0x00000bf0      0x1f8 ./cmsis_lib/src/MDR32F9Qx_usb.o
 .debug_aranges
                0x00000de8      0x138 ./cmsis_lib/src/MDR32F9Qx_usb_device.o
 .debug_aranges
                0x00000f20       0x20 ./cmsis_boot/startup/startup_MDR1986VE1T.o
 .debug_aranges
                0x00000f40       0x28 ./cmsis_boot/system_MDR1986VE1T.o
 .debug_aranges
                0x00000f68       0x20 ./main.o

.debug_ranges   0x00000000      0xfb0
 .debug_ranges  0x00000000       0x28 ./src/inits.o
 .debug_ranges  0x00000028      0x230 ./mtr_libs/mtr_uart_base/mtr_uart_base.o
 .debug_ranges  0x00000258       0xd8 ./mtr_libs/mtr_timer/mtr_timer.o
 .debug_ranges  0x00000330      0x1a0 ./mtr_libs/mtr_service/mtr_service.o
 .debug_ranges  0x000004d0       0x98 ./mtr_libs/mtr_port/mtr_port.o
 .debug_ranges  0x00000568       0x88 ./mtr_libs/mtr_planner/mtr_planner.o
 .debug_ranges  0x000005f0       0x68 ./mtr_libs/mtr_eeprom/mtr_eeprom.o
 .debug_ranges  0x00000658       0x28 ./mtr_libs/mtr_crc/mtr_crc.o
 .debug_ranges  0x00000680       0x80 ./mtr_libs/BaseDataManager/BaseDataManager.o
 .debug_ranges  0x00000700       0x58 ./cmsis_lib/src/MDR32F9Qx_eeprom.o
 .debug_ranges  0x00000758      0x110 ./cmsis_lib/src/MDR32F9Qx_eth.o
 .debug_ranges  0x00000868       0x50 ./cmsis_lib/src/MDR32F9Qx_port.o
 .debug_ranges  0x000008b8      0x128 ./cmsis_lib/src/MDR32F9Qx_rst_clk.o
 .debug_ranges  0x000009e0      0x1c8 ./cmsis_lib/src/MDR32F9Qx_timer.o
 .debug_ranges  0x00000ba8       0x90 ./cmsis_lib/src/MDR32F9Qx_uart.o
 .debug_ranges  0x00000c38      0x1e8 ./cmsis_lib/src/MDR32F9Qx_usb.o
 .debug_ranges  0x00000e20      0x148 ./cmsis_lib/src/MDR32F9Qx_usb_device.o
 .debug_ranges  0x00000f68       0x38 ./cmsis_boot/system_MDR1986VE1T.o
 .debug_ranges  0x00000fa0       0x10 ./main.o

.debug_macro    0x00000000     0xc4a9
 .debug_macro   0x00000000      0x775 ./src/inits.o
 .debug_macro   0x00000775      0xbc8 ./src/inits.o
 .debug_macro   0x0000133d       0x22 ./src/inits.o
 .debug_macro   0x0000135f       0x5e ./src/inits.o
 .debug_macro   0x000013bd       0x18 ./src/inits.o
 .debug_macro   0x000013d5       0x94 ./src/inits.o
 .debug_macro   0x00001469       0x35 ./src/inits.o
 .debug_macro   0x0000149e       0x34 ./src/inits.o
 .debug_macro   0x000014d2      0x17b ./src/inits.o
 .debug_macro   0x0000164d       0x16 ./src/inits.o
 .debug_macro   0x00001663       0x43 ./src/inits.o
 .debug_macro   0x000016a6       0x57 ./src/inits.o
 .debug_macro   0x000016fd       0x34 ./src/inits.o
 .debug_macro   0x00001731       0x10 ./src/inits.o
 .debug_macro   0x00001741       0x58 ./src/inits.o
 .debug_macro   0x00001799      0x182 ./src/inits.o
 .debug_macro   0x0000191b       0x35 ./src/inits.o
 .debug_macro   0x00001950       0x3c ./src/inits.o
 .debug_macro   0x0000198c       0x1c ./src/inits.o
 .debug_macro   0x000019a8      0x103 ./src/inits.o
 .debug_macro   0x00001aab       0x6a ./src/inits.o
 .debug_macro   0x00001b15      0x1df ./src/inits.o
 .debug_macro   0x00001cf4      0x100 ./src/inits.o
 .debug_macro   0x00001df4      0x286 ./src/inits.o
 .debug_macro   0x0000207a       0x28 ./src/inits.o
 .debug_macro   0x000020a2       0x10 ./src/inits.o
 .debug_macro   0x000020b2       0x16 ./src/inits.o
 .debug_macro   0x000020c8       0xc4 ./src/inits.o
 .debug_macro   0x0000218c       0x22 ./src/inits.o
 .debug_macro   0x000021ae       0x3a ./src/inits.o
 .debug_macro   0x000021e8       0x1f ./src/inits.o
 .debug_macro   0x00002207      0x242 ./src/inits.o
 .debug_macro   0x00002449     0x3ca8 ./src/inits.o
 .debug_macro   0x000060f1       0x9f ./src/inits.o
 .debug_macro   0x00006190       0xdf ./src/inits.o
 .debug_macro   0x0000626f      0x424 ./src/inits.o
 .debug_macro   0x00006693      0x262 ./src/inits.o
 .debug_macro   0x000068f5       0x46 ./src/inits.o
 .debug_macro   0x0000693b      0x3ae ./src/inits.o
 .debug_macro   0x00006ce9       0x16 ./src/inits.o
 .debug_macro   0x00006cff       0x16 ./src/inits.o
 .debug_macro   0x00006d15       0x9a ./src/inits.o
 .debug_macro   0x00006daf       0x10 ./src/inits.o
 .debug_macro   0x00006dbf       0x10 ./src/inits.o
 .debug_macro   0x00006dcf       0x10 ./src/inits.o
 .debug_macro   0x00006ddf      0x17c ./src/inits.o
 .debug_macro   0x00006f5b       0x10 ./src/inits.o
 .debug_macro   0x00006f6b       0x9e ./src/inits.o
 .debug_macro   0x00007009       0xfd ./src/inits.o
 .debug_macro   0x00007106      0x392 ./src/inits.o
 .debug_macro   0x00007498       0x28 ./src/inits.o
 .debug_macro   0x000074c0       0x6a ./src/inits.o
 .debug_macro   0x0000752a       0x18 ./src/inits.o
 .debug_macro   0x00007542       0x2e ./src/inits.o
 .debug_macro   0x00007570       0x1c ./src/inits.o
 .debug_macro   0x0000758c       0x10 ./src/inits.o
 .debug_macro   0x0000759c       0x18 ./src/inits.o
 .debug_macro   0x000075b4       0x6e ./src/inits.o
 .debug_macro   0x00007622       0x2e ./src/inits.o
 .debug_macro   0x00007650       0x1f ./src/inits.o
 .debug_macro   0x0000766f       0x88 ./src/inits.o
 .debug_macro   0x000076f7       0x19 ./src/inits.o
 .debug_macro   0x00007710       0x22 ./src/inits.o
 .debug_macro   0x00007732       0x3c ./src/inits.o
 .debug_macro   0x0000776e      0x35c ./src/inits.o
 .debug_macro   0x00007aca       0x10 ./src/inits.o
 .debug_macro   0x00007ada       0x10 ./src/inits.o
 .debug_macro   0x00007aea       0x33 ./src/inits.o
 .debug_macro   0x00007b1d      0x173 ./src/inits.o
 .debug_macro   0x00007c90       0x11 ./src/inits.o
 .debug_macro   0x00007ca1       0x17 ./src/inits.o
 .debug_macro   0x00007cb8       0x5e ./src/inits.o
 .debug_macro   0x00007d16       0x16 ./src/inits.o
 .debug_macro   0x00007d2c       0x52 ./src/inits.o
 .debug_macro   0x00007d7e       0x5e ./src/inits.o
 .debug_macro   0x00007ddc       0x11 ./src/inits.o
 .debug_macro   0x00007ded       0x11 ./src/inits.o
 .debug_macro   0x00007dfe       0x11 ./src/inits.o
 .debug_macro   0x00007e0f       0x2f ./src/inits.o
 .debug_macro   0x00007e3e       0x16 ./src/inits.o
 .debug_macro   0x00007e54       0x10 ./src/inits.o
 .debug_macro   0x00007e64      0x120 ./src/inits.o
 .debug_macro   0x00007f84       0x17 ./src/inits.o
 .debug_macro   0x00007f9b       0x10 ./src/inits.o
 .debug_macro   0x00007fab       0x16 ./src/inits.o
 .debug_macro   0x00007fc1       0x16 ./src/inits.o
 .debug_macro   0x00007fd7       0x29 ./src/inits.o
 .debug_macro   0x00008000       0x1c ./src/inits.o
 .debug_macro   0x0000801c       0xde ./src/inits.o
 .debug_macro   0x000080fa       0x1c ./src/inits.o
 .debug_macro   0x00008116       0x10 ./src/inits.o
 .debug_macro   0x00008126       0x1c ./src/inits.o
 .debug_macro   0x00008142       0x52 ./src/inits.o
 .debug_macro   0x00008194       0x22 ./src/inits.o
 .debug_macro   0x000081b6       0x10 ./src/inits.o
 .debug_macro   0x000081c6       0x40 ./src/inits.o
 .debug_macro   0x00008206       0xd5 ./src/inits.o
 .debug_macro   0x000082db       0x1c ./src/inits.o
 .debug_macro   0x000082f7       0x3d ./src/inits.o
 .debug_macro   0x00008334       0x16 ./src/inits.o
 .debug_macro   0x0000834a      0x130 ./src/inits.o
 .debug_macro   0x0000847a      0x11d ./src/inits.o
 .debug_macro   0x00008597       0x10 ./src/inits.o
 .debug_macro   0x000085a7      0x241 ./src/inits.o
 .debug_macro   0x000087e8      0x55a ./src/inits.o
 .debug_macro   0x00008d42       0xa0 ./src/inits.o
 .debug_macro   0x00008de2      0x230 ./mtr_libs/mtr_uart_base/mtr_uart_base.o
 .debug_macro   0x00009012       0x64 ./mtr_libs/mtr_uart_base/mtr_uart_base.o
 .debug_macro   0x00009076       0x34 ./mtr_libs/mtr_uart_base/mtr_uart_base.o
 .debug_macro   0x000090aa      0x174 ./mtr_libs/mtr_uart_base/mtr_uart_base.o
 .debug_macro   0x0000921e       0x43 ./mtr_libs/mtr_uart_base/mtr_uart_base.o
 .debug_macro   0x00009261      0x339 ./mtr_libs/mtr_uart_base/mtr_uart_base.o
 .debug_macro   0x0000959a       0x35 ./mtr_libs/mtr_uart_base/mtr_uart_base.o
 .debug_macro   0x000095cf       0x10 ./mtr_libs/mtr_uart_base/mtr_uart_base.o
 .debug_macro   0x000095df      0x104 ./mtr_libs/mtr_timer/mtr_timer.o
 .debug_macro   0x000096e3      0x41e ./mtr_libs/mtr_timer/mtr_timer.o
 .debug_macro   0x00009b01      0x20c ./mtr_libs/mtr_service/mtr_service.o
 .debug_macro   0x00009d0d       0x22 ./mtr_libs/mtr_service/mtr_service.o
 .debug_macro   0x00009d2f      0x10a ./mtr_libs/mtr_port/mtr_port.o
 .debug_macro   0x00009e39      0x1f5 ./mtr_libs/mtr_planner/mtr_planner.o
 .debug_macro   0x0000a02e      0x19f ./mtr_libs/mtr_eeprom/mtr_eeprom.o
 .debug_macro   0x0000a1cd       0x6a ./mtr_libs/mtr_eeprom/mtr_eeprom.o
 .debug_macro   0x0000a237       0x6d ./mtr_libs/mtr_crc/mtr_crc.o
 .debug_macro   0x0000a2a4      0x5f7 ./mtr_libs/BaseDataManager/BaseDataManager.o
 .debug_macro   0x0000a89b       0x1c ./mtr_libs/BaseDataManager/BaseDataManager.o
 .debug_macro   0x0000a8b7       0x1c ./mtr_libs/BaseDataManager/BaseDataManager.o
 .debug_macro   0x0000a8d3      0x1d1 ./mtr_libs/BaseDataManager/BaseDataManager.o
 .debug_macro   0x0000aaa4       0x2b ./mtr_libs/BaseDataManager/BaseDataManager.o
 .debug_macro   0x0000aacf       0x2d ./mtr_libs/BaseDataManager/BaseDataManager.o
 .debug_macro   0x0000aafc       0x26 ./mtr_libs/BaseDataManager/BaseDataManager.o
 .debug_macro   0x0000ab22       0xfa ./cmsis_lib/src/MDR32F9Qx_eeprom.o
 .debug_macro   0x0000ac1c      0x265 ./cmsis_lib/src/MDR32F9Qx_eth.o
 .debug_macro   0x0000ae81      0x3b4 ./cmsis_lib/src/MDR32F9Qx_eth.o
 .debug_macro   0x0000b235      0x1a9 ./cmsis_lib/src/MDR32F9Qx_eth.o
 .debug_macro   0x0000b3de      0x16f ./cmsis_lib/src/MDR32F9Qx_eth.o
 .debug_macro   0x0000b54d       0xdc ./cmsis_lib/src/MDR32F9Qx_port.o
 .debug_macro   0x0000b629      0x1e0 ./cmsis_lib/src/MDR32F9Qx_rst_clk.o
 .debug_macro   0x0000b809       0xdc ./cmsis_lib/src/MDR32F9Qx_timer.o
 .debug_macro   0x0000b8e5      0x133 ./cmsis_lib/src/MDR32F9Qx_uart.o
 .debug_macro   0x0000ba18      0x25c ./cmsis_lib/src/MDR32F9Qx_uart.o
 .debug_macro   0x0000bc74       0xf1 ./cmsis_lib/src/MDR32F9Qx_usb.o
 .debug_macro   0x0000bd65      0x136 ./cmsis_lib/src/MDR32F9Qx_usb_device.o
 .debug_macro   0x0000be9b       0xc3 ./cmsis_boot/system_MDR1986VE1T.o
 .debug_macro   0x0000bf5e      0x263 ./main.o
 .debug_macro   0x0000c1c1       0x16 ./main.o
 .debug_macro   0x0000c1d7       0x97 ./main.o
 .debug_macro   0x0000c26e      0x104 ./main.o
 .debug_macro   0x0000c372      0x137 ./main.o

.debug_line     0x00000000     0xeccd
 .debug_line    0x00000000     0x1355 ./src/inits.o
 .debug_line    0x00001355     0x1851 ./mtr_libs/mtr_uart_base/mtr_uart_base.o
 .debug_line    0x00002ba6      0x8ca ./mtr_libs/mtr_timer/mtr_timer.o
 .debug_line    0x00003470     0x1155 ./mtr_libs/mtr_service/mtr_service.o
 .debug_line    0x000045c5      0x986 ./mtr_libs/mtr_port/mtr_port.o
 .debug_line    0x00004f4b      0x942 ./mtr_libs/mtr_planner/mtr_planner.o
 .debug_line    0x0000588d      0x6c5 ./mtr_libs/mtr_eeprom/mtr_eeprom.o
 .debug_line    0x00005f52      0x37e ./mtr_libs/mtr_crc/mtr_crc.o
 .debug_line    0x000062d0      0xfe9 ./mtr_libs/BaseDataManager/BaseDataManager.o
 .debug_line    0x000072b9      0xbf6 ./cmsis_lib/src/MDR32F9Qx_eeprom.o
 .debug_line    0x00007eaf     0x13ce ./cmsis_lib/src/MDR32F9Qx_eth.o
 .debug_line    0x0000927d      0x6be ./cmsis_lib/src/MDR32F9Qx_port.o
 .debug_line    0x0000993b     0x103c ./cmsis_lib/src/MDR32F9Qx_rst_clk.o
 .debug_line    0x0000a977     0x1431 ./cmsis_lib/src/MDR32F9Qx_timer.o
 .debug_line    0x0000bda8      0x7ec ./cmsis_lib/src/MDR32F9Qx_uart.o
 .debug_line    0x0000c594      0xb3d ./cmsis_lib/src/MDR32F9Qx_usb.o
 .debug_line    0x0000d0d1     0x1148 ./cmsis_lib/src/MDR32F9Qx_usb_device.o
 .debug_line    0x0000e219       0x7c ./cmsis_boot/startup/startup_MDR1986VE1T.o
 .debug_line    0x0000e295      0x43c ./cmsis_boot/system_MDR1986VE1T.o
 .debug_line    0x0000e6d1      0x5fc ./main.o

.debug_str      0x00000000    0x4df5f
 .debug_str     0x00000000    0x397da ./src/inits.o
                              0x39f10 (size before relaxing)
 .debug_str     0x000397da     0x181b ./mtr_libs/mtr_uart_base/mtr_uart_base.o
                              0x25d48 (size before relaxing)
 .debug_str     0x0003aff5      0x368 ./mtr_libs/mtr_timer/mtr_timer.o
                              0x20204 (size before relaxing)
 .debug_str     0x0003b35d      0x53d ./mtr_libs/mtr_service/mtr_service.o
                              0x20ce5 (size before relaxing)
 .debug_str     0x0003b89a      0x544 ./mtr_libs/mtr_port/mtr_port.o
                              0x1d6be (size before relaxing)
 .debug_str     0x0003bdde      0x299 ./mtr_libs/mtr_planner/mtr_planner.o
                              0x2026f (size before relaxing)
 .debug_str     0x0003c077      0x1bf ./mtr_libs/mtr_eeprom/mtr_eeprom.o
                              0x1e99a (size before relaxing)
 .debug_str     0x0003c236       0x56 ./mtr_libs/mtr_crc/mtr_crc.o
                               0x3c68 (size before relaxing)
 .debug_str     0x0003c28c     0x81d1 ./mtr_libs/BaseDataManager/BaseDataManager.o
                              0x2279d (size before relaxing)
 .debug_str     0x0004445d      0x1b6 ./cmsis_lib/src/MDR32F9Qx_eeprom.o
                              0x18f65 (size before relaxing)
 .debug_str     0x00044613     0x2d35 ./cmsis_lib/src/MDR32F9Qx_eth.o
                              0x219af (size before relaxing)
 .debug_str     0x00047348      0x121 ./cmsis_lib/src/MDR32F9Qx_port.o
                              0x19628 (size before relaxing)
 .debug_str     0x00047469      0xae9 ./cmsis_lib/src/MDR32F9Qx_rst_clk.o
                              0x1c357 (size before relaxing)
 .debug_str     0x00047f52      0x79e ./cmsis_lib/src/MDR32F9Qx_timer.o
                              0x1c873 (size before relaxing)
 .debug_str     0x000486f0      0x361 ./cmsis_lib/src/MDR32F9Qx_uart.o
                              0x1cf27 (size before relaxing)
 .debug_str     0x00048a51     0x3f59 ./cmsis_lib/src/MDR32F9Qx_usb.o
                              0x1f736 (size before relaxing)
 .debug_str     0x0004c9aa     0x1518 ./cmsis_lib/src/MDR32F9Qx_usb_device.o
                              0x209f6 (size before relaxing)
 .debug_str     0x0004dec2       0x3a ./cmsis_boot/startup/startup_MDR1986VE1T.o
                                 0x65 (size before relaxing)
 .debug_str     0x0004defc       0x44 ./cmsis_boot/system_MDR1986VE1T.o
                              0x18a80 (size before relaxing)
 .debug_str     0x0004df40       0x1f ./main.o
                              0x20cdb (size before relaxing)

.debug_frame    0x00000000     0x28c0
 .debug_frame   0x00000000       0x64 ./src/inits.o
 .debug_frame   0x00000064      0x4b8 ./mtr_libs/mtr_uart_base/mtr_uart_base.o
 .debug_frame   0x0000051c      0x1f4 ./mtr_libs/mtr_timer/mtr_timer.o
 .debug_frame   0x00000710      0x3d0 ./mtr_libs/mtr_service/mtr_service.o
 .debug_frame   0x00000ae0      0x1b4 ./mtr_libs/mtr_port/mtr_port.o
 .debug_frame   0x00000c94      0x170 ./mtr_libs/mtr_planner/mtr_planner.o
 .debug_frame   0x00000e04      0x138 ./mtr_libs/mtr_eeprom/mtr_eeprom.o
 .debug_frame   0x00000f3c       0x68 ./mtr_libs/mtr_crc/mtr_crc.o
 .debug_frame   0x00000fa4      0x14c ./mtr_libs/BaseDataManager/BaseDataManager.o
 .debug_frame   0x000010f0      0x11c ./cmsis_lib/src/MDR32F9Qx_eeprom.o
 .debug_frame   0x0000120c      0x254 ./cmsis_lib/src/MDR32F9Qx_eth.o
 .debug_frame   0x00001460       0xbc ./cmsis_lib/src/MDR32F9Qx_port.o
 .debug_frame   0x0000151c      0x2c0 ./cmsis_lib/src/MDR32F9Qx_rst_clk.o
 .debug_frame   0x000017dc      0x3e4 ./cmsis_lib/src/MDR32F9Qx_timer.o
 .debug_frame   0x00001bc0      0x144 ./cmsis_lib/src/MDR32F9Qx_uart.o
 .debug_frame   0x00001d04      0x3fc ./cmsis_lib/src/MDR32F9Qx_usb.o
 .debug_frame   0x00002100      0x330 ./cmsis_lib/src/MDR32F9Qx_usb_device.o
 .debug_frame   0x00002430       0x38 ./cmsis_boot/system_MDR1986VE1T.o
 .debug_frame   0x00002468       0x28 ./main.o
 .debug_frame   0x00002490       0x28 e:/eclipse/forcontroller/source/basesoft/gcc-arm-9_2020-q2-update/bin/../lib/gcc/arm-none-eabi/9.3.1/../../../../arm-none-eabi/lib/thumb/v6-m/nofp\libstdc++_nano.a(atexit_arm.o)
 .debug_frame   0x000024b8       0x28 e:/eclipse/forcontroller/source/basesoft/gcc-arm-9_2020-q2-update/bin/../lib/gcc/arm-none-eabi/9.3.1/../../../../arm-none-eabi/lib/thumb/v6-m/nofp\libstdc++_nano.a(del_op.o)
 .debug_frame   0x000024e0       0x28 e:/eclipse/forcontroller/source/basesoft/gcc-arm-9_2020-q2-update/bin/../lib/gcc/arm-none-eabi/9.3.1/../../../../arm-none-eabi/lib/thumb/v6-m/nofp\libg_nano.a(lib_a-cxa_atexit.o)
 .debug_frame   0x00002508       0x28 e:/eclipse/forcontroller/source/basesoft/gcc-arm-9_2020-q2-update/bin/../lib/gcc/arm-none-eabi/9.3.1/../../../../arm-none-eabi/lib/thumb/v6-m/nofp\libg_nano.a(lib_a-exit.o)
 .debug_frame   0x00002530       0x2c e:/eclipse/forcontroller/source/basesoft/gcc-arm-9_2020-q2-update/bin/../lib/gcc/arm-none-eabi/9.3.1/../../../../arm-none-eabi/lib/thumb/v6-m/nofp\libg_nano.a(lib_a-init.o)
 .debug_frame   0x0000255c       0x40 e:/eclipse/forcontroller/source/basesoft/gcc-arm-9_2020-q2-update/bin/../lib/gcc/arm-none-eabi/9.3.1/../../../../arm-none-eabi/lib/thumb/v6-m/nofp\libg_nano.a(lib_a-malloc.o)
 .debug_frame   0x0000259c       0x28 e:/eclipse/forcontroller/source/basesoft/gcc-arm-9_2020-q2-update/bin/../lib/gcc/arm-none-eabi/9.3.1/../../../../arm-none-eabi/lib/thumb/v6-m/nofp\libg_nano.a(lib_a-memcpy-stub.o)
 .debug_frame   0x000025c4       0x20 e:/eclipse/forcontroller/source/basesoft/gcc-arm-9_2020-q2-update/bin/../lib/gcc/arm-none-eabi/9.3.1/../../../../arm-none-eabi/lib/thumb/v6-m/nofp\libg_nano.a(lib_a-memset.o)
 .debug_frame   0x000025e4       0x2c e:/eclipse/forcontroller/source/basesoft/gcc-arm-9_2020-q2-update/bin/../lib/gcc/arm-none-eabi/9.3.1/../../../../arm-none-eabi/lib/thumb/v6-m/nofp\libg_nano.a(lib_a-nano-freer.o)
 .debug_frame   0x00002610       0x30 e:/eclipse/forcontroller/source/basesoft/gcc-arm-9_2020-q2-update/bin/../lib/gcc/arm-none-eabi/9.3.1/../../../../arm-none-eabi/lib/thumb/v6-m/nofp\libg_nano.a(lib_a-nano-mallocr.o)
 .debug_frame   0x00002640       0x40 e:/eclipse/forcontroller/source/basesoft/gcc-arm-9_2020-q2-update/bin/../lib/gcc/arm-none-eabi/9.3.1/../../../../arm-none-eabi/lib/thumb/v6-m/nofp\libg_nano.a(lib_a-mlock.o)