Archive member included to satisfy reference by file (symbol)

e:/eclipse/forcontroller/source/basesoft/gcc-arm-9_2020-q2-update/bin/../lib/gcc/arm-none-eabi/9.3.1/../../../../arm-none-eabi/lib/thumb/v6-m/nofp\libstdc++_nano.a(atexit_arm.o)
                              ./mtr_libs/BaseDataManager/BaseDataManager.o (__aeabi_atexit)
e:/eclipse/forcontroller/source/basesoft/gcc-arm-9_2020-q2-update/bin/../lib/gcc/arm-none-eabi/9.3.1/../../../../arm-none-eabi/lib/thumb/v6-m/nofp\libstdc++_nano.a(class_type_info.o)
                              ./mtr_libs/BaseDataManager/BaseDataManager.o (vtable for __cxxabiv1::__class_type_info)
e:/eclipse/forcontroller/source/basesoft/gcc-arm-9_2020-q2-update/bin/../lib/gcc/arm-none-eabi/9.3.1/../../../../arm-none-eabi/lib/thumb/v6-m/nofp\libstdc++_nano.a(del_op.o)
                              ./mtr_libs/BaseDataManager/BaseDataManager.o (operator delete(void*))
e:/eclipse/forcontroller/source/basesoft/gcc-arm-9_2020-q2-update/bin/../lib/gcc/arm-none-eabi/9.3.1/../../../../arm-none-eabi/lib/thumb/v6-m/nofp\libstdc++_nano.a(del_ops.o)
                              e:/eclipse/forcontroller/source/basesoft/gcc-arm-9_2020-q2-update/bin/../lib/gcc/arm-none-eabi/9.3.1/../../../../arm-none-eabi/lib/thumb/v6-m/nofp\libstdc++_nano.a(class_type_info.o) (operator delete(void*, unsigned int))
e:/eclipse/forcontroller/source/basesoft/gcc-arm-9_2020-q2-update/bin/../lib/gcc/arm-none-eabi/9.3.1/../../../../arm-none-eabi/lib/thumb/v6-m/nofp\libstdc++_nano.a(eh_arm.o)
                              ./mtr_libs/BaseCanDataNetwork/BaseCanNetwork.o (__cxa_end_cleanup)
e:/eclipse/forcontroller/source/basesoft/gcc-arm-9_2020-q2-update/bin/../lib/gcc/arm-none-eabi/9.3.1/../../../../arm-none-eabi/lib/thumb/v6-m/nofp\libstdc++_nano.a(eh_exception.o)
                              e:/eclipse/forcontroller/source/basesoft/gcc-arm-9_2020-q2-update/bin/../lib/gcc/arm-none-eabi/9.3.1/../../../../arm-none-eabi/lib/thumb/v6-m/nofp\libstdc++_nano.a(eh_arm.o) (typeinfo for __cxxabiv1::__forced_unwind)
e:/eclipse/forcontroller/source/basesoft/gcc-arm-9_2020-q2-update/bin/../lib/gcc/arm-none-eabi/9.3.1/../../../../arm-none-eabi/lib/thumb/v6-m/nofp\libstdc++_nano.a(eh_globals.o)
                              e:/eclipse/forcontroller/source/basesoft/gcc-arm-9_2020-q2-update/bin/../lib/gcc/arm-none-eabi/9.3.1/../../../../arm-none-eabi/lib/thumb/v6-m/nofp\libstdc++_nano.a(eh_arm.o) (__cxa_get_globals)
e:/eclipse/forcontroller/source/basesoft/gcc-arm-9_2020-q2-update/bin/../lib/gcc/arm-none-eabi/9.3.1/../../../../arm-none-eabi/lib/thumb/v6-m/nofp\libstdc++_nano.a(eh_personality.o)
                              ./mtr_libs/BaseDataManager/BaseDataManager.o (__gxx_personality_v0)
e:/eclipse/forcontroller/source/basesoft/gcc-arm-9_2020-q2-update/bin/../lib/gcc/arm-none-eabi/9.3.1/../../../../arm-none-eabi/lib/thumb/v6-m/nofp\libstdc++_nano.a(eh_terminate.o)
                              e:/eclipse/forcontroller/source/basesoft/gcc-arm-9_2020-q2-update/bin/../lib/gcc/arm-none-eabi/9.3.1/../../../../arm-none-eabi/lib/thumb/v6-m/nofp\libstdc++_nano.a(eh_arm.o) (std::terminate())
e:/eclipse/forcontroller/source/basesoft/gcc-arm-9_2020-q2-update/bin/../lib/gcc/arm-none-eabi/9.3.1/../../../../arm-none-eabi/lib/thumb/v6-m/nofp\libstdc++_nano.a(eh_unex_handler.o)
                              e:/eclipse/forcontroller/source/basesoft/gcc-arm-9_2020-q2-update/bin/../lib/gcc/arm-none-eabi/9.3.1/../../../../arm-none-eabi/lib/thumb/v6-m/nofp\libstdc++_nano.a(eh_terminate.o) (__cxxabiv1::__unexpected_handler)
e:/eclipse/forcontroller/source/basesoft/gcc-arm-9_2020-q2-update/bin/../lib/gcc/arm-none-eabi/9.3.1/../../../../arm-none-eabi/lib/thumb/v6-m/nofp\libstdc++_nano.a(new_op.o)
                              ./mtr_libs/BaseCanDataNetwork/BaseCanNetwork.o (operator new(unsigned int))
e:/eclipse/forcontroller/source/basesoft/gcc-arm-9_2020-q2-update/bin/../lib/gcc/arm-none-eabi/9.3.1/../../../../arm-none-eabi/lib/thumb/v6-m/nofp\libstdc++_nano.a(pure.o)
                              e:/eclipse/forcontroller/source/basesoft/gcc-arm-9_2020-q2-update/bin/../lib/gcc/arm-none-eabi/9.3.1/../../../../arm-none-eabi/lib/thumb/v6-m/nofp\libstdc++_nano.a(eh_exception.o) (__cxa_pure_virtual)
e:/eclipse/forcontroller/source/basesoft/gcc-arm-9_2020-q2-update/bin/../lib/gcc/arm-none-eabi/9.3.1/../../../../arm-none-eabi/lib/thumb/v6-m/nofp\libstdc++_nano.a(si_class_type_info.o)
                              e:/eclipse/forcontroller/source/basesoft/gcc-arm-9_2020-q2-update/bin/../lib/gcc/arm-none-eabi/9.3.1/../../../../arm-none-eabi/lib/thumb/v6-m/nofp\libstdc++_nano.a(class_type_info.o) (vtable for __cxxabiv1::__si_class_type_info)
e:/eclipse/forcontroller/source/basesoft/gcc-arm-9_2020-q2-update/bin/../lib/gcc/arm-none-eabi/9.3.1/../../../../arm-none-eabi/lib/thumb/v6-m/nofp\libstdc++_nano.a(tinfo.o)
[...]
Memory Configuration

Name             Origin             Length             Attributes
FLASH            0x00000000         0x0001f000         xr
RAM              0x20000000         0x00008000         rw
IRAM             0x20100000         0x00004000         xrw
*default*        0x00000000         0xffffffff

Linker script and memory map

LOAD e:/eclipse/forcontroller/source/basesoft/gcc-arm-9_2020-q2-update/bin/../lib/gcc/arm-none-eabi/9.3.1/thumb/v6-m/nofp/crti.o
LOAD e:/eclipse/forcontroller/source/basesoft/gcc-arm-9_2020-q2-update/bin/../lib/gcc/arm-none-eabi/9.3.1/thumb/v6-m/nofp/crtbegin.o
LOAD e:/eclipse/forcontroller/source/basesoft/gcc-arm-9_2020-q2-update/bin/../lib/gcc/arm-none-eabi/9.3.1/../../../../arm-none-eabi/lib/thumb/v6-m/nofp/crt0.o
LOAD ./src/inits.o
LOAD ./src/tasks.o
LOAD ./mtr_libs/mtr_usb_cdc/mtr_usb_cdc.o
LOAD ./mtr_libs/mtr_uart_base/mtr_uart_base.o
LOAD ./mtr_libs/mtr_timer/mtr_timer.o
LOAD ./mtr_libs/mtr_tcpip/mtr_tcpip.o
LOAD ./mtr_libs/mtr_service/mtr_service.o
LOAD ./mtr_libs/mtr_port/mtr_port.o
LOAD ./mtr_libs/mtr_planner/mtr_planner.o
LOAD ./mtr_libs/mtr_modbus_slave/mtr_modbus_slave.o
LOAD ./mtr_libs/mtr_modbus_base/mtr_modbus_base.o
LOAD ./mtr_libs/mtr_modbus/mtr_modbus.o
LOAD ./mtr_libs/mtr_led/mtr_led.o
LOAD ./mtr_libs/mtr_ethernet/mtr_ethernet.o
LOAD ./mtr_libs/mtr_eeprom/mtr_eeprom.o
LOAD ./mtr_libs/mtr_crc/mtr_crc.o
LOAD ./mtr_libs/mtr_can/mtr_can.o
LOAD ./mtr_libs/mtr_button/mtr_button.o
LOAD ./mtr_libs/SlaveModbusDevice/SlaveModbusDevice.o
LOAD ./mtr_libs/BaseNetworkDevices/ModbusDevice.o
LOAD ./mtr_libs/BaseNetworkDevices/NetworkDevice.o
LOAD ./mtr_libs/BaseDataManager/BaseDataManager.o
LOAD ./mtr_libs/BaseCanDataNetwork/BaseCanNetwork.o
LOAD ./mtr_libs/Addressing/addressing.o
LOAD ./cmsis_lib/src/MDR32F9Qx_adc.o
LOAD ./cmsis_lib/src/MDR32F9Qx_arinc429r.o
LOAD ./cmsis_lib/src/MDR32F9Qx_arinc429t.o
LOAD ./cmsis_lib/src/MDR32F9Qx_audio.o
LOAD ./cmsis_lib/src/MDR32F9Qx_bkp.o
LOAD ./cmsis_lib/src/MDR32F9Qx_can.o
LOAD ./cmsis_lib/src/MDR32F9Qx_comp.o
LOAD ./cmsis_lib/src/MDR32F9Qx_dac.o
LOAD ./cmsis_lib/src/MDR32F9Qx_dma.o
LOAD ./cmsis_lib/src/MDR32F9Qx_dsp.o
LOAD ./cmsis_lib/src/MDR32F9Qx_ebc.o
LOAD ./cmsis_lib/src/MDR32F9Qx_eeprom.o
LOAD ./cmsis_lib/src/MDR32F9Qx_eth.o
LOAD ./cmsis_lib/src/MDR32F9Qx_i2c.o
LOAD ./cmsis_lib/src/MDR32F9Qx_iwdg.o
LOAD ./cmsis_lib/src/MDR32F9Qx_keypad.o
LOAD ./cmsis_lib/src/MDR32F9Qx_led.o
LOAD ./cmsis_lib/src/MDR32F9Qx_mil_std_1553.o
LOAD ./cmsis_lib/src/MDR32F9Qx_port.o
LOAD ./cmsis_lib/src/MDR32F9Qx_power.o
LOAD ./cmsis_lib/src/MDR32F9Qx_rst_clk.o
LOAD ./cmsis_lib/src/MDR32F9Qx_sdio.o
LOAD ./cmsis_lib/src/MDR32F9Qx_ssp.o
LOAD ./cmsis_lib/src/MDR32F9Qx_timer.o
LOAD ./cmsis_lib/src/MDR32F9Qx_uart.o
LOAD ./cmsis_lib/src/MDR32F9Qx_usb.o
LOAD ./cmsis_lib/src/MDR32F9Qx_usb_CDC.o
LOAD ./cmsis_lib/src/MDR32F9Qx_usb_device.o
LOAD ./cmsis_lib/src/MDR32F9Qx_wwdg.o
LOAD ./cmsis_boot/startup/startup_MDR1986VE1T.o
LOAD ./cmsis_boot/system_MDR1986VE1T.o
LOAD ./main.o
LOAD e:/eclipse/forcontroller/source/basesoft/gcc-arm-9_2020-q2-update/bin/../lib/gcc/arm-none-eabi/9.3.1/../../../../arm-none-eabi/lib/thumb/v6-m/nofp\libstdc++_nano.a
LOAD e:/eclipse/forcontroller/source/basesoft/gcc-arm-9_2020-q2-update/bin/../lib/gcc/arm-none-eabi/9.3.1/../../../../arm-none-eabi/lib/thumb/v6-m/nofp\libm.a
START GROUP
LOAD e:/eclipse/forcontroller/source/basesoft/gcc-arm-9_2020-q2-update/bin/../lib/gcc/arm-none-eabi/9.3.1/thumb/v6-m/nofp\libgcc.a
LOAD e:/eclipse/forcontroller/source/basesoft/gcc-arm-9_2020-q2-update/bin/../lib/gcc/arm-none-eabi/9.3.1/../../../../arm-none-eabi/lib/thumb/v6-m/nofp\libg_nano.a
LOAD e:/eclipse/forcontroller/source/basesoft/gcc-arm-9_2020-q2-update/bin/../lib/gcc/arm-none-eabi/9.3.1/../../../../arm-none-eabi/lib/thumb/v6-m/nofp\libc_nano.a
END GROUP
START GROUP
LOAD e:/eclipse/forcontroller/source/basesoft/gcc-arm-9_2020-q2-update/bin/../lib/gcc/arm-none-eabi/9.3.1/thumb/v6-m/nofp\libgcc.a
LOAD e:/eclipse/forcontroller/source/basesoft/gcc-arm-9_2020-q2-update/bin/../lib/gcc/arm-none-eabi/9.3.1/../../../../arm-none-eabi/lib/thumb/v6-m/nofp\libc_nano.a
LOAD e:/eclipse/forcontroller/source/basesoft/gcc-arm-9_2020-q2-update/bin/../lib/gcc/arm-none-eabi/9.3.1/../../../../arm-none-eabi/lib/thumb/v6-m/nofp\libnosys.a
END GROUP
START GROUP
LOAD e:/eclipse/forcontroller/source/basesoft/gcc-arm-9_2020-q2-update/bin/../lib/gcc/arm-none-eabi/9.3.1/thumb/v6-m/nofp\libgcc.a
LOAD e:/eclipse/forcontroller/source/basesoft/gcc-arm-9_2020-q2-update/bin/../lib/gcc/arm-none-eabi/9.3.1/../../../../arm-none-eabi/lib/thumb/v6-m/nofp\libc_nano.a
LOAD e:/eclipse/forcontroller/source/basesoft/gcc-arm-9_2020-q2-update/bin/../lib/gcc/arm-none-eabi/9.3.1/../../../../arm-none-eabi/lib/thumb/v6-m/nofp\libnosys.a
END GROUP
LOAD e:/eclipse/forcontroller/source/basesoft/gcc-arm-9_2020-q2-update/bin/../lib/gcc/arm-none-eabi/9.3.1/thumb/v6-m/nofp/crtend.o
LOAD e:/eclipse/forcontroller/source/basesoft/gcc-arm-9_2020-q2-update/bin/../lib/gcc/arm-none-eabi/9.3.1/thumb/v6-m/nofp/crtn.o

.text           0x00000000     0x3668
 *(.isr_vector)
 .isr_vector    0x00000000       0xc0 ./cmsis_boot/startup/startup_MDR1986VE1T.o
                0x00000000                __isr_vector
 *(.text*)
 .text          0x000000c0       0x48 e:/eclipse/forcontroller/source/basesoft/gcc-arm-9_2020-q2-update/bin/../lib/gcc/arm-none-eabi/9.3.1/thumb/v6-m/nofp/crtbegin.o
 .text          0x00000108       0x80 e:/eclipse/forcontroller/source/basesoft/gcc-arm-9_2020-q2-update/bin/../lib/gcc/arm-none-eabi/9.3.1/../../../../arm-none-eabi/lib/thumb/v6-m/nofp/crt0.o
                0x00000108                _stack_init
                0x00000114                _start
                0x00000114                _mainCRTStartup
 .text._Z11initNetworkv
                0x00000188       0xbc ./src/inits.o
                0x00000188                initNetwork()
 .text._Z20Ethernet_FillFrameTXm
                0x00000244       0x68 ./src/inits.o
                0x00000244                Ethernet_FillFrameTX(unsigned long)
 .text._Z15ETH_TaskProcessP20MDR_ETHERNET_TypeDef
                0x000002ac       0x7c ./src/inits.o
                0x000002ac                ETH_TaskProcess(MDR_ETHERNET_TypeDef*)
 .text.MTR_Uart_addByteToRxBuffer
                0x00000328       0x74 ./mtr_libs/mtr_uart_base/mtr_uart_base.o
                0x00000328                MTR_Uart_addByteToRxBuffer
 .text.MTR_Uart_resetTxPointer
                0x0000039c       0x30 ./mtr_libs/mtr_uart_base/mtr_uart_base.o
                0x0000039c                MTR_Uart_resetTxPointer
 .text.MTR_Uart_setDirection
                0x000003cc       0xe4 ./mtr_libs/mtr_uart_base/mtr_uart_base.o
                0x000003cc                MTR_Uart_setDirection
 .text.MTR_Uart_sendNextByte
                0x000004b0       0x6c ./mtr_libs/mtr_uart_base/mtr_uart_base.o
                0x000004b0                MTR_Uart_sendNextByte
 .text.MTR_Uart_timerRefresh
                0x0000051c       0x38 ./mtr_libs/mtr_uart_base/mtr_uart_base.o
                0x0000051c                MTR_Uart_timerRefresh
 .text.MTR_Uart_callCallbacks
                0x00000554      0x158 ./mtr_libs/mtr_uart_base/mtr_uart_base.o
                0x00000554                MTR_Uart_callCallbacks
 .text.MTR_Uart_updateTimerNumsFromIRQ
                0x000006ac       0xe0 ./mtr_libs/mtr_uart_base/mtr_uart_base.o
                0x000006ac                MTR_Uart_updateTimerNumsFromIRQ
 .text.MTR_Uart_rxInterruptHandler
                0x0000078c       0x30 ./mtr_libs/mtr_uart_base/mtr_uart_base.o
                0x0000078c                MTR_Uart_rxInterruptHandler
 .text.UART1_IRQHandler
                0x000007bc       0x70 ./mtr_libs/mtr_uart_base/mtr_uart_base.o
                0x000007bc                UART1_IRQHandler
 .text.UART2_IRQHandler
                0x0000082c       0x70 ./mtr_libs/mtr_uart_base/mtr_uart_base.o
                0x0000082c                UART2_IRQHandler
 .text.Timer3_IRQHandler
                0x0000089c       0x94 ./mtr_libs/mtr_uart_base/mtr_uart_base.o
                0x0000089c                Timer3_IRQHandler
 .text.MTR_Timer_start
                0x00000930       0x18 ./mtr_libs/mtr_timer/mtr_timer.o
                0x00000930                MTR_Timer_start
 .text.MTR_Timer_getOriginStruct
                0x00000948       0x10 ./mtr_libs/mtr_timer/mtr_timer.o
                0x00000948                MTR_Timer_getOriginStruct
 .text.NVIC_SystemReset
                0x00000958       0x18 ./mtr_libs/mtr_service/mtr_service.o
 .text.SysTick_Handler
                0x00000970       0x24 ./mtr_libs/mtr_service/mtr_service.o
                0x00000970                SysTick_Handler
 .text.disableInterrupts
                0x00000994       0x18 ./mtr_libs/mtr_service/mtr_service.o
                0x00000994                disableInterrupts
 .text.initClock
                0x000009ac       0x52 ./mtr_libs/mtr_service/mtr_service.o
                0x000009ac                initClock
 *fill*         0x000009fe        0x2 
 .text.initDevice
                0x00000a00       0x80 ./mtr_libs/mtr_service/mtr_service.o
                0x00000a00                initDevice
 .text.HardFault_Handler
                0x00000a80        0x6 ./mtr_libs/mtr_service/mtr_service.o
                0x00000a80                HardFault_Handler
 .text.NMI_Handler
                0x00000a86        0x6 ./mtr_libs/mtr_service/mtr_service.o
                0x00000a86                NMI_Handler
 .text.WWDG_IRQHandler
                0x00000a8c        0x6 ./mtr_libs/mtr_service/mtr_service.o
                0x00000a8c                WWDG_IRQHandler
 *fill*         0x00000a92        0x2 
 .text.MTR_Port_setPin
                0x00000a94       0x1c ./mtr_libs/mtr_port/mtr_port.o
                0x00000a94                MTR_Port_setPin
 .text.MTR_Port_resetPin
                0x00000ab0       0x1c ./mtr_libs/mtr_port/mtr_port.o
                0x00000ab0                MTR_Port_resetPin
 .text.MTR_Planner_updateForceRunTaskCounter
                0x00000acc        0xc ./mtr_libs/mtr_planner/mtr_planner.o
 .text.findMinimalLeftTime
                0x00000ad8       0x3c ./mtr_libs/mtr_planner/mtr_planner.o
                0x00000ad8                findMinimalLeftTime
 .text.MTR_Planner_runTasks
                0x00000b14       0xc4 ./mtr_libs/mtr_planner/mtr_planner.o
                0x00000b14                MTR_Planner_runTasks
 .text.Timer2_IRQHandler
                0x00000bd8       0x4c ./mtr_libs/mtr_planner/mtr_planner.o
                0x00000bd8                Timer2_IRQHandler
 .text.MTR_Eeprom_init
                0x00000c24       0x12 ./mtr_libs/mtr_eeprom/mtr_eeprom.o
                0x00000c24                MTR_Eeprom_init
 *fill*         0x00000c36        0x2 
 .text.MTR_Crc_getCrc16
                0x00000c38       0x2c ./mtr_libs/mtr_crc/mtr_crc.o
                0x00000c38                MTR_Crc_getCrc16
 .text._Z41__static_initialization_and_destruction_0ii
                0x00000c64       0x4c ./mtr_libs/BaseDataManager/BaseDataManager.o
 .text._ZNSt6vectorIP13BaseSomeValueSaIS1_EED2Ev
                0x00000cb0       0x12 ./mtr_libs/BaseDataManager/BaseDataManager.o
                0x00000cb0                std::vector<BaseSomeValue*, std::allocator<BaseSomeValue*> >::~vector()
                0x00000cb0                std::vector<BaseSomeValue*, std::allocator<BaseSomeValue*> >::~vector()
 *fill*         0x00000cc2        0x2 
 .text._GLOBAL__sub_I__ZN15BaseDataManager9inputDataEv
                0x00000cc4       0x10 ./mtr_libs/BaseDataManager/BaseDataManager.o
 .text.DMA_Cmd  0x00000cd4       0x1c ./cmsis_lib/src/MDR32F9Qx_dma.o
                0x00000cd4                DMA_Cmd
 .text.DMA_Request
                0x00000cf0       0x10 ./cmsis_lib/src/MDR32F9Qx_dma.o
                0x00000cf0                DMA_Request
 .text.EEPROM_SetLatency
                0x00000d00        0xc ./cmsis_lib/src/MDR32F9Qx_eeprom.o
                0x00000d00                EEPROM_SetLatency
 .text.ETH_ClockDeInit
                0x00000d0c       0x14 ./cmsis_lib/src/MDR32F9Qx_eth.o
                0x00000d0c                ETH_ClockDeInit
 .text.ETH_PHY_ClockConfig
                0x00000d20       0x20 ./cmsis_lib/src/MDR32F9Qx_eth.o
                0x00000d20                ETH_PHY_ClockConfig
 .text.ETH_BRGInit
                0x00000d40       0x14 ./cmsis_lib/src/MDR32F9Qx_eth.o
                0x00000d40                ETH_BRGInit
 .text.ETH_ClockCMD
                0x00000d54       0x1c ./cmsis_lib/src/MDR32F9Qx_eth.o
                0x00000d54                ETH_ClockCMD
 .text.ETH_PHYCmd
                0x00000d70       0x1a ./cmsis_lib/src/MDR32F9Qx_eth.o
                0x00000d70                ETH_PHYCmd
 *fill*         0x00000d8a        0x2 
 .text.ETH_StructInit
                0x00000d8c       0xbc ./cmsis_lib/src/MDR32F9Qx_eth.o
                0x00000d8c                ETH_StructInit
 .text.ETH_Init
                0x00000e48      0x14a ./cmsis_lib/src/MDR32F9Qx_eth.o
                0x00000e48                ETH_Init
 *fill*         0x00000f92        0x2 
 .text.ETH_MACTransmissionCmd
                0x00000f94       0x20 ./cmsis_lib/src/MDR32F9Qx_eth.o
                0x00000f94                ETH_MACTransmissionCmd
 .text.ETH_MACReceptionCmd
                0x00000fb4       0x20 ./cmsis_lib/src/MDR32F9Qx_eth.o
                0x00000fb4                ETH_MACReceptionCmd
 .text.ETH_Start
                0x00000fd4       0x26 ./cmsis_lib/src/MDR32F9Qx_eth.o
                0x00000fd4                ETH_Start
 .text.ETH_GetFlagStatus
                0x00000ffa        0xe ./cmsis_lib/src/MDR32F9Qx_eth.o
                0x00000ffa                ETH_GetFlagStatus
 .text.ETH_GetPHYStatus
                0x00001008        0xe ./cmsis_lib/src/MDR32F9Qx_eth.o
                0x00001008                ETH_GetPHYStatus
 .text.ETH_PHY_Reset
                0x00001016       0x1a ./cmsis_lib/src/MDR32F9Qx_eth.o
                0x00001016                ETH_PHY_Reset
 .text.ETH_DeInit
                0x00001030       0x68 ./cmsis_lib/src/MDR32F9Qx_eth.o
                0x00001030                ETH_DeInit
 .text.ETH_DMAFrameRx
                0x00001098       0x58 ./cmsis_lib/src/MDR32F9Qx_eth.o
                0x00001098                ETH_DMAFrameRx
 .text.ETH_ReceivedFrame
                0x000010f0      0x14a ./cmsis_lib/src/MDR32F9Qx_eth.o
                0x000010f0                ETH_ReceivedFrame
 *fill*         0x0000123a        0x2 
 .text.ETH_DMAFrameTx
                0x0000123c       0x58 ./cmsis_lib/src/MDR32F9Qx_eth.o
                0x0000123c                ETH_DMAFrameTx
 .text.ETH_SendFrame
                0x00001294      0x14c ./cmsis_lib/src/MDR32F9Qx_eth.o
                0x00001294                ETH_SendFrame
 .text.PORT_SetBits
                0x000013e0        0x4 ./cmsis_lib/src/MDR32F9Qx_port.o
                0x000013e0                PORT_SetBits
 .text.PORT_ResetBits
                0x000013e4        0x4 ./cmsis_lib/src/MDR32F9Qx_port.o
                0x000013e4                PORT_ResetBits
 .text.RST_CLK_HSEconfig
                0x000013e8       0x30 ./cmsis_lib/src/MDR32F9Qx_rst_clk.o
                0x000013e8                RST_CLK_HSEconfig
 .text.RST_CLK_HSE2config
                0x00001418       0x30 ./cmsis_lib/src/MDR32F9Qx_rst_clk.o
                0x00001418                RST_CLK_HSE2config
 .text.RST_CLK_HSIcmd
                0x00001448       0x24 ./cmsis_lib/src/MDR32F9Qx_rst_clk.o
                0x00001448                RST_CLK_HSIcmd
 .text.RST_CLK_CPU_PLLconfig
                0x0000146c       0x3c ./cmsis_lib/src/MDR32F9Qx_rst_clk.o
                0x0000146c                RST_CLK_CPU_PLLconfig
 .text.RST_CLK_CPU_PLLuse
                0x000014a8       0x1c ./cmsis_lib/src/MDR32F9Qx_rst_clk.o
                0x000014a8                RST_CLK_CPU_PLLuse
 .text.RST_CLK_CPU_PLLcmd
                0x000014c4       0x1c ./cmsis_lib/src/MDR32F9Qx_rst_clk.o
                0x000014c4                RST_CLK_CPU_PLLcmd
 .text.RST_CLK_CPUclkPrescaler
                0x000014e0       0x14 ./cmsis_lib/src/MDR32F9Qx_rst_clk.o
                0x000014e0                RST_CLK_CPUclkPrescaler
 .text.RST_CLK_CPUclkSelection
                0x000014f4       0x18 ./cmsis_lib/src/MDR32F9Qx_rst_clk.o
                0x000014f4                RST_CLK_CPUclkSelection
 .text.RST_CLK_PCLKcmd
                0x0000150c       0x1c ./cmsis_lib/src/MDR32F9Qx_rst_clk.o
                0x0000150c                RST_CLK_PCLKcmd
 .text.RST_CLK_GetFlagStatus
                0x00001528       0x2c ./cmsis_lib/src/MDR32F9Qx_rst_clk.o
                0x00001528                RST_CLK_GetFlagStatus
 .text.RST_CLK_HSEstatus
                0x00001554       0x32 ./cmsis_lib/src/MDR32F9Qx_rst_clk.o
                0x00001554                RST_CLK_HSEstatus
 .text.RST_CLK_HSE2status
                0x00001586       0x32 ./cmsis_lib/src/MDR32F9Qx_rst_clk.o
                0x00001586                RST_CLK_HSE2status
 .text.RST_CLK_HSIstatus
                0x000015b8       0x32 ./cmsis_lib/src/MDR32F9Qx_rst_clk.o
                0x000015b8                RST_CLK_HSIstatus
 *fill*         0x000015ea        0x2 
 .text.RST_CLK_WarmDeInit
                0x000015ec       0x3c ./cmsis_lib/src/MDR32F9Qx_rst_clk.o
                0x000015ec                RST_CLK_WarmDeInit
 .text.RST_CLK_DeInit
                0x00001628       0x28 ./cmsis_lib/src/MDR32F9Qx_rst_clk.o
                0x00001628                RST_CLK_DeInit
 .text.RST_CLK_CPU_PLLstatus
                0x00001650       0x32 ./cmsis_lib/src/MDR32F9Qx_rst_clk.o
                0x00001650                RST_CLK_CPU_PLLstatus
 .text.TIMER_Cmd
                0x00001682       0x14 ./cmsis_lib/src/MDR32F9Qx_timer.o
                0x00001682                TIMER_Cmd
 .text.UART_SendData
                0x00001696        0x8 ./cmsis_lib/src/MDR32F9Qx_uart.o
                0x00001696                UART_SendData
 *fill*         0x0000169e        0x2 
 .text.USB_GetSEPxCTRL
                0x000016a0       0x10 ./cmsis_lib/src/MDR32F9Qx_usb.o
                0x000016a0                USB_GetSEPxCTRL
 .text.USB_SetSEPxCTRL
                0x000016b0       0x1c ./cmsis_lib/src/MDR32F9Qx_usb.o
                0x000016b0                USB_SetSEPxCTRL
 .text.USB_GetSEPxSTS
                0x000016cc       0x14 ./cmsis_lib/src/MDR32F9Qx_usb.o
                0x000016cc                USB_GetSEPxSTS
 .text.USB_GetSEPxTS
                0x000016e0       0x10 ./cmsis_lib/src/MDR32F9Qx_usb.o
                0x000016e0                USB_GetSEPxTS
 .text.USB_GetSIS
                0x000016f0       0x10 ./cmsis_lib/src/MDR32F9Qx_usb.o
                0x000016f0                USB_GetSIS
 .text.USB_SetSIS
                0x00001700       0x10 ./cmsis_lib/src/MDR32F9Qx_usb.o
                0x00001700                USB_SetSIS
 .text.USB_SetSA
                0x00001710       0x10 ./cmsis_lib/src/MDR32F9Qx_usb.o
                0x00001710                USB_SetSA
 .text.USB_GetSEPxRXFD
                0x00001720       0x10 ./cmsis_lib/src/MDR32F9Qx_usb.o
                0x00001720                USB_GetSEPxRXFD
 .text.USB_GetSEPxRXFDC
                0x00001730       0x10 ./cmsis_lib/src/MDR32F9Qx_usb.o
                0x00001730                USB_GetSEPxRXFDC
 .text.USB_SetSEPxRXFC
                0x00001740       0x10 ./cmsis_lib/src/MDR32F9Qx_usb.o
                0x00001740                USB_SetSEPxRXFC
 .text.USB_SetSEPxTXFD
                0x00001750       0x10 ./cmsis_lib/src/MDR32F9Qx_usb.o
                0x00001750                USB_SetSEPxTXFD
 .text.USB_SetSEPxTXFDC
                0x00001760       0x10 ./cmsis_lib/src/MDR32F9Qx_usb.o
                0x00001760                USB_SetSEPxTXFDC
 .text.USB_SEPxToggleEPDATASEQ
                0x00001770       0x14 ./cmsis_lib/src/MDR32F9Qx_usb.o
                0x00001770                USB_SEPxToggleEPDATASEQ
 .text.USB_EP_SetReady
                0x00001784       0x28 ./cmsis_lib/src/MDR32F9Qx_usb_device.o
 .text.USB_EP_sendInDataPortion
                0x000017ac       0x5c ./cmsis_lib/src/MDR32F9Qx_usb_device.o
 .text.USB_EP_Idle
                0x00001808       0x3c ./cmsis_lib/src/MDR32F9Qx_usb_device.o
                0x00001808                USB_EP_Idle
 .text.USB_EP_Stall
                0x00001844       0x38 ./cmsis_lib/src/MDR32F9Qx_usb_device.o
                0x00001844                USB_EP_Stall
 .text.USB_EP_dispatchEvent
                0x0000187c      0x250 ./cmsis_lib/src/MDR32F9Qx_usb_device.o
                0x0000187c                USB_EP_dispatchEvent
 .text.USB_DeviceReset
                0x00001acc       0x1c ./cmsis_lib/src/MDR32F9Qx_usb_device.o
                0x00001acc                USB_DeviceReset
 .text.USB_DeviceDispatchEvent
                0x00001ae8       0x70 ./cmsis_lib/src/MDR32F9Qx_usb_device.o
                0x00001ae8                USB_DeviceDispatchEvent
 .text.USB_IRQHandler
                0x00001b58        0x8 ./cmsis_lib/src/MDR32F9Qx_usb_device.o
                0x00001b58                USB_IRQHandler
 .text          0x00001b60       0x48 ./cmsis_boot/startup/startup_MDR1986VE1T.o
                0x00001b60                Reset_Handler
                0x00001ba4                ARINC429T2_IRQHandler
                0x00001ba4                EXT_INT1_IRQHandler
                0x00001ba4                PendSV_Handler
                0x00001ba4                CAN1_IRQHandler
                0x00001ba4                POWER_IRQHandler
                0x00001ba4                BUSY_IRQHandler
                0x00001ba4                MIL_STD_1553B1_IRQHandler
                0x00001ba4                BKP_IRQHandler
                0x00001ba4                ARINC429T4_IRQHandler
                0x00001ba4                SSP3_IRQHandler
                0x00001ba4                EXT_INT2_IRQHandler
                0x00001ba4                ARINC429R_IRQHandler
                0x00001ba4                Default_Handler
                0x00001ba4                ADC_IRQHandler
                0x00001ba4                SSP1_IRQHandler
                0x00001ba4                Timer1_IRQHandler
                0x00001ba4                EXT_INT3_IRQHandler
                0x00001ba4                ARINC429T3_IRQHandler
                0x00001ba4                EXT_INT4_IRQHandler
                0x00001ba4                SVC_Handler
                0x00001ba4                ARINC429T1_IRQHandler
                0x00001ba4                MIL_STD_1553B2_IRQHandler
                0x00001ba4                SSP2_IRQHandler
                0x00001ba4                DMA_IRQHandler
                0x00001ba4                CAN2_IRQHandler
                0x00001ba4                Timer4_IRQHandler
                0x00001ba4                ETHERNET_IRQHandler
 .text.SystemCoreClockUpdate
                0x00001ba8       0x8c ./cmsis_boot/system_MDR1986VE1T.o
                0x00001ba8                SystemCoreClockUpdate
 .text.SystemInit
                0x00001c34       0x2c ./cmsis_boot/system_MDR1986VE1T.o
                0x00001c34                SystemInit
 .text.main     0x00001c60       0x1a ./main.o
                0x00001c60                main
 .text.__aeabi_atexit
                0x00001c7a        0xe e:/eclipse/forcontroller/source/basesoft/gcc-arm-9_2020-q2-update/bin/../lib/gcc/arm-none-eabi/9.3.1/../../../../arm-none-eabi/lib/thumb/v6-m/nofp\libstdc++_nano.a(atexit_arm.o)
                0x00001c7a                __aeabi_atexit
 .text._ZNK10__cxxabiv117__class_type_info11__do_upcastEPKS0_PPv
                0x00001c88       0x34 e:/eclipse/forcontroller/source/basesoft/gcc-arm-9_2020-q2-update/bin/../lib/gcc/arm-none-eabi/9.3.1/../../../../arm-none-eabi/lib/thumb/v6-m/nofp\libstdc++_nano.a(class_type_info.o)
                0x00001c88                __cxxabiv1::__class_type_info::__do_upcast(__cxxabiv1::__class_type_info const*, void**) const
 .text._ZNK10__cxxabiv117__class_type_info20__do_find_public_srcEiPKvPKS0_S2_
                0x00001cbc        0xc e:/eclipse/forcontroller/source/basesoft/gcc-arm-9_2020-q2-update/bin/../lib/gcc/arm-none-eabi/9.3.1/../../../../arm-none-eabi/lib/thumb/v6-m/nofp\libstdc++_nano.a(class_type_info.o)
                0x00001cbc                __cxxabiv1::__class_type_info::__do_find_public_src(int, void const*, __cxxabiv1::__class_type_info const*, void const*) const
 .text._ZN10__cxxabiv117__class_type_infoD2Ev
                0x00001cc8       0x18 e:/eclipse/forcontroller/source/basesoft/gcc-arm-9_2020-q2-update/bin/../lib/gcc/arm-none-eabi/9.3.1/../../../../arm-none-eabi/lib/thumb/v6-m/nofp\libstdc++_nano.a(class_type_info.o)
                0x00001cc8                __cxxabiv1::__class_type_info::~__class_type_info()
                0x00001cc8                __cxxabiv1::__class_type_info::~__class_type_info()
 .text._ZN10__cxxabiv117__class_type_infoD0Ev
                0x00001ce0       0x14 e:/eclipse/forcontroller/source/basesoft/gcc-arm-9_2020-q2-update/bin/../lib/gcc/arm-none-eabi/9.3.1/../../../../arm-none-eabi/lib/thumb/v6-m/nofp\libstdc++_nano.a(class_type_info.o)
                0x00001ce0                __cxxabiv1::__class_type_info::~__class_type_info()
 .text._ZNK10__cxxabiv117__class_type_info12__do_dyncastEiNS0_10__sub_kindEPKS0_PKvS3_S5_RNS0_16__dyncast_resultE
                0x00001cf4       0x3a e:/eclipse/forcontroller/source/basesoft/gcc-arm-9_2020-q2-update/bin/../lib/gcc/arm-none-eabi/9.3.1/../../../../arm-none-eabi/lib/thumb/v6-m/nofp\libstdc++_nano.a(class_type_info.o)
                0x00001cf4                __cxxabiv1::__class_type_info::__do_dyncast(int, __cxxabiv1::__class_type_info::__sub_kind, __cxxabiv1::__class_type_info const*, void const*, __cxxabiv1::__class_type_info const*, void const*, __cxxabiv1::__class_type_info::__dyncast_result&) const
 .text._ZNK10__cxxabiv117__class_type_info11__do_upcastEPKS0_PKvRNS0_15__upcast_resultE
                0x00001d2e       0x1a e:/eclipse/forcontroller/source/basesoft/gcc-arm-9_2020-q2-update/bin/../lib/gcc/arm-none-eabi/9.3.1/../../../../arm-none-eabi/lib/thumb/v6-m/nofp\libstdc++_nano.a(class_type_info.o)
                0x00001d2e                __cxxabiv1::__class_type_info::__do_upcast(__cxxabiv1::__class_type_info const*, void const*, __cxxabiv1::__class_type_info::__upcast_result&) const
 .text._ZNK10__cxxabiv117__class_type_info10__do_catchEPKSt9type_infoPPvj
                0x00001d48       0x24 e:/eclipse/forcontroller/source/basesoft/gcc-arm-9_2020-q2-update/bin/../lib/gcc/arm-none-eabi/9.3.1/../../../../arm-none-eabi/lib/thumb/v6-m/nofp\libstdc++_nano.a(class_type_info.o)
                0x00001d48                __cxxabiv1::__class_type_info::__do_catch(std::type_info const*, void**, unsigned int) const
 .text._ZdlPv   0x00001d6c        0x8 e:/eclipse/forcontroller/source/basesoft/gcc-arm-9_2020-q2-update/bin/../lib/gcc/arm-none-eabi/9.3.1/../../../../arm-none-eabi/lib/thumb/v6-m/nofp\libstdc++_nano.a(del_op.o)
                0x00001d6c                operator delete(void*)
 .text._ZdlPvj  0x00001d74        0x8 e:/eclipse/forcontroller/source/basesoft/gcc-arm-9_2020-q2-update/bin/../lib/gcc/arm-none-eabi/9.3.1/../../../../arm-none-eabi/lib/thumb/v6-m/nofp\libstdc++_nano.a(del_ops.o)
                0x00001d74                operator delete(void*, unsigned int)
 .text._ZN10__cxxabiv1L24__is_gxx_exception_classEPc
                0x00001d7c       0x3a e:/eclipse/forcontroller/source/basesoft/gcc-arm-9_2020-q2-update/bin/../lib/gcc/arm-none-eabi/9.3.1/../../../../arm-none-eabi/lib/thumb/v6-m/nofp\libstdc++_nano.a(eh_arm.o)
 *fill*         0x00001db6        0x2 
 .text.__cxa_type_match
                0x00001db8       0xb8 e:/eclipse/forcontroller/source/basesoft/gcc-arm-9_2020-q2-update/bin/../lib/gcc/arm-none-eabi/9.3.1/../../../../arm-none-eabi/lib/thumb/v6-m/nofp\libstdc++_nano.a(eh_arm.o)
                0x00001db8                __cxa_type_match
 .text.__cxa_begin_cleanup
                0x00001e70       0x36 e:/eclipse/forcontroller/source/basesoft/gcc-arm-9_2020-q2-update/bin/../lib/gcc/arm-none-eabi/9.3.1/../../../../arm-none-eabi/lib/thumb/v6-m/nofp\libstdc++_nano.a(eh_arm.o)
                0x00001e70                __cxa_begin_cleanup
 *fill*         0x00001ea6        0x2 
 .text.__cxa_get_globals
                0x00001ea8        0x8 e:/eclipse/forcontroller/source/basesoft/gcc-arm-9_2020-q2-update/bin/../lib/gcc/arm-none-eabi/9.3.1/../../../../arm-none-eabi/lib/thumb/v6-m/nofp\libstdc++_nano.a(eh_globals.o)
                0x00001ea8                __cxa_get_globals
 .text._ZN10__cxxabiv111__terminateEPFvvE
                0x00001eb0        0x8 e:/eclipse/forcontroller/source/basesoft/gcc-arm-9_2020-q2-update/bin/../lib/gcc/arm-none-eabi/9.3.1/../../../../arm-none-eabi/lib/thumb/v6-m/nofp\libstdc++_nano.a(eh_terminate.o)
                0x00001eb0                __cxxabiv1::__terminate(void (*)())
 .text._ZSt9terminatev
                0x00001eb8       0x10 e:/eclipse/forcontroller/source/basesoft/gcc-arm-9_2020-q2-update/bin/../lib/gcc/arm-none-eabi/9.3.1/../../../../arm-none-eabi/lib/thumb/v6-m/nofp\libstdc++_nano.a(eh_terminate.o)
                0x00001eb8                std::terminate()
 .text._ZN10__cxxabiv112__unexpectedEPFvvE
                0x00001ec8        0x8 e:/eclipse/forcontroller/source/basesoft/gcc-arm-9_2020-q2-update/bin/../lib/gcc/arm-none-eabi/9.3.1/../../../../arm-none-eabi/lib/thumb/v6-m/nofp\libstdc++_nano.a(eh_terminate.o)
                0x00001ec8                __cxxabiv1::__unexpected(void (*)())
 .text._ZSt10unexpectedv
                0x00001ed0       0x10 e:/eclipse/forcontroller/source/basesoft/gcc-arm-9_2020-q2-update/bin/../lib/gcc/arm-none-eabi/9.3.1/../../../../arm-none-eabi/lib/thumb/v6-m/nofp\libstdc++_nano.a(eh_terminate.o)
                0x00001ed0                std::unexpected()
 .text._ZN10__cxxabiv120__si_class_type_infoD2Ev
                0x00001ee0       0x18 e:/eclipse/forcontroller/source/basesoft/gcc-arm-9_2020-q2-update/bin/../lib/gcc/arm-none-eabi/9.3.1/../../../../arm-none-eabi/lib/thumb/v6-m/nofp\libstdc++_nano.a(si_class_type_info.o)
                0x00001ee0                __cxxabiv1::__si_class_type_info::~__si_class_type_info()
                0x00001ee0                __cxxabiv1::__si_class_type_info::~__si_class_type_info()
 .text._ZN10__cxxabiv120__si_class_type_infoD0Ev
                0x00001ef8       0x14 e:/eclipse/forcontroller/source/basesoft/gcc-arm-9_2020-q2-update/bin/../lib/gcc/arm-none-eabi/9.3.1/../../../../arm-none-eabi/lib/thumb/v6-m/nofp\libstdc++_nano.a(si_class_type_info.o)
                0x00001ef8                __cxxabiv1::__si_class_type_info::~__si_class_type_info()
 .text._ZNK10__cxxabiv120__si_class_type_info20__do_find_public_srcEiPKvPKNS_17__class_type_infoES2_
                0x00001f0c       0x32 e:/eclipse/forcontroller/source/basesoft/gcc-arm-9_2020-q2-update/bin/../lib/gcc/arm-none-eabi/9.3.1/../../../../arm-none-eabi/lib/thumb/v6-m/nofp\libstdc++_nano.a(si_class_type_info.o)
                0x00001f0c                __cxxabiv1::__si_class_type_info::__do_find_public_src(int, void const*, __cxxabiv1::__class_type_info const*, void const*) const
 .text._ZNK10__cxxabiv120__si_class_type_info12__do_dyncastEiNS_17__class_type_info10__sub_kindEPKS1_PKvS4_S6_RNS1_16__dyncast_resultE
                0x00001f3e       0x80 e:/eclipse/forcontroller/source/basesoft/gcc-arm-9_2020-q2-update/bin/../lib/gcc/arm-none-eabi/9.3.1/../../../../arm-none-eabi/lib/thumb/v6-m/nofp\libstdc++_nano.a(si_class_type_info.o)
                0x00001f3e                __cxxabiv1::__si_class_type_info::__do_dyncast(int, __cxxabiv1::__class_type_info::__sub_kind, __cxxabiv1::__class_type_info const*, void const*, __cxxabiv1::__class_type_info const*, void const*, __cxxabiv1::__class_type_info::__dyncast_result&) const
 .text._ZNK10__cxxabiv120__si_class_type_info11__do_upcastEPKNS_17__class_type_infoEPKvRNS1_15__upcast_resultE
                0x00001fbe       0x22 e:/eclipse/forcontroller/source/basesoft/gcc-arm-9_2020-q2-update/bin/../lib/gcc/arm-none-eabi/9.3.1/../../../../arm-none-eabi/lib/thumb/v6-m/nofp\libstdc++_nano.a(si_class_type_info.o)
                0x00001fbe                __cxxabiv1::__si_class_type_info::__do_upcast(__cxxabiv1::__class_type_info const*, void const*, __cxxabiv1::__class_type_info::__upcast_result&) const
 .text._ZNSt9type_infoD2Ev
                0x00001fe0        0x2 e:/eclipse/forcontroller/source/basesoft/gcc-arm-9_2020-q2-update/bin/../lib/gcc/arm-none-eabi/9.3.1/../../../../arm-none-eabi/lib/thumb/v6-m/nofp\libstdc++_nano.a(tinfo.o)
                0x00001fe0                std::type_info::~type_info()
                0x00001fe0                std::type_info::~type_info()
 .text._ZNKSt9type_info14__is_pointer_pEv
                0x00001fe2        0x4 e:/eclipse/forcontroller/source/basesoft/gcc-arm-9_2020-q2-update/bin/../lib/gcc/arm-none-eabi/9.3.1/../../../../arm-none-eabi/lib/thumb/v6-m/nofp\libstdc++_nano.a(tinfo.o)
                0x00001fe2                std::type_info::__is_pointer_p() const
                0x00001fe2                std::type_info::__is_function_p() const
 .text._ZNKSt9type_infoeqERKS_
                0x00001fe6       0x2c e:/eclipse/forcontroller/source/basesoft/gcc-arm-9_2020-q2-update/bin/../lib/gcc/arm-none-eabi/9.3.1/../../../../arm-none-eabi/lib/thumb/v6-m/nofp\libstdc++_nano.a(tinfo.o)
                0x00001fe6                std::type_info::operator==(std::type_info const&) const
 .text._ZN10__cxxabiv1L24__is_gxx_exception_classEPc
                0x00002012       0x3a e:/eclipse/forcontroller/source/basesoft/gcc-arm-9_2020-q2-update/bin/../lib/gcc/arm-none-eabi/9.3.1/../../../../arm-none-eabi/lib/thumb/v6-m/nofp\libstdc++_nano.a(eh_call.o)
 .text.__cxa_call_unexpected
                0x0000204c       0x2a e:/eclipse/forcontroller/source/basesoft/gcc-arm-9_2020-q2-update/bin/../lib/gcc/arm-none-eabi/9.3.1/../../../../arm-none-eabi/lib/thumb/v6-m/nofp\libstdc++_nano.a(eh_call.o)
                0x0000204c                __cxa_call_unexpected
 .text._ZN10__cxxabiv1L24__is_gxx_exception_classEPc
                0x00002076       0x3a e:/eclipse/forcontroller/source/basesoft/gcc-arm-9_2020-q2-update/bin/../lib/gcc/arm-none-eabi/9.3.1/../../../../arm-none-eabi/lib/thumb/v6-m/nofp\libstdc++_nano.a(eh_catch.o)
 .text.__cxa_begin_catch
                0x000020b0       0x4e e:/eclipse/forcontroller/source/basesoft/gcc-arm-9_2020-q2-update/bin/../lib/gcc/arm-none-eabi/9.3.1/../../../../arm-none-eabi/lib/thumb/v6-m/nofp\libstdc++_nano.a(eh_catch.o)
                0x000020b0                __cxa_begin_catch
 *fill*         0x000020fe        0x2 
 .text          0x00002100      0xa44 e:/eclipse/forcontroller/source/basesoft/gcc-arm-9_2020-q2-update/bin/../lib/gcc/arm-none-eabi/9.3.1/thumb/v6-m/nofp\libgcc.a(unwind-arm.o)
                0x000023cc                _Unwind_GetCFA
                0x000023d0                __gnu_Unwind_RaiseException
                0x00002424                __gnu_Unwind_ForcedUnwind
                0x00002438                __gnu_Unwind_Resume
                0x00002480                __gnu_Unwind_Resume_or_Rethrow
                0x0000249c                _Unwind_Complete
                0x000024a0                _Unwind_DeleteException
                0x000024b0                _Unwind_VRS_Get
                0x000024fc                _Unwind_VRS_Set
                0x00002548                __gnu_Unwind_Backtrace
                0x000028a4                __aeabi_unwind_cpp_pr0
                0x000028b0                __aeabi_unwind_cpp_pr1
                0x000028bc                __aeabi_unwind_cpp_pr2
                0x000028c8                _Unwind_VRS_Pop
 .text          0x00002b44      0x144 e:/eclipse/forcontroller/source/basesoft/gcc-arm-9_2020-q2-update/bin/../lib/gcc/arm-none-eabi/9.3.1/thumb/v6-m/nofp\libgcc.a(libunwind.o)
                0x00002b44                __restore_core_regs
                0x00002b44                restore_core_regs
                0x00002b70                __gnu_Unwind_Restore_VFP
                0x00002b74                __gnu_Unwind_Save_VFP
                0x00002b78                __gnu_Unwind_Restore_VFP_D
                0x00002b7c                __gnu_Unwind_Save_VFP_D
                0x00002b80                __gnu_Unwind_Restore_VFP_D_16_to_31
                0x00002b84                __gnu_Unwind_Save_VFP_D_16_to_31
                0x00002b88                __gnu_Unwind_Restore_WMMXD
                0x00002b8c                __gnu_Unwind_Save_WMMXD
                0x00002b90                __gnu_Unwind_Restore_WMMXC
                0x00002b94                __gnu_Unwind_Save_WMMXC
                0x00002b98                ___Unwind_RaiseException
                0x00002b98                _Unwind_RaiseException
                0x00002bc8                _Unwind_Resume
                0x00002bc8                ___Unwind_Resume
                0x00002bf8                _Unwind_Resume_or_Rethrow
                0x00002bf8                ___Unwind_Resume_or_Rethrow
                0x00002c28                _Unwind_ForcedUnwind
                0x00002c28                ___Unwind_ForcedUnwind
                0x00002c58                ___Unwind_Backtrace
                0x00002c58                _Unwind_Backtrace
 .text          0x00002c88      0x390 e:/eclipse/forcontroller/source/basesoft/gcc-arm-9_2020-q2-update/bin/../lib/gcc/arm-none-eabi/9.3.1/thumb/v6-m/nofp\libgcc.a(pr-support.o)
                0x00002cdc                __gnu_unwind_execute
                0x00002fcc                __gnu_unwind_frame
                0x00002ff8                _Unwind_GetRegionStart
                0x00003004                _Unwind_GetLanguageSpecificData
 .text.abort    0x00003018        0xe e:/eclipse/forcontroller/source/basesoft/gcc-arm-9_2020-q2-update/bin/../lib/gcc/arm-none-eabi/9.3.1/../../../../arm-none-eabi/lib/thumb/v6-m/nofp\libg_nano.a(lib_a-abort.o)
                0x00003018                abort
 *fill*         0x00003026        0x2 
 .text.__cxa_atexit
                0x00003028       0x1c e:/eclipse/forcontroller/source/basesoft/gcc-arm-9_2020-q2-update/bin/../lib/gcc/arm-none-eabi/9.3.1/../../../../arm-none-eabi/lib/thumb/v6-m/nofp\libg_nano.a(lib_a-cxa_atexit.o)
                0x00003028                __cxa_atexit
 .text.exit     0x00003044       0x2c e:/eclipse/forcontroller/source/basesoft/gcc-arm-9_2020-q2-update/bin/../lib/gcc/arm-none-eabi/9.3.1/../../../../arm-none-eabi/lib/thumb/v6-m/nofp\libg_nano.a(lib_a-exit.o)
                0x00003044                exit
 .text.__libc_init_array
                0x00003070       0x48 e:/eclipse/forcontroller/source/basesoft/gcc-arm-9_2020-q2-update/bin/../lib/gcc/arm-none-eabi/9.3.1/../../../../arm-none-eabi/lib/thumb/v6-m/nofp\libg_nano.a(lib_a-init.o)
                0x00003070                __libc_init_array
 .text.free     0x000030b8       0x14 e:/eclipse/forcontroller/source/basesoft/gcc-arm-9_2020-q2-update/bin/../lib/gcc/arm-none-eabi/9.3.1/../../../../arm-none-eabi/lib/thumb/v6-m/nofp\libg_nano.a(lib_a-malloc.o)
                0x000030b8                free
 .text.memcpy   0x000030cc       0x12 e:/eclipse/forcontroller/source/basesoft/gcc-arm-9_2020-q2-update/bin/../lib/gcc/arm-none-eabi/9.3.1/../../../../arm-none-eabi/lib/thumb/v6-m/nofp\libg_nano.a(lib_a-memcpy-stub.o)
                0x000030cc                memcpy
 .text.memset   0x000030de       0x10 e:/eclipse/forcontroller/source/basesoft/gcc-arm-9_2020-q2-update/bin/../lib/gcc/arm-none-eabi/9.3.1/../../../../arm-none-eabi/lib/thumb/v6-m/nofp\libg_nano.a(lib_a-memset.o)
                0x000030de                memset
 *fill*         0x000030ee        0x2 
 .text._free_r  0x000030f0       0x94 e:/eclipse/forcontroller/source/basesoft/gcc-arm-9_2020-q2-update/bin/../lib/gcc/arm-none-eabi/9.3.1/../../../../arm-none-eabi/lib/thumb/v6-m/nofp\libg_nano.a(lib_a-nano-freer.o)
                0x000030f0                _free_r
 .text._raise_r
                0x00003184       0x54 e:/eclipse/forcontroller/source/basesoft/gcc-arm-9_2020-q2-update/bin/../lib/gcc/arm-none-eabi/9.3.1/../../../../arm-none-eabi/lib/thumb/v6-m/nofp\libg_nano.a(lib_a-signal.o)
                0x00003184                _raise_r
 .text.raise    0x000031d8       0x14 e:/eclipse/forcontroller/source/basesoft/gcc-arm-9_2020-q2-update/bin/../lib/gcc/arm-none-eabi/9.3.1/../../../../arm-none-eabi/lib/thumb/v6-m/nofp\libg_nano.a(lib_a-signal.o)
                0x000031d8                raise
 .text._kill_r  0x000031ec       0x24 e:/eclipse/forcontroller/source/basesoft/gcc-arm-9_2020-q2-update/bin/../lib/gcc/arm-none-eabi/9.3.1/../../../../arm-none-eabi/lib/thumb/v6-m/nofp\libg_nano.a(lib_a-signalr.o)
                0x000031ec                _kill_r
 .text._getpid_r
                0x00003210        0x8 e:/eclipse/forcontroller/source/basesoft/gcc-arm-9_2020-q2-update/bin/../lib/gcc/arm-none-eabi/9.3.1/../../../../arm-none-eabi/lib/thumb/v6-m/nofp\libg_nano.a(lib_a-signalr.o)
                0x00003210                _getpid_r
 .text          0x00003218       0x14 e:/eclipse/forcontroller/source/basesoft/gcc-arm-9_2020-q2-update/bin/../lib/gcc/arm-none-eabi/9.3.1/../../../../arm-none-eabi/lib/thumb/v6-m/nofp\libg_nano.a(lib_a-strcmp.o)
                0x00003218                strcmp
 .text.__malloc_lock
                0x0000322c       0x10 e:/eclipse/forcontroller/source/basesoft/gcc-arm-9_2020-q2-update/bin/../lib/gcc/arm-none-eabi/9.3.1/../../../../arm-none-eabi/lib/thumb/v6-m/nofp\libg_nano.a(lib_a-mlock.o)
                0x0000322c                __malloc_lock
 .text.__malloc_unlock
                0x0000323c       0x10 e:/eclipse/forcontroller/source/basesoft/gcc-arm-9_2020-q2-update/bin/../lib/gcc/arm-none-eabi/9.3.1/../../../../arm-none-eabi/lib/thumb/v6-m/nofp\libg_nano.a(lib_a-mlock.o)
                0x0000323c                __malloc_unlock
 .text.__retarget_lock_acquire_recursive
                0x0000324c        0x2 e:/eclipse/forcontroller/source/basesoft/gcc-arm-9_2020-q2-update/bin/../lib/gcc/arm-none-eabi/9.3.1/../../../../arm-none-eabi/lib/thumb/v6-m/nofp\libg_nano.a(lib_a-lock.o)
                0x0000324c                __retarget_lock_acquire_recursive
 .text.__retarget_lock_release_recursive
                0x0000324e        0x2 e:/eclipse/forcontroller/source/basesoft/gcc-arm-9_2020-q2-update/bin/../lib/gcc/arm-none-eabi/9.3.1/../../../../arm-none-eabi/lib/thumb/v6-m/nofp\libg_nano.a(lib_a-lock.o)
                0x0000324e                __retarget_lock_release_recursive
 .text._getpid  0x00003250       0x10 e:/eclipse/forcontroller/source/basesoft/gcc-arm-9_2020-q2-update/bin/../lib/gcc/arm-none-eabi/9.3.1/../../../../arm-none-eabi/lib/thumb/v6-m/nofp\libnosys.a(getpid.o)
                0x00003250                _getpid
 .text._kill    0x00003260       0x10 e:/eclipse/forcontroller/source/basesoft/gcc-arm-9_2020-q2-update/bin/../lib/gcc/arm-none-eabi/9.3.1/../../../../arm-none-eabi/lib/thumb/v6-m/nofp\libnosys.a(kill.o)
                0x00003260                _kill
 .text._exit    0x00003270        0x4 e:/eclipse/forcontroller/source/basesoft/gcc-arm-9_2020-q2-update/bin/../lib/gcc/arm-none-eabi/9.3.1/../../../../arm-none-eabi/lib/thumb/v6-m/nofp\libnosys.a(_exit.o)
                0x00003270                _exit
 *(.init)
 .init          0x00003274        0x4 e:/eclipse/forcontroller/source/basesoft/gcc-arm-9_2020-q2-update/bin/../lib/gcc/arm-none-eabi/9.3.1/thumb/v6-m/nofp/crti.o
                0x00003274                _init
 .init          0x00003278        0x8 e:/eclipse/forcontroller/source/basesoft/gcc-arm-9_2020-q2-update/bin/../lib/gcc/arm-none-eabi/9.3.1/thumb/v6-m/nofp/crtn.o
 *(.fini)
 .fini          0x00003280        0x4 e:/eclipse/forcontroller/source/basesoft/gcc-arm-9_2020-q2-update/bin/../lib/gcc/arm-none-eabi/9.3.1/thumb/v6-m/nofp/crti.o
                0x00003280                _fini
 .fini          0x00003284        0x8 e:/eclipse/forcontroller/source/basesoft/gcc-arm-9_2020-q2-update/bin/../lib/gcc/arm-none-eabi/9.3.1/thumb/v6-m/nofp/crtn.o
 *fill*         0x0000328c        0x4 
 .fini.__stub   0x00003290       0x10 linker stubs
 *crtbegin.o(.ctors)
 *crtbegin?.o(.ctors)
 *(EXCLUDE_FILE(*crtend.o *crtend?.o) .ctors)
 *(SORT_BY_NAME(.ctors.*))
 *(.ctors)
 *crtbegin.o(.dtors)
 *crtbegin?.o(.dtors)
 *(EXCLUDE_FILE(*crtend.o *crtend?.o) .dtors)
 *(SORT_BY_NAME(.dtors.*))
 *(.dtors)
 *(.rodata*)
 .rodata.MTR_Uart_updateTimerNumsFromIRQ
                0x000032a0       0x20 ./mtr_libs/mtr_uart_base/mtr_uart_base.o
 .rodata.crc16Table
                0x000032c0      0x200 ./mtr_libs/mtr_crc/mtr_crc.o
 .rodata.USB_EP_dispatchEvent
                0x000034c0       0x18 ./cmsis_lib/src/MDR32F9Qx_usb_device.o
 .rodata._ZTIN10__cxxabiv117__class_type_infoE
                0x000034d8        0xc e:/eclipse/forcontroller/source/basesoft/gcc-arm-9_2020-q2-update/bin/../lib/gcc/arm-none-eabi/9.3.1/../../../../arm-none-eabi/lib/thumb/v6-m/nofp\libstdc++_nano.a(class_type_info.o)
                0x000034d8                typeinfo for __cxxabiv1::__class_type_info
 .rodata._ZTSN10__cxxabiv117__class_type_infoE
                0x000034e4       0x22 e:/eclipse/forcontroller/source/basesoft/gcc-arm-9_2020-q2-update/bin/../lib/gcc/arm-none-eabi/9.3.1/../../../../arm-none-eabi/lib/thumb/v6-m/nofp\libstdc++_nano.a(class_type_info.o)
                0x000034e4                typeinfo name for __cxxabiv1::__class_type_info
 *fill*         0x00003506        0x2 
 .rodata._ZTVN10__cxxabiv117__class_type_infoE
                0x00003508       0x2c e:/eclipse/forcontroller/source/basesoft/gcc-arm-9_2020-q2-update/bin/../lib/gcc/arm-none-eabi/9.3.1/../../../../arm-none-eabi/lib/thumb/v6-m/nofp\libstdc++_nano.a(class_type_info.o)
                0x00003508                vtable for __cxxabiv1::__class_type_info
 .rodata._ZTIN10__cxxabiv115__forced_unwindE
                0x00003534        0x8 e:/eclipse/forcontroller/source/basesoft/gcc-arm-9_2020-q2-update/bin/../lib/gcc/arm-none-eabi/9.3.1/../../../../arm-none-eabi/lib/thumb/v6-m/nofp\libstdc++_nano.a(eh_exception.o)
                0x00003534                typeinfo for __cxxabiv1::__forced_unwind
 .rodata._ZTIN10__cxxabiv119__foreign_exceptionE
                0x0000353c        0x8 e:/eclipse/forcontroller/source/basesoft/gcc-arm-9_2020-q2-update/bin/../lib/gcc/arm-none-eabi/9.3.1/../../../../arm-none-eabi/lib/thumb/v6-m/nofp\libstdc++_nano.a(eh_exception.o)
                0x0000353c                typeinfo for __cxxabiv1::__foreign_exception
 .rodata._ZTSN10__cxxabiv115__forced_unwindE
                0x00003544       0x20 e:/eclipse/forcontroller/source/basesoft/gcc-arm-9_2020-q2-update/bin/../lib/gcc/arm-none-eabi/9.3.1/../../../../arm-none-eabi/lib/thumb/v6-m/nofp\libstdc++_nano.a(eh_exception.o)
                0x00003544                typeinfo name for __cxxabiv1::__forced_unwind
 .rodata._ZTSN10__cxxabiv119__foreign_exceptionE
                0x00003564       0x24 e:/eclipse/forcontroller/source/basesoft/gcc-arm-9_2020-q2-update/bin/../lib/gcc/arm-none-eabi/9.3.1/../../../../arm-none-eabi/lib/thumb/v6-m/nofp\libstdc++_nano.a(eh_exception.o)
                0x00003564                typeinfo name for __cxxabiv1::__foreign_exception
 .rodata._ZTIN10__cxxabiv120__si_class_type_infoE
                0x00003588        0xc e:/eclipse/forcontroller/source/basesoft/gcc-arm-9_2020-q2-update/bin/../lib/gcc/arm-none-eabi/9.3.1/../../../../arm-none-eabi/lib/thumb/v6-m/nofp\libstdc++_nano.a(si_class_type_info.o)
                0x00003588                typeinfo for __cxxabiv1::__si_class_type_info
 .rodata._ZTSN10__cxxabiv120__si_class_type_infoE
                0x00003594       0x25 e:/eclipse/forcontroller/source/basesoft/gcc-arm-9_2020-q2-update/bin/../lib/gcc/arm-none-eabi/9.3.1/../../../../arm-none-eabi/lib/thumb/v6-m/nofp\libstdc++_nano.a(si_class_type_info.o)
                0x00003594                typeinfo name for __cxxabiv1::__si_class_type_info
 *fill*         0x000035b9        0x3 
 .rodata._ZTVN10__cxxabiv120__si_class_type_infoE
                0x000035bc       0x2c e:/eclipse/forcontroller/source/basesoft/gcc-arm-9_2020-q2-update/bin/../lib/gcc/arm-none-eabi/9.3.1/../../../../arm-none-eabi/lib/thumb/v6-m/nofp\libstdc++_nano.a(si_class_type_info.o)
                0x000035bc                vtable for __cxxabiv1::__si_class_type_info
 .rodata._ZTISt9type_info
                0x000035e8        0x8 e:/eclipse/forcontroller/source/basesoft/gcc-arm-9_2020-q2-update/bin/../lib/gcc/arm-none-eabi/9.3.1/../../../../arm-none-eabi/lib/thumb/v6-m/nofp\libstdc++_nano.a(tinfo.o)
                0x000035e8                typeinfo for std::type_info
 .rodata._ZTSSt9type_info
                0x000035f0        0xd e:/eclipse/forcontroller/source/basesoft/gcc-arm-9_2020-q2-update/bin/../lib/gcc/arm-none-eabi/9.3.1/../../../../arm-none-eabi/lib/thumb/v6-m/nofp\libstdc++_nano.a(tinfo.o)
                0x000035f0                typeinfo name for std::type_info
 *fill*         0x000035fd        0x3 
 .rodata._global_impure_ptr
                0x00003600        0x4 e:/eclipse/forcontroller/source/basesoft/gcc-arm-9_2020-q2-update/bin/../lib/gcc/arm-none-eabi/9.3.1/../../../../arm-none-eabi/lib/thumb/v6-m/nofp\libg_nano.a(lib_a-impure.o)
                0x00003600                _global_impure_ptr
 .rodata.__sf_fake_stderr
                0x00003604       0x20 e:/eclipse/forcontroller/source/basesoft/gcc-arm-9_2020-q2-update/bin/../lib/gcc/arm-none-eabi/9.3.1/../../../../arm-none-eabi/lib/thumb/v6-m/nofp\libg_nano.a(lib_a-findfp.o)
                0x00003604                __sf_fake_stderr
 .rodata.__sf_fake_stdin
                0x00003624       0x20 e:/eclipse/forcontroller/source/basesoft/gcc-arm-9_2020-q2-update/bin/../lib/gcc/arm-none-eabi/9.3.1/../../../../arm-none-eabi/lib/thumb/v6-m/nofp\libg_nano.a(lib_a-findfp.o)
                0x00003624                __sf_fake_stdin
 .rodata.__sf_fake_stdout
                0x00003644       0x20 e:/eclipse/forcontroller/source/basesoft/gcc-arm-9_2020-q2-update/bin/../lib/gcc/arm-none-eabi/9.3.1/../../../../arm-none-eabi/lib/thumb/v6-m/nofp\libg_nano.a(lib_a-findfp.o)
                0x00003644                __sf_fake_stdout
 *(.eh_frame*)
 .eh_frame      0x00003664        0x0 e:/eclipse/forcontroller/source/basesoft/gcc-arm-9_2020-q2-update/bin/../lib/gcc/arm-none-eabi/9.3.1/thumb/v6-m/nofp/crtbegin.o
 .eh_frame      0x00003664        0x4 e:/eclipse/forcontroller/source/basesoft/gcc-arm-9_2020-q2-update/bin/../lib/gcc/arm-none-eabi/9.3.1/thumb/v6-m/nofp/crtend.o

.glue_7         0x00003668        0x0
 .glue_7        0x00003668        0x0 linker stubs

.glue_7t        0x00003668        0x0
 .glue_7t       0x00003668        0x0 linker stubs

.vfp11_veneer   0x00003668        0x0
 .vfp11_veneer  0x00003668        0x0 linker stubs

.v4_bx          0x00003668        0x0
 .v4_bx         0x00003668        0x0 linker stubs

.iplt           0x00003668        0x0
 .iplt          0x00003668        0x0 e:/eclipse/forcontroller/source/basesoft/gcc-arm-9_2020-q2-update/bin/../lib/gcc/arm-none-eabi/9.3.1/thumb/v6-m/nofp/crtbegin.o

.ARM.extab      0x00003668       0x30
 *(.ARM.extab* .gnu.linkonce.armextab.*)
 .ARM.extab.text._ZNSt6vectorIP13BaseSomeValueSaIS1_EED2Ev
                0x00003668        0x0 ./mtr_libs/BaseDataManager/BaseDataManager.o
 .ARM.extab     0x00003668       0x24 e:/eclipse/forcontroller/source/basesoft/gcc-arm-9_2020-q2-update/bin/../lib/gcc/arm-none-eabi/9.3.1/thumb/v6-m/nofp\libgcc.a(unwind-arm.o)
 .ARM.extab     0x0000368c        0xc e:/eclipse/forcontroller/source/basesoft/gcc-arm-9_2020-q2-update/bin/../lib/gcc/arm-none-eabi/9.3.1/thumb/v6-m/nofp\libgcc.a(pr-support.o)
                0x00003698                __exidx_start = .

.ARM.exidx      0x00003698       0xf8
 *(.ARM.exidx* .gnu.linkonce.armexidx.*)
 .ARM.exidx     0x00003698        0x8 e:/eclipse/forcontroller/source/basesoft/gcc-arm-9_2020-q2-update/bin/../lib/gcc/arm-none-eabi/9.3.1/../../../../arm-none-eabi/lib/thumb/v6-m/nofp/crt0.o
                                 0x10 (size before relaxing)
 .ARM.exidx.text._Z11initNetworkv
                0x000036a0        0x8 ./src/inits.o
 .ARM.exidx.text._Z20Ethernet_FillFrameTXm
                0x000036a8        0x8 ./src/inits.o
 .ARM.exidx.text._Z15ETH_TaskProcessP20MDR_ETHERNET_TypeDef
                0x000036b0       0x10 ./src/inits.o
                                  0x8 (size before relaxing)
 .ARM.exidx.text._Z41__static_initialization_and_destruction_0ii
                0x000036c0        0x0 ./mtr_libs/BaseDataManager/BaseDataManager.o
                                  0x8 (size before relaxing)
 .ARM.exidx.text._ZNSt6vectorIP13BaseSomeValueSaIS1_EED2Ev
                0x000036c0        0x0 ./mtr_libs/BaseDataManager/BaseDataManager.o
                                  0x8 (size before relaxing)
 .ARM.exidx.text._GLOBAL__sub_I__ZN15BaseDataManager9inputDataEv
                0x000036c0        0x0 ./mtr_libs/BaseDataManager/BaseDataManager.o
                                  0x8 (size before relaxing)
 .ARM.exidx.text.main
                0x000036c0       0x10 ./main.o
                                  0x8 (size before relaxing)
 .ARM.exidx     0x000036d0       0x90 e:/eclipse/forcontroller/source/basesoft/gcc-arm-9_2020-q2-update/bin/../lib/gcc/arm-none-eabi/9.3.1/thumb/v6-m/nofp\libgcc.a(unwind-arm.o)
                                 0xd8 (size before relaxing)
 .ARM.exidx     0x00003760       0x30 e:/eclipse/forcontroller/source/basesoft/gcc-arm-9_2020-q2-update/bin/../lib/gcc/arm-none-eabi/9.3.1/thumb/v6-m/nofp\libgcc.a(pr-support.o)
                                 0x38 (size before relaxing)
                0x00003790                __exidx_end = .

.rel.dyn        0x00003790        0x0
 .rel.iplt      0x00003790        0x0 e:/eclipse/forcontroller/source/basesoft/gcc-arm-9_2020-q2-update/bin/../lib/gcc/arm-none-eabi/9.3.1/thumb/v6-m/nofp/crtbegin.o
                0x00003790                . = ALIGN (0x4)
                0x00003790                __etext = .

.data           0x20000000      0x18c load address 0x00003790
                0x20000000                __data_start__ = .
 *(vtable)
 *(.data*)
 .data          0x20000000        0x4 e:/eclipse/forcontroller/source/basesoft/gcc-arm-9_2020-q2-update/bin/../lib/gcc/arm-none-eabi/9.3.1/thumb/v6-m/nofp/crtbegin.o
                0x20000000                __dso_handle
 .data.MAC_SRC  0x20000004        0x6 ./src/inits.o
                0x20000004                MAC_SRC
 *fill*         0x2000000a        0x2 
 .data.uartSettingsMainStructs
                0x2000000c       0x68 ./mtr_libs/mtr_uart_base/mtr_uart_base.o
 .data.TIMER    0x20000074       0x30 ./mtr_libs/mtr_timer/mtr_timer.o
                0x20000074                TIMER
 .data.bootloaderMagicData
                0x200000a4       0x1f ./mtr_libs/mtr_service/mtr_service.o
                0x200000a4                bootloaderMagicData
 *fill*         0x200000c3        0x1 
 .data.PORTS    0x200000c4       0x48 ./mtr_libs/mtr_port/mtr_port.o
                0x200000c4                PORTS
 .data.eepromBuffer
                0x2000010c        0x4 ./mtr_libs/mtr_eeprom/mtr_eeprom.o
                0x2000010c                eepromBuffer
 .data.SystemCoreClock
                0x20000110        0x4 ./cmsis_boot/system_MDR1986VE1T.o
                0x20000110                SystemCoreClock
 .data._ZN10__cxxabiv120__unexpected_handlerE
                0x20000114        0x4 e:/eclipse/forcontroller/source/basesoft/gcc-arm-9_2020-q2-update/bin/../lib/gcc/arm-none-eabi/9.3.1/../../../../arm-none-eabi/lib/thumb/v6-m/nofp\libstdc++_nano.a(eh_unex_handler.o)
                0x20000114                __cxxabiv1::__unexpected_handler
 .data._ZN10__cxxabiv119__terminate_handlerE
                0x20000118        0x4 e:/eclipse/forcontroller/source/basesoft/gcc-arm-9_2020-q2-update/bin/../lib/gcc/arm-none-eabi/9.3.1/../../../../arm-none-eabi/lib/thumb/v6-m/nofp\libstdc++_nano.a(eh_term_handler.o)
                0x20000118                __cxxabiv1::__terminate_handler
 .data._impure_ptr
                0x2000011c        0x4 e:/eclipse/forcontroller/source/basesoft/gcc-arm-9_2020-q2-update/bin/../lib/gcc/arm-none-eabi/9.3.1/../../../../arm-none-eabi/lib/thumb/v6-m/nofp\libg_nano.a(lib_a-impure.o)
                0x2000011c                _impure_ptr
 .data.impure_data
                0x20000120       0x60 e:/eclipse/forcontroller/source/basesoft/gcc-arm-9_2020-q2-update/bin/../lib/gcc/arm-none-eabi/9.3.1/../../../../arm-none-eabi/lib/thumb/v6-m/nofp\libg_nano.a(lib_a-impure.o)
                0x20000180                . = ALIGN (0x4)
                0x20000180                PROVIDE (__preinit_array_start = .)
 *(.preinit_array)
                0x20000180                PROVIDE (__preinit_array_end = .)
                0x20000180                . = ALIGN (0x4)
                0x20000180                PROVIDE (__init_array_start = .)
 *(SORT_BY_NAME(.init_array.*))
 *(.init_array)
 .init_array    0x20000180        0x4 e:/eclipse/forcontroller/source/basesoft/gcc-arm-9_2020-q2-update/bin/../lib/gcc/arm-none-eabi/9.3.1/thumb/v6-m/nofp/crtbegin.o
 .init_array    0x20000184        0x4 ./mtr_libs/BaseDataManager/BaseDataManager.o
                0x20000188                PROVIDE (__init_array_end = .)
                0x20000188                . = ALIGN (0x4)
                [!provide]                PROVIDE (__fini_array_start = .)
 *(SORT_BY_NAME(.fini_array.*))
 *(.fini_array)
 .fini_array    0x20000188        0x4 e:/eclipse/forcontroller/source/basesoft/gcc-arm-9_2020-q2-update/bin/../lib/gcc/arm-none-eabi/9.3.1/thumb/v6-m/nofp/crtbegin.o
                [!provide]                PROVIDE (__fini_array_end = .)
 *(.jcr*)
                0x2000018c                . = ALIGN (0x4)
                0x2000018c                __data_end__ = .
                0x0000391c                __edata = (__etext + SIZEOF (.data))

.igot.plt       0x2000018c        0x0 load address 0x0000391c
 .igot.plt      0x2000018c        0x0 e:/eclipse/forcontroller/source/basesoft/gcc-arm-9_2020-q2-update/bin/../lib/gcc/arm-none-eabi/9.3.1/thumb/v6-m/nofp/crtbegin.o

.ramfunc        0x20100000      0xb48 load address 0x0000391c
                0x20100000                __ramfunc_start__ = .
 *(.ramfunc*)
 .ramfunc       0x20100000       0xd0 ./mtr_libs/mtr_eeprom/mtr_eeprom.o
                0x20100000                MTR_Eeprom_erasePage
                0x2010000a                MTR_Parameter_read
                0x2010001e                MTR_Parameter_reWrite
                0x2010009c                MTR_Parameter_write
 *fill*         0x201000d0      0x330 
 .ramfunc       0x20100400      0x400 ./cmsis_lib/src/MDR32F9Qx_dma.o
                0x20100400                DMA_ControlTable
 .ramfunc       0x20100800      0x348 ./cmsis_lib/src/MDR32F9Qx_eeprom.o
                0x20100818                EEPROM_ReadByte
                0x20100870                EEPROM_ReadHalfWord
                0x201008c8                EEPROM_ReadWord
                0x20100924                EEPROM_ErasePage
                0x201009bc                EEPROM_EraseAllPages
                0x20100a54                EEPROM_ProgramWord
                0x20100af0                EEPROM_ProgramByte
                0x20100b1a                EEPROM_ProgramHalfWord
                0x20100b48                . = ALIGN (0x4)
                0x20100b48                __ramfunc_end__ = .

.bss            0x2000018c     0x1974 load address 0x0000391c
                0x2000018c                . = ALIGN (0x4)
                0x2000018c                __bss_start__ = .
 *(.bss*)
 .bss           0x2000018c       0x1c e:/eclipse/forcontroller/source/basesoft/gcc-arm-9_2020-q2-update/bin/../lib/gcc/arm-none-eabi/9.3.1/thumb/v6-m/nofp/crtbegin.o
 .bss.FrameRx   0x200001a8      0x5e8 ./src/inits.o
                0x200001a8                FrameRx
 .bss.FrameTx   0x20000790      0x17a ./src/inits.o
                0x20000790                FrameTx
 *fill*         0x2000090a        0x2 
 .bss._ZZ11initNetworkvE14ETH_InitStruct
                0x2000090c       0x78 ./src/inits.o
 .bss.uartCommunicationDataMainStructs
                0x20000984        0x8 ./mtr_libs/mtr_uart_base/mtr_uart_base.o
 .bss.delay_dec
                0x2000098c        0x4 ./mtr_libs/mtr_service/mtr_service.o
                0x2000098c                delay_dec
 .bss.timerStruct.5985
                0x20000990        0x4 ./mtr_libs/mtr_planner/mtr_planner.o
 .bss.timerStruct.6022
                0x20000994        0x4 ./mtr_libs/mtr_planner/mtr_planner.o
 .bss._ZL10inputDatas
                0x20000998        0xc ./mtr_libs/BaseDataManager/BaseDataManager.o
 .bss._ZL11outputDatas
                0x200009a4        0xc ./mtr_libs/BaseDataManager/BaseDataManager.o
 .bss.z.4841    0x200009b0        0x4 ./cmsis_lib/src/MDR32F9Qx_eeprom.o
 .bss.bHandling.5540
                0x200009b4        0x4 ./cmsis_lib/src/MDR32F9Qx_usb_device.o
 .bss._ZL10eh_globals
                0x200009b8        0xc e:/eclipse/forcontroller/source/basesoft/gcc-arm-9_2020-q2-update/bin/../lib/gcc/arm-none-eabi/9.3.1/../../../../arm-none-eabi/lib/thumb/v6-m/nofp\libstdc++_nano.a(eh_globals.o)
 .bss.__malloc_free_list
                0x200009c4        0x4 e:/eclipse/forcontroller/source/basesoft/gcc-arm-9_2020-q2-update/bin/../lib/gcc/arm-none-eabi/9.3.1/../../../../arm-none-eabi/lib/thumb/v6-m/nofp\libg_nano.a(lib_a-nano-mallocr.o)
                0x200009c4                __malloc_free_list
 *(COMMON)
 COMMON         0x200009c8       0x24 ./mtr_libs/mtr_uart_base/mtr_uart_base.o
                0x200009c8                timer
                0x200009cc                rxCanSerialMessage
                0x200009dc                uartInitStructure
 COMMON         0x200009ec       0x2b ./mtr_libs/mtr_service/mtr_service.o
                0x200009ec                deviceID
                0x200009f0                toBootloaderResetCommand
 *fill*         0x20000a17        0x1 
 COMMON         0x20000a18       0x14 ./mtr_libs/mtr_planner/mtr_planner.o
                0x20000a18                Planner
 COMMON         0x20000a2c     0x1000 ./mtr_libs/mtr_eeprom/mtr_eeprom.o
                0x20000a2c                eepromBufferData
 COMMON         0x20001a2c       0xc4 ./cmsis_lib/src/MDR32F9Qx_usb_device.o
                0x20001a2c                USB_DeviceContext
                0x20001a38                USB_CurrentSetupPacket
                0x20001a40                USB_EPContext
 COMMON         0x20001af0        0x4 e:/eclipse/forcontroller/source/basesoft/gcc-arm-9_2020-q2-update/bin/../lib/gcc/arm-none-eabi/9.3.1/../../../../arm-none-eabi/lib/thumb/v6-m/nofp\libg_nano.a(lib_a-reent.o)
                0x20001af0                errno
 COMMON         0x20001af4        0x9 e:/eclipse/forcontroller/source/basesoft/gcc-arm-9_2020-q2-update/bin/../lib/gcc/arm-none-eabi/9.3.1/../../../../arm-none-eabi/lib/thumb/v6-m/nofp\libg_nano.a(lib_a-lock.o)
                0x20001af4                __lock___atexit_recursive_mutex
                0x20001af5                __lock___arc4random_mutex
                0x20001af6                __lock___env_recursive_mutex
                0x20001af7                __lock___sinit_recursive_mutex
                0x20001af8                __lock___malloc_recursive_mutex
                0x20001af9                __lock___at_quick_exit_mutex
                0x20001afa                __lock___dd_hash_mutex
                0x20001afb                __lock___tz_mutex
                0x20001afc                __lock___sfp_recursive_mutex
                0x20001b00                . = ALIGN (0x4)
 *fill*         0x20001afd        0x3 
                0x20001b00                __bss_end__ = .

.heap           0x20001b00        0x0
                0x20001b00                __end__ = .
                0x20001b00                PROVIDE (end = .)
 *(.heap*)
 .heap          0x20001b00        0x0 ./cmsis_boot/startup/startup_MDR1986VE1T.o
                0x20001b00                __HeapLimit = .

.stack_dummy    0x20001b00      0xc00
 *(.stack*)
 .stack         0x20001b00      0xc00 ./cmsis_boot/startup/startup_MDR1986VE1T.o
                0x20008000                __StackTop = (ORIGIN (RAM) + LENGTH (RAM))
                0x20007400                __StackLimit = (__StackTop - SIZEOF (.stack_dummy))
                0x20008000                PROVIDE (__stack = __StackTop)
                0x00000001                ASSERT ((__StackLimit >= __HeapLimit), region RAM overflowed with stack)
OUTPUT(testEthernetMilandrVE1T.elf elf32-littlearm)
LOAD linker stubs

.ARM.attributes
                0x00000000       0x28
 .ARM.attributes
                0x00000000       0x1e e:/eclipse/forcontroller/source/basesoft/gcc-arm-9_2020-q2-update/bin/../lib/gcc/arm-none-eabi/9.3.1/thumb/v6-m/nofp/crti.o
 .ARM.attributes
                0x0000001e       0x2c e:/eclipse/forcontroller/source/basesoft/gcc-arm-9_2020-q2-update/bin/../lib/gcc/arm-none-eabi/9.3.1/thumb/v6-m/nofp/crtbegin.o
 .ARM.attributes
                0x0000004a       0x1b e:/eclipse/forcontroller/source/basesoft/gcc-arm-9_2020-q2-update/bin/../lib/gcc/arm-none-eabi/9.3.1/../../../../arm-none-eabi/lib/thumb/v6-m/nofp/crt0.o
 .ARM.attributes
                0x00000065       0x2c ./src/inits.o
 .ARM.attributes
                0x00000091       0x2c ./mtr_libs/mtr_uart_base/mtr_uart_base.o
 .ARM.attributes
                0x000000bd       0x2c ./mtr_libs/mtr_timer/mtr_timer.o
 .ARM.attributes
                0x000000e9       0x2c ./mtr_libs/mtr_service/mtr_service.o
 .ARM.attributes
                0x00000115       0x2c ./mtr_libs/mtr_port/mtr_port.o
 .ARM.attributes
                0x00000141       0x2c ./mtr_libs/mtr_planner/mtr_planner.o
 .ARM.attributes
                0x0000016d       0x2c ./mtr_libs/mtr_eeprom/mtr_eeprom.o
 .ARM.attributes
                0x00000199       0x2c ./mtr_libs/mtr_crc/mtr_crc.o
 .ARM.attributes
                0x000001c5       0x2c ./mtr_libs/BaseDataManager/BaseDataManager.o
 .ARM.attributes
                0x000001f1       0x2c ./cmsis_lib/src/MDR32F9Qx_dma.o
 .ARM.attributes
                0x0000021d       0x2c ./cmsis_lib/src/MDR32F9Qx_eeprom.o
 .ARM.attributes
                0x00000249       0x2c ./cmsis_lib/src/MDR32F9Qx_eth.o
 .ARM.attributes
                0x00000275       0x2c ./cmsis_lib/src/MDR32F9Qx_port.o
 .ARM.attributes
                0x000002a1       0x2c ./cmsis_lib/src/MDR32F9Qx_rst_clk.o
 .ARM.attributes
                0x000002cd       0x2c ./cmsis_lib/src/MDR32F9Qx_timer.o
 .ARM.attributes
                0x000002f9       0x2c ./cmsis_lib/src/MDR32F9Qx_uart.o
 .ARM.attributes
                0x00000325       0x2c ./cmsis_lib/src/MDR32F9Qx_usb.o
 .ARM.attributes
                0x00000351       0x2c ./cmsis_lib/src/MDR32F9Qx_usb_device.o
 .ARM.attributes
                0x0000037d       0x1b ./cmsis_boot/startup/startup_MDR1986VE1T.o
 .ARM.attributes
                0x00000398       0x2c ./cmsis_boot/system_MDR1986VE1T.o
 .ARM.attributes
                0x000003c4       0x2c ./main.o
 .ARM.attributes
                0x000003f0       0x2c e:/eclipse/forcontroller/source/basesoft/gcc-arm-9_2020-q2-update/bin/../lib/gcc/arm-none-eabi/9.3.1/../../../../arm-none-eabi/lib/thumb/v6-m/nofp\libstdc++_nano.a(atexit_arm.o)
 .ARM.attributes
                0x0000041c       0x2c e:/eclipse/forcontroller/source/basesoft/gcc-arm-9_2020-q2-update/bin/../lib/gcc/arm-none-eabi/9.3.1/../../../../arm-none-eabi/lib/thumb/v6-m/nofp\libstdc++_nano.a(del_op.o)
 .ARM.attributes
                0x00000448       0x2c e:/eclipse/forcontroller/source/basesoft/gcc-arm-9_2020-q2-update/bin/../lib/gcc/arm-none-eabi/9.3.1/../../../../arm-none-eabi/lib/thumb/v6-m/nofp\libg_nano.a(lib_a-cxa_atexit.o)
 .ARM.attributes
                0x00000474       0x2c e:/eclipse/forcontroller/source/basesoft/gcc-arm-9_2020-q2-update/bin/../lib/gcc/arm-none-eabi/9.3.1/../../../../arm-none-eabi/lib/thumb/v6-m/nofp\libg_nano.a(lib_a-exit.o)
 .ARM.attributes
                0x000004a0       0x2c e:/eclipse/forcontroller/source/basesoft/gcc-arm-9_2020-q2-update/bin/../lib/gcc/arm-none-eabi/9.3.1/../../../../arm-none-eabi/lib/thumb/v6-m/nofp\libg_nano.a(lib_a-impure.o)
 .ARM.attributes
                0x000004cc       0x2c e:/eclipse/forcontroller/source/basesoft/gcc-arm-9_2020-q2-update/bin/../lib/gcc/arm-none-eabi/9.3.1/../../../../arm-none-eabi/lib/thumb/v6-m/nofp\libg_nano.a(lib_a-init.o)
 .ARM.attributes
                0x000004f8       0x2c e:/eclipse/forcontroller/source/basesoft/gcc-arm-9_2020-q2-update/bin/../lib/gcc/arm-none-eabi/9.3.1/../../../../arm-none-eabi/lib/thumb/v6-m/nofp\libg_nano.a(lib_a-malloc.o)
 .ARM.attributes
                0x00000524       0x2c e:/eclipse/forcontroller/source/basesoft/gcc-arm-9_2020-q2-update/bin/../lib/gcc/arm-none-eabi/9.3.1/../../../../arm-none-eabi/lib/thumb/v6-m/nofp\libg_nano.a(lib_a-memcpy-stub.o)
 .ARM.attributes
                0x00000550       0x2c e:/eclipse/forcontroller/source/basesoft/gcc-arm-9_2020-q2-update/bin/../lib/gcc/arm-none-eabi/9.3.1/../../../../arm-none-eabi/lib/thumb/v6-m/nofp\libg_nano.a(lib_a-memset.o)
 .ARM.attributes
                0x0000057c       0x2c e:/eclipse/forcontroller/source/basesoft/gcc-arm-9_2020-q2-update/bin/../lib/gcc/arm-none-eabi/9.3.1/../../../../arm-none-eabi/lib/thumb/v6-m/nofp\libg_nano.a(lib_a-nano-freer.o)
 .ARM.attributes
                0x000005a8       0x2c e:/eclipse/forcontroller/source/basesoft/gcc-arm-9_2020-q2-update/bin/../lib/gcc/arm-none-eabi/9.3.1/../../../../arm-none-eabi/lib/thumb/v6-m/nofp\libg_nano.a(lib_a-nano-mallocr.o)
 .ARM.attributes
                0x000005d4       0x2c e:/eclipse/forcontroller/source/basesoft/gcc-arm-9_2020-q2-update/bin/../lib/gcc/arm-none-eabi/9.3.1/../../../../arm-none-eabi/lib/thumb/v6-m/nofp\libg_nano.a(lib_a-mlock.o)
 .ARM.attributes
                0x00000600       0x2c e:/eclipse/forcontroller/source/basesoft/gcc-arm-9_2020-q2-update/bin/../lib/gcc/arm-none-eabi/9.3.1/../../../../arm-none-eabi/lib/thumb/v6-m/nofp\libg_nano.a(lib_a-findfp.o)
 .ARM.attributes
                0x0000062c       0x2c e:/eclipse/forcontroller/source/basesoft/gcc-arm-9_2020-q2-update/bin/../lib/gcc/arm-none-eabi/9.3.1/../../../../arm-none-eabi/lib/thumb/v6-m/nofp\libg_nano.a(lib_a-lock.o)
 .ARM.attributes
                0x00000658       0x2c e:/eclipse/forcontroller/source/basesoft/gcc-arm-9_2020-q2-update/bin/../lib/gcc/arm-none-eabi/9.3.1/../../../../arm-none-eabi/lib/thumb/v6-m/nofp\libnosys.a(_exit.o)
 .ARM.attributes
                0x00000684       0x2c e:/eclipse/forcontroller/source/basesoft/gcc-arm-9_2020-q2-update/bin/../lib/gcc/arm-none-eabi/9.3.1/thumb/v6-m/nofp/crtend.o
 .ARM.attributes
                0x000006b0       0x1e e:/eclipse/forcontroller/source/basesoft/gcc-arm-9_2020-q2-update/bin/../lib/gcc/arm-none-eabi/9.3.1/thumb/v6-m/nofp/crtn.o

.comment        0x00000000       0x4c
 .comment       0x00000000       0x4c ./src/inits.o
                                 0x4d (size before relaxing)
 .comment       0x0000004c       0x4d ./mtr_libs/mtr_uart_base/mtr_uart_base.o
 .comment       0x0000004c       0x4d ./mtr_libs/mtr_timer/mtr_timer.o
 .comment       0x0000004c       0x4d ./mtr_libs/mtr_service/mtr_service.o
 .comment       0x0000004c       0x4d ./mtr_libs/mtr_port/mtr_port.o
 .comment       0x0000004c       0x4d ./mtr_libs/mtr_planner/mtr_planner.o
 .comment       0x0000004c       0x4d ./mtr_libs/mtr_eeprom/mtr_eeprom.o
 .comment       0x0000004c       0x4d ./mtr_libs/mtr_crc/mtr_crc.o
 .comment       0x0000004c       0x4d ./mtr_libs/BaseDataManager/BaseDataManager.o
 .comment       0x0000004c       0x4d ./cmsis_lib/src/MDR32F9Qx_dma.o
 .comment       0x0000004c       0x4d ./cmsis_lib/src/MDR32F9Qx_eeprom.o
 .comment       0x0000004c       0x4d ./cmsis_lib/src/MDR32F9Qx_eth.o
 .comment       0x0000004c       0x4d ./cmsis_lib/src/MDR32F9Qx_port.o
 .comment       0x0000004c       0x4d ./cmsis_lib/src/MDR32F9Qx_rst_clk.o
 .comment       0x0000004c       0x4d ./cmsis_lib/src/MDR32F9Qx_timer.o
 .comment       0x0000004c       0x4d ./cmsis_lib/src/MDR32F9Qx_uart.o
 .comment       0x0000004c       0x4d ./cmsis_lib/src/MDR32F9Qx_usb.o
 .comment       0x0000004c       0x4d ./cmsis_lib/src/MDR32F9Qx_usb_device.o
 .comment       0x0000004c       0x4d ./cmsis_boot/system_MDR1986VE1T.o
 .comment       0x0000004c       0x4d ./main.o

.debug_info     0x00000000    0x2baba
 .debug_info    0x00000000     0x9915 ./src/inits.o
 .debug_info    0x00009915     0x3133 ./mtr_libs/mtr_uart_base/mtr_uart_base.o
 .debug_info    0x0000ca48      0xeca ./mtr_libs/mtr_timer/mtr_timer.o
 .debug_info    0x0000d912     0x23f1 ./mtr_libs/mtr_service/mtr_service.o
 .debug_info    0x0000fd03      0xdc6 ./mtr_libs/mtr_port/mtr_port.o
 .debug_info    0x00010ac9     0x134b ./mtr_libs/mtr_planner/mtr_planner.o
 .debug_info    0x00011e14      0xe54 ./mtr_libs/mtr_eeprom/mtr_eeprom.o
 .debug_info    0x00012c68      0x294 ./mtr_libs/mtr_crc/mtr_crc.o
 .debug_info    0x00012efc     0xec99 ./mtr_libs/BaseDataManager/BaseDataManager.o
 .debug_info    0x00021b95      0x7a2 ./cmsis_lib/src/MDR32F9Qx_dma.o
 .debug_info    0x00022337      0x6c7 ./cmsis_lib/src/MDR32F9Qx_eeprom.o
 .debug_info    0x000229fe     0x1dab ./cmsis_lib/src/MDR32F9Qx_eth.o
 .debug_info    0x000247a9      0x6b1 ./cmsis_lib/src/MDR32F9Qx_port.o
 .debug_info    0x00024e5a      0xf01 ./cmsis_lib/src/MDR32F9Qx_rst_clk.o
 .debug_info    0x00025d5b     0x1ba0 ./cmsis_lib/src/MDR32F9Qx_timer.o
 .debug_info    0x000278fb      0x911 ./cmsis_lib/src/MDR32F9Qx_uart.o
 .debug_info    0x0002820c      0xfae ./cmsis_lib/src/MDR32F9Qx_usb.o
 .debug_info    0x000291ba     0x1ae2 ./cmsis_lib/src/MDR32F9Qx_usb_device.o
 .debug_info    0x0002ac9c       0x26 ./cmsis_boot/startup/startup_MDR1986VE1T.o
 .debug_info    0x0002acc2      0x220 ./cmsis_boot/system_MDR1986VE1T.o
 .debug_info    0x0002aee2      0xbd8 ./main.o

.debug_abbrev   0x00000000     0x44d0
 .debug_abbrev  0x00000000      0x8b7 ./src/inits.o
 .debug_abbrev  0x000008b7      0x511 ./mtr_libs/mtr_uart_base/mtr_uart_base.o
 .debug_abbrev  0x00000dc8      0x2a6 ./mtr_libs/mtr_timer/mtr_timer.o
 .debug_abbrev  0x0000106e      0x5cf ./mtr_libs/mtr_service/mtr_service.o
 .debug_abbrev  0x0000163d      0x241 ./mtr_libs/mtr_port/mtr_port.o
 .debug_abbrev  0x0000187e      0x390 ./mtr_libs/mtr_planner/mtr_planner.o
 .debug_abbrev  0x00001c0e      0x2ef ./mtr_libs/mtr_eeprom/mtr_eeprom.o
 .debug_abbrev  0x00001efd       0xe2 ./mtr_libs/mtr_crc/mtr_crc.o
 .debug_abbrev  0x00001fdf      0xbd1 ./mtr_libs/BaseDataManager/BaseDataManager.o
 .debug_abbrev  0x00002bb0      0x260 ./cmsis_lib/src/MDR32F9Qx_dma.o
 .debug_abbrev  0x00002e10      0x1c6 ./cmsis_lib/src/MDR32F9Qx_eeprom.o
 .debug_abbrev  0x00002fd6      0x388 ./cmsis_lib/src/MDR32F9Qx_eth.o
 .debug_abbrev  0x0000335e      0x1c4 ./cmsis_lib/src/MDR32F9Qx_port.o
 .debug_abbrev  0x00003522      0x1e9 ./cmsis_lib/src/MDR32F9Qx_rst_clk.o
 .debug_abbrev  0x0000370b      0x1dc ./cmsis_lib/src/MDR32F9Qx_timer.o
 .debug_abbrev  0x000038e7      0x244 ./cmsis_lib/src/MDR32F9Qx_uart.o
 .debug_abbrev  0x00003b2b      0x28a ./cmsis_lib/src/MDR32F9Qx_usb.o
 .debug_abbrev  0x00003db5      0x3ba ./cmsis_lib/src/MDR32F9Qx_usb_device.o
 .debug_abbrev  0x0000416f       0x14 ./cmsis_boot/startup/startup_MDR1986VE1T.o
 .debug_abbrev  0x00004183      0x104 ./cmsis_boot/system_MDR1986VE1T.o
 .debug_abbrev  0x00004287      0x249 ./main.o

.debug_loc      0x00000000     0xb24c
 .debug_loc     0x00000000      0x15e ./src/inits.o
 .debug_loc     0x0000015e     0x2435 ./mtr_libs/mtr_uart_base/mtr_uart_base.o
 .debug_loc     0x00002593      0x605 ./mtr_libs/mtr_timer/mtr_timer.o
 .debug_loc     0x00002b98      0xa69 ./mtr_libs/mtr_service/mtr_service.o
 .debug_loc     0x00003601      0x693 ./mtr_libs/mtr_port/mtr_port.o
 .debug_loc     0x00003c94      0x402 ./mtr_libs/mtr_planner/mtr_planner.o
 .debug_loc     0x00004096      0x2e9 ./mtr_libs/mtr_eeprom/mtr_eeprom.o
 .debug_loc     0x0000437f      0x232 ./mtr_libs/mtr_crc/mtr_crc.o
 .debug_loc     0x000045b1      0xae4 ./mtr_libs/BaseDataManager/BaseDataManager.o
 .debug_loc     0x00005095      0x3a0 ./cmsis_lib/src/MDR32F9Qx_dma.o
 .debug_loc     0x00005435      0x840 ./cmsis_lib/src/MDR32F9Qx_eeprom.o
 .debug_loc     0x00005c75     0x110c ./cmsis_lib/src/MDR32F9Qx_eth.o
 .debug_loc     0x00006d81      0x355 ./cmsis_lib/src/MDR32F9Qx_port.o
 .debug_loc     0x000070d6      0x94a ./cmsis_lib/src/MDR32F9Qx_rst_clk.o
 .debug_loc     0x00007a20     0x1650 ./cmsis_lib/src/MDR32F9Qx_timer.o
 .debug_loc     0x00009070      0x4b8 ./cmsis_lib/src/MDR32F9Qx_uart.o
 .debug_loc     0x00009528      0x51c ./cmsis_lib/src/MDR32F9Qx_usb.o
 .debug_loc     0x00009a44     0x1758 ./cmsis_lib/src/MDR32F9Qx_usb_device.o
 .debug_loc     0x0000b19c       0xb0 ./cmsis_boot/system_MDR1986VE1T.o

.debug_aranges  0x00000000     0x1018
 .debug_aranges
                0x00000000       0x48 ./src/inits.o
 .debug_aranges
                0x00000048      0x1b8 ./mtr_libs/mtr_uart_base/mtr_uart_base.o
 .debug_aranges
                0x00000200       0xb8 ./mtr_libs/mtr_timer/mtr_timer.o
 .debug_aranges
                0x000002b8      0x178 ./mtr_libs/mtr_service/mtr_service.o
 .debug_aranges
                0x00000430       0x90 ./mtr_libs/mtr_port/mtr_port.o
 .debug_aranges
                0x000004c0       0x98 ./mtr_libs/mtr_planner/mtr_planner.o
 .debug_aranges
                0x00000558       0x78 ./mtr_libs/mtr_eeprom/mtr_eeprom.o
 .debug_aranges
                0x000005d0       0x38 ./mtr_libs/mtr_crc/mtr_crc.o
 .debug_aranges
                0x00000608       0x90 ./mtr_libs/BaseDataManager/BaseDataManager.o
 .debug_aranges
                0x00000698       0x80 ./cmsis_lib/src/MDR32F9Qx_dma.o
 .debug_aranges
                0x00000718       0x68 ./cmsis_lib/src/MDR32F9Qx_eeprom.o
 .debug_aranges
                0x00000780       0xf0 ./cmsis_lib/src/MDR32F9Qx_eth.o
 .debug_aranges
                0x00000870       0x60 ./cmsis_lib/src/MDR32F9Qx_port.o
 .debug_aranges
                0x000008d0      0x138 ./cmsis_lib/src/MDR32F9Qx_rst_clk.o
 .debug_aranges
                0x00000a08      0x1d8 ./cmsis_lib/src/MDR32F9Qx_timer.o
 .debug_aranges
                0x00000be0       0xa0 ./cmsis_lib/src/MDR32F9Qx_uart.o
 .debug_aranges
                0x00000c80      0x1f8 ./cmsis_lib/src/MDR32F9Qx_usb.o
 .debug_aranges
                0x00000e78      0x138 ./cmsis_lib/src/MDR32F9Qx_usb_device.o
 .debug_aranges
                0x00000fb0       0x20 ./cmsis_boot/startup/startup_MDR1986VE1T.o
 .debug_aranges
                0x00000fd0       0x28 ./cmsis_boot/system_MDR1986VE1T.o
 .debug_aranges
                0x00000ff8       0x20 ./main.o

.debug_ranges   0x00000000     0x1030
 .debug_ranges  0x00000000       0x38 ./src/inits.o
 .debug_ranges  0x00000038      0x230 ./mtr_libs/mtr_uart_base/mtr_uart_base.o
 .debug_ranges  0x00000268       0xd8 ./mtr_libs/mtr_timer/mtr_timer.o
 .debug_ranges  0x00000340      0x1a0 ./mtr_libs/mtr_service/mtr_service.o
 .debug_ranges  0x000004e0       0x98 ./mtr_libs/mtr_port/mtr_port.o
 .debug_ranges  0x00000578       0x88 ./mtr_libs/mtr_planner/mtr_planner.o
 .debug_ranges  0x00000600       0x68 ./mtr_libs/mtr_eeprom/mtr_eeprom.o
 .debug_ranges  0x00000668       0x28 ./mtr_libs/mtr_crc/mtr_crc.o
 .debug_ranges  0x00000690       0x80 ./mtr_libs/BaseDataManager/BaseDataManager.o
 .debug_ranges  0x00000710       0x70 ./cmsis_lib/src/MDR32F9Qx_dma.o
 .debug_ranges  0x00000780       0x58 ./cmsis_lib/src/MDR32F9Qx_eeprom.o
 .debug_ranges  0x000007d8      0x110 ./cmsis_lib/src/MDR32F9Qx_eth.o
 .debug_ranges  0x000008e8       0x50 ./cmsis_lib/src/MDR32F9Qx_port.o
 .debug_ranges  0x00000938      0x128 ./cmsis_lib/src/MDR32F9Qx_rst_clk.o
 .debug_ranges  0x00000a60      0x1c8 ./cmsis_lib/src/MDR32F9Qx_timer.o
 .debug_ranges  0x00000c28       0x90 ./cmsis_lib/src/MDR32F9Qx_uart.o
 .debug_ranges  0x00000cb8      0x1e8 ./cmsis_lib/src/MDR32F9Qx_usb.o
 .debug_ranges  0x00000ea0      0x148 ./cmsis_lib/src/MDR32F9Qx_usb_device.o
 .debug_ranges  0x00000fe8       0x38 ./cmsis_boot/system_MDR1986VE1T.o
 .debug_ranges  0x00001020       0x10 ./main.o

.debug_macro    0x00000000     0xc7ec
 .debug_macro   0x00000000      0x79f ./src/inits.o
 .debug_macro   0x0000079f      0xbc8 ./src/inits.o
 .debug_macro   0x00001367       0x1c ./src/inits.o
 .debug_macro   0x00001383       0x22 ./src/inits.o
 .debug_macro   0x000013a5       0x8e ./src/inits.o
 .debug_macro   0x00001433       0x51 ./src/inits.o
 .debug_macro   0x00001484      0x103 ./src/inits.o
 .debug_macro   0x00001587       0x6a ./src/inits.o
 .debug_macro   0x000015f1      0x1df ./src/inits.o
 .debug_macro   0x000017d0       0x22 ./src/inits.o
 .debug_macro   0x000017f2       0x16 ./src/inits.o
 .debug_macro   0x00001808       0xc4 ./src/inits.o
 .debug_macro   0x000018cc       0x9f ./src/inits.o
 .debug_macro   0x0000196b       0x3a ./src/inits.o
 .debug_macro   0x000019a5       0x1f ./src/inits.o
 .debug_macro   0x000019c4      0x242 ./src/inits.o
 .debug_macro   0x00001c06     0x3ca8 ./src/inits.o
 .debug_macro   0x000058ae      0x3ae ./src/inits.o
 .debug_macro   0x00005c5c       0x64 ./src/inits.o
 .debug_macro   0x00005cc0       0x18 ./src/inits.o
 .debug_macro   0x00005cd8       0x35 ./src/inits.o
 .debug_macro   0x00005d0d       0x34 ./src/inits.o
 .debug_macro   0x00005d41      0x17b ./src/inits.o
 .debug_macro   0x00005ebc       0x16 ./src/inits.o
 .debug_macro   0x00005ed2       0x43 ./src/inits.o
 .debug_macro   0x00005f15       0x34 ./src/inits.o
 .debug_macro   0x00005f49       0x10 ./src/inits.o
 .debug_macro   0x00005f59       0x58 ./src/inits.o
 .debug_macro   0x00005fb1      0x182 ./src/inits.o
 .debug_macro   0x00006133       0x35 ./src/inits.o
 .debug_macro   0x00006168       0x3c ./src/inits.o
 .debug_macro   0x000061a4      0x100 ./src/inits.o
 .debug_macro   0x000062a4      0x286 ./src/inits.o
 .debug_macro   0x0000652a       0x28 ./src/inits.o
 .debug_macro   0x00006552       0x10 ./src/inits.o
 .debug_macro   0x00006562       0xdf ./src/inits.o
 .debug_macro   0x00006641      0x424 ./src/inits.o
 .debug_macro   0x00006a65      0x262 ./src/inits.o
 .debug_macro   0x00006cc7       0x46 ./src/inits.o
 .debug_macro   0x00006d0d       0x16 ./src/inits.o
 .debug_macro   0x00006d23       0x16 ./src/inits.o
 .debug_macro   0x00006d39       0x9a ./src/inits.o
 .debug_macro   0x00006dd3       0x10 ./src/inits.o
 .debug_macro   0x00006de3       0x10 ./src/inits.o
 .debug_macro   0x00006df3       0x10 ./src/inits.o
 .debug_macro   0x00006e03      0x17c ./src/inits.o
 .debug_macro   0x00006f7f       0x10 ./src/inits.o
 .debug_macro   0x00006f8f       0x9e ./src/inits.o
 .debug_macro   0x0000702d       0xfd ./src/inits.o
 .debug_macro   0x0000712a      0x392 ./src/inits.o
 .debug_macro   0x000074bc       0x28 ./src/inits.o
 .debug_macro   0x000074e4       0x6a ./src/inits.o
 .debug_macro   0x0000754e       0x18 ./src/inits.o
 .debug_macro   0x00007566       0x2e ./src/inits.o
 .debug_macro   0x00007594       0x1c ./src/inits.o
 .debug_macro   0x000075b0       0x10 ./src/inits.o
 .debug_macro   0x000075c0       0x18 ./src/inits.o
 .debug_macro   0x000075d8       0x6e ./src/inits.o
 .debug_macro   0x00007646       0x2e ./src/inits.o
 .debug_macro   0x00007674       0x1f ./src/inits.o
 .debug_macro   0x00007693       0x88 ./src/inits.o
 .debug_macro   0x0000771b       0x19 ./src/inits.o
 .debug_macro   0x00007734       0x22 ./src/inits.o
 .debug_macro   0x00007756       0x3c ./src/inits.o
 .debug_macro   0x00007792      0x35c ./src/inits.o
 .debug_macro   0x00007aee       0x10 ./src/inits.o
 .debug_macro   0x00007afe       0x10 ./src/inits.o
 .debug_macro   0x00007b0e       0x33 ./src/inits.o
 .debug_macro   0x00007b41      0x173 ./src/inits.o
 .debug_macro   0x00007cb4       0x11 ./src/inits.o
 .debug_macro   0x00007cc5       0x17 ./src/inits.o
 .debug_macro   0x00007cdc       0x5e ./src/inits.o
 .debug_macro   0x00007d3a       0x16 ./src/inits.o
 .debug_macro   0x00007d50       0x52 ./src/inits.o
 .debug_macro   0x00007da2       0x5e ./src/inits.o
 .debug_macro   0x00007e00       0x11 ./src/inits.o
 .debug_macro   0x00007e11       0x11 ./src/inits.o
 .debug_macro   0x00007e22       0x11 ./src/inits.o
 .debug_macro   0x00007e33       0x2f ./src/inits.o
 .debug_macro   0x00007e62       0x16 ./src/inits.o
 .debug_macro   0x00007e78       0x10 ./src/inits.o
 .debug_macro   0x00007e88      0x120 ./src/inits.o
 .debug_macro   0x00007fa8       0x17 ./src/inits.o
 .debug_macro   0x00007fbf       0x10 ./src/inits.o
 .debug_macro   0x00007fcf       0x16 ./src/inits.o
 .debug_macro   0x00007fe5       0x16 ./src/inits.o
 .debug_macro   0x00007ffb       0x29 ./src/inits.o
 .debug_macro   0x00008024       0x1c ./src/inits.o
 .debug_macro   0x00008040       0xde ./src/inits.o
 .debug_macro   0x0000811e       0x1c ./src/inits.o
 .debug_macro   0x0000813a       0x10 ./src/inits.o
 .debug_macro   0x0000814a       0x1c ./src/inits.o
 .debug_macro   0x00008166       0x52 ./src/inits.o
 .debug_macro   0x000081b8       0x22 ./src/inits.o
 .debug_macro   0x000081da       0x10 ./src/inits.o
 .debug_macro   0x000081ea       0x40 ./src/inits.o
 .debug_macro   0x0000822a       0xd5 ./src/inits.o
 .debug_macro   0x000082ff       0x1c ./src/inits.o
 .debug_macro   0x0000831b       0x3d ./src/inits.o
 .debug_macro   0x00008358       0x16 ./src/inits.o
 .debug_macro   0x0000836e      0x130 ./src/inits.o
 .debug_macro   0x0000849e      0x11d ./src/inits.o
 .debug_macro   0x000085bb       0x10 ./src/inits.o
 .debug_macro   0x000085cb      0x241 ./src/inits.o
 .debug_macro   0x0000880c      0x55a ./src/inits.o
 .debug_macro   0x00008d66       0x70 ./src/inits.o
 .debug_macro   0x00008dd6       0xa0 ./src/inits.o
 .debug_macro   0x00008e76      0x230 ./mtr_libs/mtr_uart_base/mtr_uart_base.o
 .debug_macro   0x000090a6       0x34 ./mtr_libs/mtr_uart_base/mtr_uart_base.o
 .debug_macro   0x000090da      0x174 ./mtr_libs/mtr_uart_base/mtr_uart_base.o
 .debug_macro   0x0000924e       0x43 ./mtr_libs/mtr_uart_base/mtr_uart_base.o
 .debug_macro   0x00009291      0x339 ./mtr_libs/mtr_uart_base/mtr_uart_base.o
 .debug_macro   0x000095ca       0x35 ./mtr_libs/mtr_uart_base/mtr_uart_base.o
 .debug_macro   0x000095ff       0x10 ./mtr_libs/mtr_uart_base/mtr_uart_base.o
 .debug_macro   0x0000960f      0x104 ./mtr_libs/mtr_timer/mtr_timer.o
 .debug_macro   0x00009713      0x41e ./mtr_libs/mtr_timer/mtr_timer.o
 .debug_macro   0x00009b31      0x20c ./mtr_libs/mtr_service/mtr_service.o
 .debug_macro   0x00009d3d       0x22 ./mtr_libs/mtr_service/mtr_service.o
 .debug_macro   0x00009d5f      0x10a ./mtr_libs/mtr_port/mtr_port.o
 .debug_macro   0x00009e69      0x1f5 ./mtr_libs/mtr_planner/mtr_planner.o
 .debug_macro   0x0000a05e      0x19f ./mtr_libs/mtr_eeprom/mtr_eeprom.o
 .debug_macro   0x0000a1fd       0x6a ./mtr_libs/mtr_eeprom/mtr_eeprom.o
 .debug_macro   0x0000a267       0x6d ./mtr_libs/mtr_crc/mtr_crc.o
 .debug_macro   0x0000a2d4      0x690 ./mtr_libs/BaseDataManager/BaseDataManager.o
 .debug_macro   0x0000a964       0x5e ./mtr_libs/BaseDataManager/BaseDataManager.o
 .debug_macro   0x0000a9c2       0x94 ./mtr_libs/BaseDataManager/BaseDataManager.o
 .debug_macro   0x0000aa56       0x57 ./mtr_libs/BaseDataManager/BaseDataManager.o
 .debug_macro   0x0000aaad       0x1c ./mtr_libs/BaseDataManager/BaseDataManager.o
 .debug_macro   0x0000aac9       0x1c ./mtr_libs/BaseDataManager/BaseDataManager.o
 .debug_macro   0x0000aae5      0x1d1 ./mtr_libs/BaseDataManager/BaseDataManager.o
 .debug_macro   0x0000acb6       0x2b ./mtr_libs/BaseDataManager/BaseDataManager.o
 .debug_macro   0x0000ace1       0x2d ./mtr_libs/BaseDataManager/BaseDataManager.o
 .debug_macro   0x0000ad0e       0x26 ./mtr_libs/BaseDataManager/BaseDataManager.o
 .debug_macro   0x0000ad34       0xe8 ./cmsis_lib/src/MDR32F9Qx_dma.o
 .debug_macro   0x0000ae1c      0x3bc ./cmsis_lib/src/MDR32F9Qx_dma.o
 .debug_macro   0x0000b1d8       0xfa ./cmsis_lib/src/MDR32F9Qx_eeprom.o
 .debug_macro   0x0000b2d2      0x265 ./cmsis_lib/src/MDR32F9Qx_eth.o
 .debug_macro   0x0000b537      0x1a9 ./cmsis_lib/src/MDR32F9Qx_eth.o
 .debug_macro   0x0000b6e0      0x16f ./cmsis_lib/src/MDR32F9Qx_eth.o
 .debug_macro   0x0000b84f       0xdc ./cmsis_lib/src/MDR32F9Qx_port.o
 .debug_macro   0x0000b92b      0x1e0 ./cmsis_lib/src/MDR32F9Qx_rst_clk.o
 .debug_macro   0x0000bb0b       0xdc ./cmsis_lib/src/MDR32F9Qx_timer.o
 .debug_macro   0x0000bbe7      0x133 ./cmsis_lib/src/MDR32F9Qx_uart.o
 .debug_macro   0x0000bd1a      0x25c ./cmsis_lib/src/MDR32F9Qx_uart.o
 .debug_macro   0x0000bf76       0xf1 ./cmsis_lib/src/MDR32F9Qx_usb.o
 .debug_macro   0x0000c067      0x136 ./cmsis_lib/src/MDR32F9Qx_usb_device.o
 .debug_macro   0x0000c19d       0xc3 ./cmsis_boot/system_MDR1986VE1T.o
 .debug_macro   0x0000c260      0x2a4 ./main.o
 .debug_macro   0x0000c504       0x16 ./main.o
 .debug_macro   0x0000c51a       0x97 ./main.o
 .debug_macro   0x0000c5b1      0x104 ./main.o
 .debug_macro   0x0000c6b5      0x137 ./main.o

.debug_line     0x00000000     0xf9c2
 .debug_line    0x00000000     0x15a5 ./src/inits.o
 .debug_line    0x000015a5     0x1851 ./mtr_libs/mtr_uart_base/mtr_uart_base.o
 .debug_line    0x00002df6      0x8ca ./mtr_libs/mtr_timer/mtr_timer.o
 .debug_line    0x000036c0     0x1155 ./mtr_libs/mtr_service/mtr_service.o
 .debug_line    0x00004815      0x986 ./mtr_libs/mtr_port/mtr_port.o
 .debug_line    0x0000519b      0x942 ./mtr_libs/mtr_planner/mtr_planner.o
 .debug_line    0x00005add      0x6c5 ./mtr_libs/mtr_eeprom/mtr_eeprom.o
 .debug_line    0x000061a2      0x37e ./mtr_libs/mtr_crc/mtr_crc.o
 .debug_line    0x00006520     0x1163 ./mtr_libs/BaseDataManager/BaseDataManager.o
 .debug_line    0x00007683      0x876 ./cmsis_lib/src/MDR32F9Qx_dma.o
 .debug_line    0x00007ef9      0xbf6 ./cmsis_lib/src/MDR32F9Qx_eeprom.o
 .debug_line    0x00008aef     0x13cf ./cmsis_lib/src/MDR32F9Qx_eth.o
 .debug_line    0x00009ebe      0x6be ./cmsis_lib/src/MDR32F9Qx_port.o
 .debug_line    0x0000a57c     0x103c ./cmsis_lib/src/MDR32F9Qx_rst_clk.o
 .debug_line    0x0000b5b8     0x1431 ./cmsis_lib/src/MDR32F9Qx_timer.o
 .debug_line    0x0000c9e9      0x7ec ./cmsis_lib/src/MDR32F9Qx_uart.o
 .debug_line    0x0000d1d5      0xb3d ./cmsis_lib/src/MDR32F9Qx_usb.o
 .debug_line    0x0000dd12     0x1148 ./cmsis_lib/src/MDR32F9Qx_usb_device.o
 .debug_line    0x0000ee5a       0x7c ./cmsis_boot/startup/startup_MDR1986VE1T.o
 .debug_line    0x0000eed6      0x43c ./cmsis_boot/system_MDR1986VE1T.o
 .debug_line    0x0000f312      0x6b0 ./main.o

.debug_str      0x00000000    0x4e230
 .debug_str     0x00000000    0x39d26 ./src/inits.o
                              0x3a4ca (size before relaxing)
 .debug_str     0x00039d26     0x14b6 ./mtr_libs/mtr_uart_base/mtr_uart_base.o
                              0x25d48 (size before relaxing)
 .debug_str     0x0003b1dc      0x368 ./mtr_libs/mtr_timer/mtr_timer.o
                              0x20204 (size before relaxing)
 .debug_str     0x0003b544      0x53d ./mtr_libs/mtr_service/mtr_service.o
                              0x20ce5 (size before relaxing)
 .debug_str     0x0003ba81      0x544 ./mtr_libs/mtr_port/mtr_port.o
                              0x1d6be (size before relaxing)
 .debug_str     0x0003bfc5      0x299 ./mtr_libs/mtr_planner/mtr_planner.o
                              0x2026f (size before relaxing)
 .debug_str     0x0003c25e      0x1bf ./mtr_libs/mtr_eeprom/mtr_eeprom.o
                              0x1e99a (size before relaxing)
 .debug_str     0x0003c41d       0x56 ./mtr_libs/mtr_crc/mtr_crc.o
                               0x3c68 (size before relaxing)
 .debug_str     0x0003c473     0x81d1 ./mtr_libs/BaseDataManager/BaseDataManager.o
                              0x3cdcd (size before relaxing)
 .debug_str     0x00044644     0x1fe5 ./cmsis_lib/src/MDR32F9Qx_dma.o
                              0x1a9ac (size before relaxing)
 .debug_str     0x00046629      0x1b6 ./cmsis_lib/src/MDR32F9Qx_eeprom.o
                              0x18f65 (size before relaxing)
 .debug_str     0x000467df      0xe48 ./cmsis_lib/src/MDR32F9Qx_eth.o
                              0x219af (size before relaxing)
 .debug_str     0x00047627      0x121 ./cmsis_lib/src/MDR32F9Qx_port.o
                              0x19628 (size before relaxing)
 .debug_str     0x00047748      0xae9 ./cmsis_lib/src/MDR32F9Qx_rst_clk.o
                              0x1c357 (size before relaxing)
 .debug_str     0x00048231      0x79e ./cmsis_lib/src/MDR32F9Qx_timer.o
                              0x1c873 (size before relaxing)
 .debug_str     0x000489cf      0x361 ./cmsis_lib/src/MDR32F9Qx_uart.o
                              0x1cf27 (size before relaxing)
 .debug_str     0x00048d30     0x3f59 ./cmsis_lib/src/MDR32F9Qx_usb.o
                              0x1f736 (size before relaxing)
 .debug_str     0x0004cc89     0x1518 ./cmsis_lib/src/MDR32F9Qx_usb_device.o
                              0x209f6 (size before relaxing)
 .debug_str     0x0004e1a1       0x3a ./cmsis_boot/startup/startup_MDR1986VE1T.o
                                 0x65 (size before relaxing)